07-10 00:16:54.387  4370  4370 F DEBUG   :     x8   0000000000000083  x9   ffffffffffffffdf  x10  0000000000000000  x11  0000000000000001
07-10 00:16:54.387  4370  4370 F DEBUG   :     x12  0000000000000018  x13  0000000000000000  x14  0000000000000000  x15  0013895471a19e38
07-10 00:16:54.387  4370  4370 F DEBUG   :     x16  0000007d358fded0  x17  0000007d358a7a2c  x18  0000000000000000  x19  0000007d35d56b40
07-10 00:16:54.387  4370  4370 F DEBUG   :     x20  0000000000000006  x21  0000007d35d56a98  x22  0000000000000002  x23  0000007d35a25a74
07-10 00:16:54.387  4370  4370 F DEBUG   :     x24  0000000000000000  x25  0000000000000000  x26  0000000000000000  x27  0000000000000000
07-10 00:16:54.388  4370  4370 F DEBUG   :     x28  0000000000000000  x29  0000007fccdda8c0  x30  0000007d358a4e58
07-10 00:16:54.388  4370  4370 F DEBUG   :     sp   0000007fccdda8a0  pc   0000007d358a7a34  pstate 0000000060000000
07-10 00:16:54.393  4370  4370 F DEBUG   : 
07-10 00:16:54.393  4370  4370 F DEBUG   : backtrace:
07-10 00:16:54.393  4370  4370 F DEBUG   :     #00 pc 000000000006ba34  /system/lib64/libc.so (tgkill+8)
07-10 00:16:54.393  4370  4370 F DEBUG   :     #01 pc 0000000000068e54  /system/lib64/libc.so (pthread_kill+64)
07-10 00:16:54.393  4370  4370 F DEBUG   :     #02 pc 0000000000023ed8  /system/lib64/libc.so (raise+24)
07-10 00:16:54.393  4370  4370 F DEBUG   :     #03 pc 000000000001c790  /system/lib64/libc.so (abort+52)
07-10 00:16:54.393  4370  4370 F DEBUG   :     #04 pc 00000000000055ec  /system/lib64/liblog.so (__android_log_assert+224)
07-10 00:16:54.393  4370  4370 F DEBUG   :     #05 pc 00000000000080fc  /system/lib64/libinputflingerhost.so (_ZN7android11InputDriverC1EPKc+180)
07-10 00:16:54.393  4370  4370 F DEBUG   :     #06 pc 0000000000007648  /system/lib64/libinputflingerhost.so (_ZN7android12InputFlingerC1Ev+312)
07-10 00:16:54.393  4370  4370 F DEBUG   :     #07 pc 0000000000000cb4  /system/bin/inputflinger
07-10 00:16:54.394  4370  4370 F DEBUG   :     #08 pc 0000000000000c2c  /system/bin/inputflinger
07-10 00:16:54.394  4370  4370 F DEBUG   :     #09 pc 000000000001a514  /system/lib64/libc.so (__libc_init+88)
07-10 00:16:54.394  4370  4370 F DEBUG   :     #10 pc 0000000000000b38  /system/bin/inputflinger
07-10 00:16:54.435   893  1870 W NativeCrashListener: Couldn't find ProcessRecord for pid 4369
07-10 00:16:54.438   893   911 I BootReceiver: Copying /data/tombstones/tombstone_09 to DropBox (SYSTEM_TOMBSTONE)
07-10 00:16:54.756   893   914 I WindowManager: Destroying surface Surface(name=Android System) called by com.android.server.wm.WindowStateAnimator.destroySurface:2014 com.android.server.wm.WindowStateAnimator.destroySurfaceLocked:881 com.android.server.wm.WindowState.destroyOrSaveSurface:2073 com.android.server.wm.WindowSurfacePlacer.performSurfacePlacementInner:429 com.android.server.wm.WindowSurfacePlacer.performSurfacePlacementLoop:232 com.android.server.wm.WindowSurfacePlacer.performSurfacePlacement:180 com.android.server.wm.WindowManagerService$H.handleMessage:8079 android.os.Handler.dispatchMessage:102 
07-10 00:16:54.757   893   914 W AppOps  : Finishing op nesting under-run: uid 1000 pkg android code 24 time=0 duration=0 nesting=0
07-10 00:16:56.976   893  1439 I ActivityManager: START u0 {act=android.intent.action.MAIN cat=[android.intent.category.LAUNCHER] flg=0x10200000 cmp=com.qeexo.gripsuppressiondemo/.GSDemoActivity (has extras)} from uid 10014 on display 0
07-10 00:16:57.035   893  3239 I ActivityManager: Start proc 4440:com.qeexo.gripsuppressiondemo/u0a39 for activity com.qeexo.gripsuppressiondemo/.GSDemoActivity
07-10 00:16:57.543   893   905 I WindowManager: Destroying surface Surface(name=com.android.launcher3/com.android.launcher3.Launcher) called by com.android.server.wm.WindowStateAnimator.destroySurface:2014 com.android.server.wm.WindowStateAnimator.destroySurfaceLocked:881 com.android.server.wm.WindowState.destroyOrSaveSurface:2073 com.android.server.wm.AppWindowToken.destroySurfaces:363 com.android.server.wm.AppWindowToken.notifyAppStopped:389 com.android.server.wm.WindowManagerService.notifyAppStopped:4456 com.android.server.am.ActivityStack.activityStoppedLocked:1252 com.android.server.am.ActivityManagerService.activityStopped:6873 
07-10 00:16:57.709   893   914 I WindowManager: Destroying surface Surface(name=Starting com.qeexo.gripsuppressiondemo) called by com.android.server.wm.WindowStateAnimator.destroySurface:2014 com.android.server.wm.WindowStateAnimator.destroySurfaceLocked:881 com.android.server.wm.WindowState.destroyOrSaveSurface:2073 com.android.server.wm.AppWindowToken.destroySurfaces:363 com.android.server.wm.WindowStateAnimator.finishExit:565 com.android.server.wm.WindowStateAnimator.stepAnimationLocked:491 com.android.server.wm.WindowAnimator.updateWindowsLocked:303 com.android.server.wm.WindowAnimator.animateLocked:704 
07-10 00:16:59.675   893   907 I ActivityManager: Waited long enough for: ServiceRecord{936f528 u0 com.android.calendar/.alerts.InitAlarmsService}
07-10 00:16:59.698  4568  4568 F libc    : Fatal signal 6 (SIGABRT), code -6 in tid 4568 (inputflinger)
07-10 00:16:59.755  4571  4571 F DEBUG   : *** *** *** *** *** *** *** *** *** *** *** *** *** *** *** ***
07-10 00:16:59.755  4571  4571 F DEBUG   : Build fingerprint: 'Android/aosp_angler/angler:7.0/NRD90M/lvlian:userdebug/test-keys'
07-10 00:16:59.755  4571  4571 F DEBUG   : Revision: '0'
07-10 00:16:59.755  4571  4571 F DEBUG   : ABI: 'arm64'
07-10 00:16:59.755  4571  4571 F DEBUG   : pid: 4568, tid: 4568, name: inputflinger  >>> /system/bin/inputflinger <<<
07-10 00:16:59.756  4571  4571 F DEBUG   : signal 6 (SIGABRT), code -6 (SI_TKILL), fault addr --------
07-10 00:16:59.759  4571  4571 F DEBUG   : Abort message: 'Input module evdev not found'
07-10 00:16:59.759  4571  4571 F DEBUG   :     x0   0000000000000000  x1   00000000000011d8  x2   0000000000000006  x3   0000000000000008
07-10 00:16:59.759  4571  4571 F DEBUG   :     x4   0000000000000000  x5   0000000000000000  x6   00000071b7363000  x7   0000000000000000
07-10 00:16:59.759  4571  4571 F DEBUG   :     x8   0000000000000083  x9   ffffffffffffffdf  x10  0000000000000000  x11  0000000000000001
07-10 00:16:59.759  4571  4571 F DEBUG   :     x12  0000000000000018  x13  0000000000000000  x14  0000000000000000  x15  00299e9fbeaab2d5
07-10 00:16:59.759  4571  4571 F DEBUG   :     x16  00000071b6f6eed0  x17  00000071b6f18a2c  x18  0000000000000000  x19  00000071b7416b40
07-10 00:16:59.759  4571  4571 F DEBUG   :     x20  0000000000000006  x21  00000071b7416a98  x22  0000000000000002  x23  00000071b7226a74
07-10 00:16:59.760  4571  4571 F DEBUG   :     x24  0000000000000000  x25  0000000000000000  x26  0000000000000000  x27  0000000000000000
07-10 00:16:59.760  4571  4571 F DEBUG   :     x28  0000000000000000  x29  0000007ffac6b0f0  x30  00000071b6f15e58
07-10 00:16:59.760  4571  4571 F DEBUG   :     sp   0000007ffac6b0d0  pc   00000071b6f18a34  pstate 0000000060000000
07-10 00:16:59.764  4571  4571 F DEBUG   : 
07-10 00:16:59.764  4571  4571 F DEBUG   : backtrace:
07-10 00:16:59.765  4571  4571 F DEBUG   :     #00 pc 000000000006ba34  /system/lib64/libc.so (tgkill+8)
07-10 00:16:59.765  4571  4571 F DEBUG   :     #01 pc 0000000000068e54  /system/lib64/libc.so (pthread_kill+64)
07-10 00:16:59.765  4571  4571 F DEBUG   :     #02 pc 0000000000023ed8  /system/lib64/libc.so (raise+24)
07-10 00:16:59.765  4571  4571 F DEBUG   :     #03 pc 000000000001c790  /system/lib64/libc.so (abort+52)
07-10 00:16:59.765  4571  4571 F DEBUG   :     #04 pc 00000000000055ec  /system/lib64/liblog.so (__android_log_assert+224)
07-10 00:16:59.765  4571  4571 F DEBUG   :     #05 pc 00000000000080fc  /system/lib64/libinputflingerhost.so (_ZN7android11InputDriverC1EPKc+180)
07-10 00:16:59.765  4571  4571 F DEBUG   :     #06 pc 0000000000007648  /system/lib64/libinputflingerhost.so (_ZN7android12InputFlingerC1Ev+312)
07-10 00:16:59.765  4571  4571 F DEBUG   :     #07 pc 0000000000000cb4  /system/bin/inputflinger
07-10 00:16:59.765  4571  4571 F DEBUG   :     #08 pc 0000000000000c2c  /system/bin/inputflinger
07-10 00:16:59.765  4571  4571 F DEBUG   :     #09 pc 000000000001a514  /system/lib64/libc.so (__libc_init+88)
07-10 00:16:59.765  4571  4571 F DEBUG   :     #10 pc 0000000000000b38  /system/bin/inputflinger
07-10 00:16:59.804   893  1870 W NativeCrashListener: Couldn't find ProcessRecord for pid 4568
07-10 00:16:59.807   893   911 I BootReceiver: Copying /data/tombstones/tombstone_00 to DropBox (SYSTEM_TOMBSTONE)
07-10 00:17:04.398  4623  4623 F libc    : Fatal signal 6 (SIGABRT), code -6 in tid 4623 (inputflinger)
07-10 00:17:04.454  4624  4624 F DEBUG   : *** *** *** *** *** *** *** *** *** *** *** *** *** *** *** ***
07-10 00:17:04.454  4624  4624 F DEBUG   : Build fingerprint: 'Android/aosp_angler/angler:7.0/NRD90M/lvlian:userdebug/test-keys'
07-10 00:17:04.454  4624  4624 F DEBUG   : Revision: '0'
07-10 00:17:04.454  4624  4624 F DEBUG   : ABI: 'arm64'
07-10 00:17:04.454  4624  4624 F DEBUG   : pid: 4623, tid: 4623, name: inputflinger  >>> /system/bin/inputflinger <<<
07-10 00:17:04.454  4624  4624 F DEBUG   : signal 6 (SIGABRT), code -6 (SI_TKILL), fault addr --------
07-10 00:17:04.456  4624  4624 F DEBUG   : Abort message: 'Input module evdev not found'
07-10 00:17:04.456  4624  4624 F DEBUG   :     x0   0000000000000000  x1   000000000000120f  x2   0000000000000006  x3   0000000000000008
07-10 00:17:04.456  4624  4624 F DEBUG   :     x4   0000000000000000  x5   0000000000000000  x6   0000007d81fba000  x7   0000000000000000
07-10 00:17:04.456  4624  4624 F DEBUG   :     x8   0000000000000083  x9   ffffffffffffffdf  x10  0000000000000000  x11  0000000000000001
07-10 00:17:04.456  4624  4624 F DEBUG   :     x12  0000000000000018  x13  0000000000000000  x14  0000000000000000  x15  0017ba100b6d16e8
07-10 00:17:04.456  4624  4624 F DEBUG   :     x16  0000007d81b48ed0  x17  0000007d81af2a2c  x18  0000000000000000  x19  0000007d8206db40
07-10 00:17:04.456  4624  4624 F DEBUG   :     x20  0000000000000006  x21  0000007d8206da98  x22  0000000000000002  x23  0000007d81a11a74
07-10 00:17:04.456  4624  4624 F DEBUG   :     x24  0000000000000000  x25  0000000000000000  x26  0000000000000000  x27  0000000000000000
07-10 00:17:04.456  4624  4624 F DEBUG   :     x28  0000000000000000  x29  0000007fced90630  x30  0000007d81aefe58
07-10 00:17:04.456  4624  4624 F DEBUG   :     sp   0000007fced90610  pc   0000007d81af2a34  pstate 0000000060000000
07-10 00:17:04.460  4624  4624 F DEBUG   : 
07-10 00:17:04.460  4624  4624 F DEBUG   : backtrace:
07-10 00:17:04.460  4624  4624 F DEBUG   :     #00 pc 000000000006ba34  /system/lib64/libc.so (tgkill+8)
07-10 00:17:04.460  4624  4624 F DEBUG   :     #01 pc 0000000000068e54  /system/lib64/libc.so (pthread_kill+64)
07-10 00:17:04.460  4624  4624 F DEBUG   :     #02 pc 0000000000023ed8  /system/lib64/libc.so (raise+24)
07-10 00:17:04.461  4624  4624 F DEBUG   :     #03 pc 000000000001c790  /system/lib64/libc.so (abort+52)
07-10 00:17:04.461  4624  4624 F DEBUG   :     #04 pc 00000000000055ec  /system/lib64/liblog.so (__android_log_assert+224)
07-10 00:17:04.461  4624  4624 F DEBUG   :     #05 pc 00000000000080fc  /system/lib64/libinputflingerhost.so (_ZN7android11InputDriverC1EPKc+180)
07-10 00:17:04.461  4624  4624 F DEBUG   :     #06 pc 0000000000007648  /system/lib64/libinputflingerhost.so (_ZN7android12InputFlingerC1Ev+312)
07-10 00:17:04.461  4624  4624 F DEBUG   :     #07 pc 0000000000000cb4  /system/bin/inputflinger
07-10 00:17:04.461  4624  4624 F DEBUG   :     #08 pc 0000000000000c2c  /system/bin/inputflinger
07-10 00:17:04.461  4624  4624 F DEBUG   :     #09 pc 000000000001a514  /system/lib64/libc.so (__libc_init+88)
07-10 00:17:04.461  4624  4624 F DEBUG   :     #10 pc 0000000000000b38  /system/bin/inputflinger
07-10 00:17:04.492   893  1870 W NativeCrashListener: Couldn't find ProcessRecord for pid 4623
07-10 00:17:04.494   893   911 I BootReceiver: Copying /data/tombstones/tombstone_01 to DropBox (SYSTEM_TOMBSTONE)
07-10 00:17:09.699  4672  4672 F libc    : Fatal signal 6 (SIGABRT), code -6 in tid 4672 (inputflinger)
07-10 00:17:09.757  4673  4673 F DEBUG   : *** *** *** *** *** *** *** *** *** *** *** *** *** *** *** ***
07-10 00:17:09.757  4673  4673 F DEBUG   : Build fingerprint: 'Android/aosp_angler/angler:7.0/NRD90M/lvlian:userdebug/test-keys'
07-10 00:17:09.757  4673  4673 F DEBUG   : Revision: '0'
07-10 00:17:09.757  4673  4673 F DEBUG   : ABI: 'arm64'
07-10 00:17:09.757  4673  4673 F DEBUG   : pid: 4672, tid: 4672, name: inputflinger  >>> /system/bin/inputflinger <<<
07-10 00:17:09.757  4673  4673 F DEBUG   : signal 6 (SIGABRT), code -6 (SI_TKILL), fault addr --------
07-10 00:17:09.759  4673  4673 F DEBUG   : Abort message: 'Input module evdev not found'
07-10 00:17:09.759  4673  4673 F DEBUG   :     x0   0000000000000000  x1   0000000000001240  x2   0000000000000006  x3   0000000000000008
07-10 00:17:09.759  4673  4673 F DEBUG   :     x4   0000000000000000  x5   0000000000000000  x6   00000075a60a1000  x7   0000000000000000
07-10 00:17:09.760  4673  4673 F DEBUG   :     x8   0000000000000083  x9   ffffffffffffffdf  x10  0000000000000000  x11  0000000000000001
07-10 00:17:09.760  4673  4673 F DEBUG   :     x12  0000000000000018  x13  0000000000000000  x14  0000000000000000  x15  0029b3b20eddec7e
07-10 00:17:09.760  4673  4673 F DEBUG   :     x16  00000075a5cdfed0  x17  00000075a5c89a2c  x18  0000000000000000  x19  00000075a6154b40
07-10 00:17:09.760  4673  4673 F DEBUG   :     x20  0000000000000006  x21  00000075a6154a98  x22  0000000000000002  x23  00000075a5e73a74
07-10 00:17:09.760  4673  4673 F DEBUG   :     x24  0000000000000000  x25  0000000000000000  x26  0000000000000000  x27  0000000000000000
07-10 00:17:09.760  4673  4673 F DEBUG   :     x28  0000000000000000  x29  0000007fc73851b0  x30  00000075a5c86e58
07-10 00:17:09.760  4673  4673 F DEBUG   :     sp   0000007fc7385190  pc   00000075a5c89a34  pstate 0000000060000000
07-10 00:17:09.764  4673  4673 F DEBUG   : 
07-10 00:17:09.764  4673  4673 F DEBUG   : backtrace:
07-10 00:17:09.765  4673  4673 F DEBUG   :     #00 pc 000000000006ba34  /system/lib64/libc.so (tgkill+8)
07-10 00:17:09.765  4673  4673 F DEBUG   :     #01 pc 0000000000068e54  /system/lib64/libc.so (pthread_kill+64)
07-10 00:17:09.765  4673  4673 F DEBUG   :     #02 pc 0000000000023ed8  /system/lib64/libc.so (raise+24)
07-10 00:17:09.765  4673  4673 F DEBUG   :     #03 pc 000000000001c790  /system/lib64/libc.so (abort+52)
07-10 00:17:09.765  4673  4673 F DEBUG   :     #04 pc 00000000000055ec  /system/lib64/liblog.so (__android_log_assert+224)
07-10 00:17:09.765  4673  4673 F DEBUG   :     #05 pc 00000000000080fc  /system/lib64/libinputflingerhost.so (_ZN7android11InputDriverC1EPKc+180)
07-10 00:17:09.765  4673  4673 F DEBUG   :     #06 pc 0000000000007648  /system/lib64/libinputflingerhost.so (_ZN7android12InputFlingerC1Ev+312)
07-10 00:17:09.765  4673  4673 F DEBUG   :     #07 pc 0000000000000cb4  /system/bin/inputflinger
07-10 00:17:09.765  4673  4673 F DEBUG   :     #08 pc 0000000000000c2c  /system/bin/inputflinger
07-10 00:17:09.765  4673  4673 F DEBUG   :     #09 pc 000000000001a514  /system/lib64/libc.so (__libc_init+88)
07-10 00:17:09.765  4673  4673 F DEBUG   :     #10 pc 0000000000000b38  /system/bin/inputflinger
07-10 00:17:09.802   893  1870 W NativeCrashListener: Couldn't find ProcessRecord for pid 4672
07-10 00:17:09.809   893   911 I BootReceiver: Copying /data/tombstones/tombstone_02 to DropBox (SYSTEM_TOMBSTONE)
07-10 00:17:14.866  4697  4697 F libc    : Fatal signal 6 (SIGABRT), code -6 in tid 4697 (inputflinger)
07-10 00:17:14.922  4698  4698 F DEBUG   : *** *** *** *** *** *** *** *** *** *** *** *** *** *** *** ***
07-10 00:17:14.923  4698  4698 F DEBUG   : Build fingerprint: 'Android/aosp_angler/angler:7.0/NRD90M/lvlian:userdebug/test-keys'
07-10 00:17:14.923  4698  4698 F DEBUG   : Revision: '0'
07-10 00:17:14.923  4698  4698 F DEBUG   : ABI: 'arm64'
07-10 00:17:14.923  4698  4698 F DEBUG   : pid: 4697, tid: 4697, name: inputflinger  >>> /system/bin/inputflinger <<<
07-10 00:17:14.923  4698  4698 F DEBUG   : signal 6 (SIGABRT), code -6 (SI_TKILL), fault addr --------
07-10 00:17:14.925  4698  4698 F DEBUG   : Abort message: 'Input module evdev not found'
07-10 00:17:14.926  4698  4698 F DEBUG   :     x0   0000000000000000  x1   0000000000001259  x2   0000000000000006  x3   0000000000000008
07-10 00:17:14.926  4698  4698 F DEBUG   :     x4   0000000000000000  x5   0000000000000000  x6   00000078ffa7e000  x7   0000000000000000
07-10 00:17:14.926  4698  4698 F DEBUG   :     x8   0000000000000083  x9   ffffffffffffffdf  x10  0000000000000000  x11  0000000000000001
07-10 00:17:14.926  4698  4698 F DEBUG   :     x12  0000000000000018  x13  0000000000000000  x14  0000000000000000  x15  00339e6d32010903
07-10 00:17:14.926  4698  4698 F DEBUG   :     x16  00000078ff6c8ed0  x17  00000078ff672a2c  x18  0000000000000000  x19  00000078ffb31b40
07-10 00:17:14.926  4698  4698 F DEBUG   :     x20  0000000000000006  x21  00000078ffb31a98  x22  0000000000000002  x23  00000078ff953a74
07-10 00:17:14.926  4698  4698 F DEBUG   :     x24  0000000000000000  x25  0000000000000000  x26  0000000000000000  x27  0000000000000000
07-10 00:17:14.926  4698  4698 F DEBUG   :     x28  0000000000000000  x29  0000007ffc7d1000  x30  00000078ff66fe58
07-10 00:17:14.926  4698  4698 F DEBUG   :     sp   0000007ffc7d0fe0  pc   00000078ff672a34  pstate 0000000060000000
07-10 00:17:14.930  4698  4698 F DEBUG   : 
07-10 00:17:14.930  4698  4698 F DEBUG   : backtrace:
07-10 00:17:14.930  4698  4698 F DEBUG   :     #00 pc 000000000006ba34  /system/lib64/libc.so (tgkill+8)
07-10 00:17:14.930  4698  4698 F DEBUG   :     #01 pc 0000000000068e54  /system/lib64/libc.so (pthread_kill+64)
07-10 00:17:14.931  4698  4698 F DEBUG   :     #02 pc 0000000000023ed8  /system/lib64/libc.so (raise+24)
07-10 00:17:14.931  4698  4698 F DEBUG   :     #03 pc 000000000001c790  /system/lib64/libc.so (abort+52)
07-10 00:17:14.931  4698  4698 F DEBUG   :     #04 pc 00000000000055ec  /system/lib64/liblog.so (__android_log_assert+224)
07-10 00:17:14.931  4698  4698 F DEBUG   :     #05 pc 00000000000080fc  /system/lib64/libinputflingerhost.so (_ZN7android11InputDriverC1EPKc+180)
07-10 00:17:14.931  4698  4698 F DEBUG   :     #06 pc 0000000000007648  /system/lib64/libinputflingerhost.so (_ZN7android12InputFlingerC1Ev+312)
07-10 00:17:14.931  4698  4698 F DEBUG   :     #07 pc 0000000000000cb4  /system/bin/inputflinger
07-10 00:17:14.931  4698  4698 F DEBUG   :     #08 pc 0000000000000c2c  /system/bin/inputflinger
07-10 00:17:14.931  4698  4698 F DEBUG   :     #09 pc 000000000001a514  /system/lib64/libc.so (__libc_init+88)
07-10 00:17:14.931  4698  4698 F DEBUG   :     #10 pc 0000000000000b38  /system/bin/inputflinger
07-10 00:17:14.964   893  1870 W NativeCrashListener: Couldn't find ProcessRecord for pid 4697
07-10 00:17:14.967   893   911 I BootReceiver: Copying /data/tombstones/tombstone_03 to DropBox (SYSTEM_TOMBSTONE)
07-10 00:17:19.719  4725  4725 F libc    : Fatal signal 6 (SIGABRT), code -6 in tid 4725 (inputflinger)
07-10 00:17:19.775  4726  4726 F DEBUG   : *** *** *** *** *** *** *** *** *** *** *** *** *** *** *** ***
07-10 00:17:19.776  4726  4726 F DEBUG   : Build fingerprint: 'Android/aosp_angler/angler:7.0/NRD90M/lvlian:userdebug/test-keys'
07-10 00:17:19.776  4726  4726 F DEBUG   : Revision: '0'
07-10 00:17:19.776  4726  4726 F DEBUG   : ABI: 'arm64'
07-10 00:17:19.776  4726  4726 F DEBUG   : pid: 4725, tid: 4725, name: inputflinger  >>> /system/bin/inputflinger <<<
07-10 00:17:19.776  4726  4726 F DEBUG   : signal 6 (SIGABRT), code -6 (SI_TKILL), fault addr --------
07-10 00:17:19.777  4726  4726 F DEBUG   : Abort message: 'Input module evdev not found'
07-10 00:17:19.777  4726  4726 F DEBUG   :     x0   0000000000000000  x1   0000000000001275  x2   0000000000000006  x3   0000000000000008
07-10 00:17:19.777  4726  4726 F DEBUG   :     x4   0000000000000000  x5   0000000000000000  x6   000000767dd4a000  x7   0000000000000000
07-10 00:17:19.777  4726  4726 F DEBUG   :     x8   0000000000000083  x9   ffffffffffffffdf  x10  0000000000000000  x11  0000000000000001
07-10 00:17:19.777  4726  4726 F DEBUG   :     x12  0000000000000018  x13  0000000000000000  x14  0000000000000000  x15  002ae131ede9be3b
07-10 00:17:19.778  4726  4726 F DEBUG   :     x16  000000767d847ed0  x17  000000767d7f1a2c  x18  0000000000000000  x19  000000767ddfdb40
07-10 00:17:19.778  4726  4726 F DEBUG   :     x20  0000000000000006  x21  000000767ddfda98  x22  0000000000000002  x23  000000767da81a74
07-10 00:17:19.778  4726  4726 F DEBUG   :     x24  0000000000000000  x25  0000000000000000  x26  0000000000000000  x27  0000000000000000
07-10 00:17:19.778  4726  4726 F DEBUG   :     x28  0000000000000000  x29  0000007fc7e12450  x30  000000767d7eee58
07-10 00:17:19.778  4726  4726 F DEBUG   :     sp   0000007fc7e12430  pc   000000767d7f1a34  pstate 0000000060000000
07-10 00:17:19.781  4726  4726 F DEBUG   : 
07-10 00:17:19.781  4726  4726 F DEBUG   : backtrace:
07-10 00:17:19.781  4726  4726 F DEBUG   :     #00 pc 000000000006ba34  /system/lib64/libc.so (tgkill+8)
07-10 00:17:19.781  4726  4726 F DEBUG   :     #01 pc 0000000000068e54  /system/lib64/libc.so (pthread_kill+64)
07-10 00:17:19.781  4726  4726 F DEBUG   :     #02 pc 0000000000023ed8  /system/lib64/libc.so (raise+24)
07-10 00:17:19.781  4726  4726 F DEBUG   :     #03 pc 000000000001c790  /system/lib64/libc.so (abort+52)
07-10 00:17:19.781  4726  4726 F DEBUG   :     #04 pc 00000000000055ec  /system/lib64/liblog.so (__android_log_assert+224)
07-10 00:17:19.781  4726  4726 F DEBUG   :     #05 pc 00000000000080fc  /system/lib64/libinputflingerhost.so (_ZN7android11InputDriverC1EPKc+180)
07-10 00:17:19.781  4726  4726 F DEBUG   :     #06 pc 0000000000007648  /system/lib64/libinputflingerhost.so (_ZN7android12InputFlingerC1Ev+312)
07-10 00:17:19.781  4726  4726 F DEBUG   :     #07 pc 0000000000000cb4  /system/bin/inputflinger
07-10 00:17:19.782  4726  4726 F DEBUG   :     #08 pc 0000000000000c2c  /system/bin/inputflinger
07-10 00:17:19.782  4726  4726 F DEBUG   :     #09 pc 000000000001a514  /system/lib64/libc.so (__libc_init+88)
07-10 00:17:19.782  4726  4726 F DEBUG   :     #10 pc 0000000000000b38  /system/bin/inputflinger
07-10 00:17:19.808   893  1870 W NativeCrashListener: Couldn't find ProcessRecord for pid 4725
07-10 00:17:19.810   893   911 I BootReceiver: Copying /data/tombstones/tombstone_04 to DropBox (SYSTEM_TOMBSTONE)
07-10 00:17:24.412  4761  4761 F libc    : Fatal signal 6 (SIGABRT), code -6 in tid 4761 (inputflinger)
07-10 00:17:24.468  4762  4762 F DEBUG   : *** *** *** *** *** *** *** *** *** *** *** *** *** *** *** ***
07-10 00:17:24.468  4762  4762 F DEBUG   : Build fingerprint: 'Android/aosp_angler/angler:7.0/NRD90M/lvlian:userdebug/test-keys'
07-10 00:17:24.468  4762  4762 F DEBUG   : Revision: '0'
07-10 00:17:24.468  4762  4762 F DEBUG   : ABI: 'arm64'
07-10 00:17:24.469  4762  4762 F DEBUG   : pid: 4761, tid: 4761, name: inputflinger  >>> /system/bin/inputflinger <<<
07-10 00:17:24.469  4762  4762 F DEBUG   : signal 6 (SIGABRT), code -6 (SI_TKILL), fault addr --------
07-10 00:17:24.470  4762  4762 F DEBUG   : Abort message: 'Input module evdev not found'
07-10 00:17:24.470  4762  4762 F DEBUG   :     x0   0000000000000000  x1   0000000000001299  x2   0000000000000006  x3   0000000000000008
07-10 00:17:24.471  4762  4762 F DEBUG   :     x4   0000000000000000  x5   0000000000000000  x6   00000071b268d000  x7   0000000000000000
07-10 00:17:24.471  4762  4762 F DEBUG   :     x8   0000000000000083  x9   ffffffffffffffdf  x10  0000000000000000  x11  0000000000000001
07-10 00:17:24.471  4762  4762 F DEBUG   :     x12  0000000000000018  x13  0000000000000000  x14  0000000000000000  x15  001897b7e04a88a6
07-10 00:17:24.471  4762  4762 F DEBUG   :     x16  00000071b2246ed0  x17  00000071b21f0a2c  x18  0000000000000000  x19  00000071b2740b40
07-10 00:17:24.471  4762  4762 F DEBUG   :     x20  0000000000000006  x21  00000071b2740a98  x22  0000000000000002  x23  00000071b2103a74
07-10 00:17:24.471  4762  4762 F DEBUG   :     x24  0000000000000000  x25  0000000000000000  x26  0000000000000000  x27  0000000000000000
07-10 00:17:24.471  4762  4762 F DEBUG   :     x28  0000000000000000  x29  0000007fe05b39d0  x30  00000071b21ede58
07-10 00:17:24.471  4762  4762 F DEBUG   :     sp   0000007fe05b39b0  pc   00000071b21f0a34  pstate 0000000060000000
07-10 00:17:24.475  4762  4762 F DEBUG   : 
07-10 00:17:24.475  4762  4762 F DEBUG   : backtrace:
07-10 00:17:24.475  4762  4762 F DEBUG   :     #00 pc 000000000006ba34  /system/lib64/libc.so (tgkill+8)
07-10 00:17:24.475  4762  4762 F DEBUG   :     #01 pc 0000000000068e54  /system/lib64/libc.so (pthread_kill+64)
07-10 00:17:24.475  4762  4762 F DEBUG   :     #02 pc 0000000000023ed8  /system/lib64/libc.so (raise+24)
07-10 00:17:24.475  4762  4762 F DEBUG   :     #03 pc 000000000001c790  /system/lib64/libc.so (abort+52)
07-10 00:17:24.475  4762  4762 F DEBUG   :     #04 pc 00000000000055ec  /system/lib64/liblog.so (__android_log_assert+224)
07-10 00:17:24.475  4762  4762 F DEBUG   :     #05 pc 00000000000080fc  /system/lib64/libinputflingerhost.so (_ZN7android11InputDriverC1EPKc+180)
07-10 00:17:24.475  4762  4762 F DEBUG   :     #06 pc 0000000000007648  /system/lib64/libinputflingerhost.so (_ZN7android12InputFlingerC1Ev+312)
07-10 00:17:24.475  4762  4762 F DEBUG   :     #07 pc 0000000000000cb4  /system/bin/inputflinger
07-10 00:17:24.476  4762  4762 F DEBUG   :     #08 pc 0000000000000c2c  /system/bin/inputflinger
07-10 00:17:24.476  4762  4762 F DEBUG   :     #09 pc 000000000001a514  /system/lib64/libc.so (__libc_init+88)
07-10 00:17:24.476  4762  4762 F DEBUG   :     #10 pc 0000000000000b38  /system/bin/inputflinger
07-10 00:17:24.516   893  1870 W NativeCrashListener: Couldn't find ProcessRecord for pid 4761
07-10 00:17:24.519   893   911 I BootReceiver: Copying /data/tombstones/tombstone_05 to DropBox (SYSTEM_TOMBSTONE)
07-10 00:17:29.396  4795  4795 F libc    : Fatal signal 6 (SIGABRT), code -6 in tid 4795 (inputflinger)
07-10 00:17:29.452  4796  4796 F DEBUG   : *** *** *** *** *** *** *** *** *** *** *** *** *** *** *** ***
07-10 00:17:29.452  4796  4796 F DEBUG   : Build fingerprint: 'Android/aosp_angler/angler:7.0/NRD90M/lvlian:userdebug/test-keys'
07-10 00:17:29.452  4796  4796 F DEBUG   : Revision: '0'
07-10 00:17:29.452  4796  4796 F DEBUG   : ABI: 'arm64'
07-10 00:17:29.452  4796  4796 F DEBUG   : pid: 4795, tid: 4795, name: inputflinger  >>> /system/bin/inputflinger <<<
07-10 00:17:29.452  4796  4796 F DEBUG   : signal 6 (SIGABRT), code -6 (SI_TKILL), fault addr --------
07-10 00:17:29.454  4796  4796 F DEBUG   : Abort message: 'Input module evdev not found'
07-10 00:17:29.454  4796  4796 F DEBUG   :     x0   0000000000000000  x1   00000000000012bb  x2   0000000000000006  x3   0000000000000008
07-10 00:17:29.454  4796  4796 F DEBUG   :     x4   0000000000000000  x5   0000000000000000  x6   0000007b6b171000  x7   0000000000000000
07-10 00:17:29.454  4796  4796 F DEBUG   :     x8   0000000000000083  x9   ffffffffffffffdf  x10  0000000000000000  x11  0000000000000001
07-10 00:17:29.454  4796  4796 F DEBUG   :     x12  0000000000000018  x13  0000000000000000  x14  0000000000000000  x15  00179a24d2c6d584
07-10 00:17:29.454  4796  4796 F DEBUG   :     x16  0000007b6b066ed0  x17  0000007b6b010a2c  x18  0000000000000000  x19  0000007b6b224b40
07-10 00:17:29.454  4796  4796 F DEBUG   :     x20  0000000000000006  x21  0000007b6b224a98  x22  0000000000000002  x23  0000007b6add2a74
07-10 00:17:29.454  4796  4796 F DEBUG   :     x24  0000000000000000  x25  0000000000000000  x26  0000000000000000  x27  0000000000000000
07-10 00:17:29.454  4796  4796 F DEBUG   :     x28  0000000000000000  x29  0000007fdc365b40  x30  0000007b6b00de58
07-10 00:17:29.454  4796  4796 F DEBUG   :     sp   0000007fdc365b20  pc   0000007b6b010a34  pstate 0000000060000000
07-10 00:17:29.458  4796  4796 F DEBUG   : 
07-10 00:17:29.458  4796  4796 F DEBUG   : backtrace:
07-10 00:17:29.458  4796  4796 F DEBUG   :     #00 pc 000000000006ba34  /system/lib64/libc.so (tgkill+8)
07-10 00:17:29.458  4796  4796 F DEBUG   :     #01 pc 0000000000068e54  /system/lib64/libc.so (pthread_kill+64)
07-10 00:17:29.458  4796  4796 F DEBUG   :     #02 pc 0000000000023ed8  /system/lib64/libc.so (raise+24)
07-10 00:17:29.458  4796  4796 F DEBUG   :     #03 pc 000000000001c790  /system/lib64/libc.so (abort+52)
07-10 00:17:29.458  4796  4796 F DEBUG   :     #04 pc 00000000000055ec  /system/lib64/liblog.so (__android_log_assert+224)
07-10 00:17:29.458  4796  4796 F DEBUG   :     #05 pc 00000000000080fc  /system/lib64/libinputflingerhost.so (_ZN7android11InputDriverC1EPKc+180)
07-10 00:17:29.458  4796  4796 F DEBUG   :     #06 pc 0000000000007648  /system/lib64/libinputflingerhost.so (_ZN7android12InputFlingerC1Ev+312)
07-10 00:17:29.458  4796  4796 F DEBUG   :     #07 pc 0000000000000cb4  /system/bin/inputflinger
07-10 00:17:29.458  4796  4796 F DEBUG   :     #08 pc 0000000000000c2c  /system/bin/inputflinger
07-10 00:17:29.458  4796  4796 F DEBUG   :     #09 pc 000000000001a514  /system/lib64/libc.so (__libc_init+88)
07-10 00:17:29.459  4796  4796 F DEBUG   :     #10 pc 0000000000000b38  /system/bin/inputflinger
07-10 00:17:29.495   893  1870 W NativeCrashListener: Couldn't find ProcessRecord for pid 4795
07-10 00:17:29.498   893   911 I BootReceiver: Copying /data/tombstones/tombstone_06 to DropBox (SYSTEM_TOMBSTONE)
07-10 00:17:34.555  4830  4830 F libc    : Fatal signal 6 (SIGABRT), code -6 in tid 4830 (inputflinger)
07-10 00:17:34.612  4831  4831 F DEBUG   : *** *** *** *** *** *** *** *** *** *** *** *** *** *** *** ***
07-10 00:17:34.612  4831  4831 F DEBUG   : Build fingerprint: 'Android/aosp_angler/angler:7.0/NRD90M/lvlian:userdebug/test-keys'
07-10 00:17:34.612  4831  4831 F DEBUG   : Revision: '0'
07-10 00:17:34.613  4831  4831 F DEBUG   : ABI: 'arm64'
07-10 00:17:34.613  4831  4831 F DEBUG   : pid: 4830, tid: 4830, name: inputflinger  >>> /system/bin/inputflinger <<<
07-10 00:17:34.613  4831  4831 F DEBUG   : signal 6 (SIGABRT), code -6 (SI_TKILL), fault addr --------
07-10 00:17:34.614  4831  4831 F DEBUG   : Abort message: 'Input module evdev not found'
07-10 00:17:34.614  4831  4831 F DEBUG   :     x0   0000000000000000  x1   00000000000012de  x2   0000000000000006  x3   0000000000000008
07-10 00:17:34.615  4831  4831 F DEBUG   :     x4   0000000000000000  x5   0000000000000000  x6   00000078d3518000  x7   0000000000000000
07-10 00:17:34.615  4831  4831 F DEBUG   :     x8   0000000000000083  x9   ffffffffffffffdf  x10  0000000000000000  x11  0000000000000001
07-10 00:17:34.615  4831  4831 F DEBUG   :     x12  0000000000000018  x13  0000000000000000  x14  0000000000000000  x15  002119b718aa6d16
07-10 00:17:34.615  4831  4831 F DEBUG   :     x16  00000078d2fdced0  x17  00000078d2f86a2c  x18  0000000000000000  x19  00000078d35cbb40
07-10 00:17:34.615  4831  4831 F DEBUG   :     x20  0000000000000006  x21  00000078d35cba98  x22  0000000000000002  x23  00000078d3083a74
07-10 00:17:34.615  4831  4831 F DEBUG   :     x24  0000000000000000  x25  0000000000000000  x26  0000000000000000  x27  0000000000000000
07-10 00:17:34.615  4831  4831 F DEBUG   :     x28  0000000000000000  x29  0000007fd8842b30  x30  00000078d2f83e58
07-10 00:17:34.615  4831  4831 F DEBUG   :     sp   0000007fd8842b10  pc   00000078d2f86a34  pstate 0000000060000000
07-10 00:17:34.619  4831  4831 F DEBUG   : 
07-10 00:17:34.619  4831  4831 F DEBUG   : backtrace:
07-10 00:17:34.619  4831  4831 F DEBUG   :     #00 pc 000000000006ba34  /system/lib64/libc.so (tgkill+8)
07-10 00:17:34.619  4831  4831 F DEBUG   :     #01 pc 0000000000068e54  /system/lib64/libc.so (pthread_kill+64)
07-10 00:17:34.619  4831  4831 F DEBUG   :     #02 pc 0000000000023ed8  /system/lib64/libc.so (raise+24)
07-10 00:17:34.619  4831  4831 F DEBUG   :     #03 pc 000000000001c790  /system/lib64/libc.so (abort+52)
07-10 00:17:34.619  4831  4831 F DEBUG   :     #04 pc 00000000000055ec  /system/lib64/liblog.so (__android_log_assert+224)
07-10 00:17:34.619  4831  4831 F DEBUG   :     #05 pc 00000000000080fc  /system/lib64/libinputflingerhost.so (_ZN7android11InputDriverC1EPKc+180)
07-10 00:17:34.619  4831  4831 F DEBUG   :     #06 pc 0000000000007648  /system/lib64/libinputflingerhost.so (_ZN7android12InputFlingerC1Ev+312)
07-10 00:17:34.619  4831  4831 F DEBUG   :     #07 pc 0000000000000cb4  /system/bin/inputflinger
07-10 00:17:34.620  4831  4831 F DEBUG   :     #08 pc 0000000000000c2c  /system/bin/inputflinger
07-10 00:17:34.620  4831  4831 F DEBUG   :     #09 pc 000000000001a514  /system/lib64/libc.so (__libc_init+88)
07-10 00:17:34.620  4831  4831 F DEBUG   :     #10 pc 0000000000000b38  /system/bin/inputflinger
07-10 00:17:34.655   893  1870 W NativeCrashListener: Couldn't find ProcessRecord for pid 4830
07-10 00:17:34.658   893   911 I BootReceiver: Copying /data/tombstones/tombstone_07 to DropBox (SYSTEM_TOMBSTONE)
07-10 00:17:39.423  4865  4865 F libc    : Fatal signal 6 (SIGABRT), code -6 in tid 4865 (inputflinger)
07-10 00:17:39.478  4866  4866 F DEBUG   : *** *** *** *** *** *** *** *** *** *** *** *** *** *** *** ***
07-10 00:17:39.478  4866  4866 F DEBUG   : Build fingerprint: 'Android/aosp_angler/angler:7.0/NRD90M/lvlian:userdebug/test-keys'
07-10 00:17:39.478  4866  4866 F DEBUG   : Revision: '0'
07-10 00:17:39.478  4866  4866 F DEBUG   : ABI: 'arm64'
07-10 00:17:39.479  4866  4866 F DEBUG   : pid: 4865, tid: 4865, name: inputflinger  >>> /system/bin/inputflinger <<<
07-10 00:17:39.479  4866  4866 F DEBUG   : signal 6 (SIGABRT), code -6 (SI_TKILL), fault addr --------
07-10 00:17:39.480  4866  4866 F DEBUG   : Abort message: 'Input module evdev not found'
07-10 00:17:39.480  4866  4866 F DEBUG   :     x0   0000000000000000  x1   0000000000001301  x2   0000000000000006  x3   0000000000000008
07-10 00:17:39.480  4866  4866 F DEBUG   :     x4   0000000000000000  x5   0000000000000000  x6   00000079d2608000  x7   0000000000000000
07-10 00:17:39.480  4866  4866 F DEBUG   :     x8   0000000000000083  x9   ffffffffffffffdf  x10  0000000000000000  x11  0000000000000001
07-10 00:17:39.480  4866  4866 F DEBUG   :     x12  0000000000000018  x13  0000000000000000  x14  0000000000000000  x15  001937cfb4404153
07-10 00:17:39.480  4866  4866 F DEBUG   :     x16  00000079d2376ed0  x17  00000079d2320a2c  x18  0000000000000000  x19  00000079d26bbb40
07-10 00:17:39.480  4866  4866 F DEBUG   :     x20  0000000000000006  x21  00000079d26bba98  x22  0000000000000002  x23  00000079d23dba74
07-10 00:17:39.481  4866  4866 F DEBUG   :     x24  0000000000000000  x25  0000000000000000  x26  0000000000000000  x27  0000000000000000
07-10 00:17:39.481  4866  4866 F DEBUG   :     x28  0000000000000000  x29  0000007fc946ad10  x30  00000079d231de58
07-10 00:17:39.481  4866  4866 F DEBUG   :     sp   0000007fc946acf0  pc   00000079d2320a34  pstate 0000000060000000
07-10 00:17:39.485  4866  4866 F DEBUG   : 
07-10 00:17:39.485  4866  4866 F DEBUG   : backtrace:
07-10 00:17:39.485  4866  4866 F DEBUG   :     #00 pc 000000000006ba34  /system/lib64/libc.so (tgkill+8)
07-10 00:17:39.485  4866  4866 F DEBUG   :     #01 pc 0000000000068e54  /system/lib64/libc.so (pthread_kill+64)
07-10 00:17:39.485  4866  4866 F DEBUG   :     #02 pc 0000000000023ed8  /system/lib64/libc.so (raise+24)
07-10 00:17:39.485  4866  4866 F DEBUG   :     #03 pc 000000000001c790  /system/lib64/libc.so (abort+52)
07-10 00:17:39.485  4866  4866 F DEBUG   :     #04 pc 00000000000055ec  /system/lib64/liblog.so (__android_log_assert+224)
07-10 00:17:39.485  4866  4866 F DEBUG   :     #05 pc 00000000000080fc  /system/lib64/libinputflingerhost.so (_ZN7android11InputDriverC1EPKc+180)
07-10 00:17:39.485  4866  4866 F DEBUG   :     #06 pc 0000000000007648  /system/lib64/libinputflingerhost.so (_ZN7android12InputFlingerC1Ev+312)
07-10 00:17:39.485  4866  4866 F DEBUG   :     #07 pc 0000000000000cb4  /system/bin/inputflinger
07-10 00:17:39.485  4866  4866 F DEBUG   :     #08 pc 0000000000000c2c  /system/bin/inputflinger
07-10 00:17:39.485  4866  4866 F DEBUG   :     #09 pc 000000000001a514  /system/lib64/libc.so (__libc_init+88)
07-10 00:17:39.485  4866  4866 F DEBUG   :     #10 pc 0000000000000b38  /system/bin/inputflinger
07-10 00:17:39.519   893  1870 W NativeCrashListener: Couldn't find ProcessRecord for pid 4865
07-10 00:17:39.522   893   911 I BootReceiver: Copying /data/tombstones/tombstone_08 to DropBox (SYSTEM_TOMBSTONE)
07-10 00:17:44.492  4897  4897 F libc    : Fatal signal 6 (SIGABRT), code -6 in tid 4897 (inputflinger)
07-10 00:17:44.548  4901  4901 F DEBUG   : *** *** *** *** *** *** *** *** *** *** *** *** *** *** *** ***
07-10 00:17:44.548  4901  4901 F DEBUG   : Build fingerprint: 'Android/aosp_angler/angler:7.0/NRD90M/lvlian:userdebug/test-keys'
07-10 00:17:44.548  4901  4901 F DEBUG   : Revision: '0'
07-10 00:17:44.548  4901  4901 F DEBUG   : ABI: 'arm64'
07-10 00:17:44.549  4901  4901 F DEBUG   : pid: 4897, tid: 4897, name: inputflinger  >>> /system/bin/inputflinger <<<
07-10 00:17:44.549  4901  4901 F DEBUG   : signal 6 (SIGABRT), code -6 (SI_TKILL), fault addr --------
07-10 00:17:44.551  4901  4901 F DEBUG   : Abort message: 'Input module evdev not found'
07-10 00:17:44.551  4901  4901 F DEBUG   :     x0   0000000000000000  x1   0000000000001321  x2   0000000000000006  x3   0000000000000008
07-10 00:17:44.551  4901  4901 F DEBUG   :     x4   0000000000000000  x5   0000000000000000  x6   00000075f9896000  x7   0000000000000000
07-10 00:17:44.551  4901  4901 F DEBUG   :     x8   0000000000000083  x9   ffffffffffffffdf  x10  0000000000000000  x11  0000000000000001
07-10 00:17:44.551  4901  4901 F DEBUG   :     x12  0000000000000018  x13  0000000000000000  x14  0000000000000000  x15  001d4ea524d8a1ab
07-10 00:17:44.551  4901  4901 F DEBUG   :     x16  00000075f9543ed0  x17  00000075f94eda2c  x18  0000000000000000  x19  00000075f9949b40
07-10 00:17:44.551  4901  4901 F DEBUG   :     x20  0000000000000006  x21  00000075f9949a98  x22  0000000000000002  x23  00000075f96f5a74
07-10 00:17:44.551  4901  4901 F DEBUG   :     x24  0000000000000000  x25  0000000000000000  x26  0000000000000000  x27  0000000000000000
07-10 00:17:44.551  4901  4901 F DEBUG   :     x28  0000000000000000  x29  0000007fd1aded40  x30  00000075f94eae58
07-10 00:17:44.551  4901  4901 F DEBUG   :     sp   0000007fd1aded20  pc   00000075f94eda34  pstate 0000000060000000
07-10 00:17:44.555  4901  4901 F DEBUG   : 
07-10 00:17:44.555  4901  4901 F DEBUG   : backtrace:
07-10 00:17:44.555  4901  4901 F DEBUG   :     #00 pc 000000000006ba34  /system/lib64/libc.so (tgkill+8)
07-10 00:17:44.555  4901  4901 F DEBUG   :     #01 pc 0000000000068e54  /system/lib64/libc.so (pthread_kill+64)
07-10 00:17:44.555  4901  4901 F DEBUG   :     #02 pc 0000000000023ed8  /system/lib64/libc.so (raise+24)
07-10 00:17:44.556  4901  4901 F DEBUG   :     #03 pc 000000000001c790  /system/lib64/libc.so (abort+52)
07-10 00:17:44.556  4901  4901 F DEBUG   :     #04 pc 00000000000055ec  /system/lib64/liblog.so (__android_log_assert+224)
07-10 00:17:44.556  4901  4901 F DEBUG   :     #05 pc 00000000000080fc  /system/lib64/libinputflingerhost.so (_ZN7android11InputDriverC1EPKc+180)
07-10 00:17:44.556  4901  4901 F DEBUG   :     #06 pc 0000000000007648  /system/lib64/libinputflingerhost.so (_ZN7android12InputFlingerC1Ev+312)
07-10 00:17:44.556  4901  4901 F DEBUG   :     #07 pc 0000000000000cb4  /system/bin/inputflinger
07-10 00:17:44.556  4901  4901 F DEBUG   :     #08 pc 0000000000000c2c  /system/bin/inputflinger
07-10 00:17:44.556  4901  4901 F DEBUG   :     #09 pc 000000000001a514  /system/lib64/libc.so (__libc_init+88)
07-10 00:17:44.556  4901  4901 F DEBUG   :     #10 pc 0000000000000b38  /system/bin/inputflinger
07-10 00:17:44.589   893  1870 W NativeCrashListener: Couldn't find ProcessRecord for pid 4897
07-10 00:17:44.591   893   911 I BootReceiver: Copying /data/tombstones/tombstone_09 to DropBox (SYSTEM_TOMBSTONE)
07-10 00:17:49.418  4930  4930 F libc    : Fatal signal 6 (SIGABRT), code -6 in tid 4930 (inputflinger)
07-10 00:17:49.476  4931  4931 F DEBUG   : *** *** *** *** *** *** *** *** *** *** *** *** *** *** *** ***
07-10 00:17:49.477  4931  4931 F DEBUG   : Build fingerprint: 'Android/aosp_angler/angler:7.0/NRD90M/lvlian:userdebug/test-keys'
07-10 00:17:49.477  4931  4931 F DEBUG   : Revision: '0'
07-10 00:17:49.477  4931  4931 F DEBUG   : ABI: 'arm64'
07-10 00:17:49.477  4931  4931 F DEBUG   : pid: 4930, tid: 4930, name: inputflinger  >>> /system/bin/inputflinger <<<
07-10 00:17:49.477  4931  4931 F DEBUG   : signal 6 (SIGABRT), code -6 (SI_TKILL), fault addr --------
07-10 00:17:49.479  4931  4931 F DEBUG   : Abort message: 'Input module evdev not found'
07-10 00:17:49.480  4931  4931 F DEBUG   :     x0   0000000000000000  x1   0000000000001342  x2   0000000000000006  x3   0000000000000008
07-10 00:17:49.480  4931  4931 F DEBUG   :     x4   0000000000000000  x5   0000000000000000  x6   00000070052a5000  x7   0000000000000000
07-10 00:17:49.480  4931  4931 F DEBUG   :     x8   0000000000000083  x9   ffffffffffffffdf  x10  0000000000000000  x11  0000000000000001
07-10 00:17:49.480  4931  4931 F DEBUG   :     x12  0000000000000018  x13  0000000000000000  x14  0000000000000000  x15  0018ebf11edc73d8
07-10 00:17:49.480  4931  4931 F DEBUG   :     x16  000000700506eed0  x17  0000007005018a2c  x18  0000000000000000  x19  0000007005358b40
07-10 00:17:49.480  4931  4931 F DEBUG   :     x20  0000000000000006  x21  0000007005358a98  x22  0000000000000002  x23  0000007004cfca74
07-10 00:17:49.480  4931  4931 F DEBUG   :     x24  0000000000000000  x25  0000000000000000  x26  0000000000000000  x27  0000000000000000
07-10 00:17:49.480  4931  4931 F DEBUG   :     x28  0000000000000000  x29  0000007fdde23590  x30  0000007005015e58
07-10 00:17:49.480  4931  4931 F DEBUG   :     sp   0000007fdde23570  pc   0000007005018a34  pstate 0000000060000000
07-10 00:17:49.485  4931  4931 F DEBUG   : 
07-10 00:17:49.485  4931  4931 F DEBUG   : backtrace:
07-10 00:17:49.485  4931  4931 F DEBUG   :     #00 pc 000000000006ba34  /system/lib64/libc.so (tgkill+8)
07-10 00:17:49.485  4931  4931 F DEBUG   :     #01 pc 0000000000068e54  /system/lib64/libc.so (pthread_kill+64)
07-10 00:17:49.485  4931  4931 F DEBUG   :     #02 pc 0000000000023ed8  /system/lib64/libc.so (raise+24)
07-10 00:17:49.485  4931  4931 F DEBUG   :     #03 pc 000000000001c790  /system/lib64/libc.so (abort+52)
07-10 00:17:49.485  4931  4931 F DEBUG   :     #04 pc 00000000000055ec  /system/lib64/liblog.so (__android_log_assert+224)
07-10 00:17:49.485  4931  4931 F DEBUG   :     #05 pc 00000000000080fc  /system/lib64/libinputflingerhost.so (_ZN7android11InputDriverC1EPKc+180)
07-10 00:17:49.486  4931  4931 F DEBUG   :     #06 pc 0000000000007648  /system/lib64/libinputflingerhost.so (_ZN7android12InputFlingerC1Ev+312)
07-10 00:17:49.486  4931  4931 F DEBUG   :     #07 pc 0000000000000cb4  /system/bin/inputflinger
07-10 00:17:49.486  4931  4931 F DEBUG   :     #08 pc 0000000000000c2c  /system/bin/inputflinger
07-10 00:17:49.486  4931  4931 F DEBUG   :     #09 pc 000000000001a514  /system/lib64/libc.so (__libc_init+88)
07-10 00:17:49.486  4931  4931 F DEBUG   :     #10 pc 0000000000000b38  /system/bin/inputflinger
07-10 00:17:49.519   893  1870 W NativeCrashListener: Couldn't find ProcessRecord for pid 4930
07-10 00:17:49.521   893   911 I BootReceiver: Copying /data/tombstones/tombstone_00 to DropBox (SYSTEM_TOMBSTONE)
07-10 00:17:54.493  4954  4954 F libc    : Fatal signal 6 (SIGABRT), code -6 in tid 4954 (inputflinger)
07-10 00:17:54.548  4955  4955 F DEBUG   : *** *** *** *** *** *** *** *** *** *** *** *** *** *** *** ***
07-10 00:17:54.549  4955  4955 F DEBUG   : Build fingerprint: 'Android/aosp_angler/angler:7.0/NRD90M/lvlian:userdebug/test-keys'
07-10 00:17:54.549  4955  4955 F DEBUG   : Revision: '0'
07-10 00:17:54.549  4955  4955 F DEBUG   : ABI: 'arm64'
07-10 00:17:54.549  4955  4955 F DEBUG   : pid: 4954, tid: 4954, name: inputflinger  >>> /system/bin/inputflinger <<<
07-10 00:17:54.549  4955  4955 F DEBUG   : signal 6 (SIGABRT), code -6 (SI_TKILL), fault addr --------
07-10 00:17:54.551  4955  4955 F DEBUG   : Abort message: 'Input module evdev not found'
07-10 00:17:54.551  4955  4955 F DEBUG   :     x0   0000000000000000  x1   000000000000135a  x2   0000000000000006  x3   0000000000000008
07-10 00:17:54.551  4955  4955 F DEBUG   :     x4   0000000000000000  x5   0000000000000000  x6   00000079e0180000  x7   0000000000000000
07-10 00:17:54.551  4955  4955 F DEBUG   :     x8   0000000000000083  x9   ffffffffffffffdf  x10  0000000000000000  x11  0000000000000001
07-10 00:17:54.551  4955  4955 F DEBUG   :     x12  0000000000000018  x13  0000000000000000  x14  0000000000000000  x15  001d66b7479b0142
07-10 00:17:54.551  4955  4955 F DEBUG   :     x16  00000079e0084ed0  x17  00000079e002ea2c  x18  0000000000000000  x19  00000079e0233b40
07-10 00:17:54.551  4955  4955 F DEBUG   :     x20  0000000000000006  x21  00000079e0233a98  x22  0000000000000002  x23  00000079dfef5a74
07-10 00:17:54.551  4955  4955 F DEBUG   :     x24  0000000000000000  x25  0000000000000000  x26  0000000000000000  x27  0000000000000000
07-10 00:17:54.551  4955  4955 F DEBUG   :     x28  0000000000000000  x29  0000007fce212360  x30  00000079e002be58
07-10 00:17:54.551  4955  4955 F DEBUG   :     sp   0000007fce212340  pc   00000079e002ea34  pstate 0000000060000000
07-10 00:17:54.554  4955  4955 F DEBUG   : 
07-10 00:17:54.554  4955  4955 F DEBUG   : backtrace:
07-10 00:17:54.555  4955  4955 F DEBUG   :     #00 pc 000000000006ba34  /system/lib64/libc.so (tgkill+8)
07-10 00:17:54.555  4955  4955 F DEBUG   :     #01 pc 0000000000068e54  /system/lib64/libc.so (pthread_kill+64)
07-10 00:17:54.555  4955  4955 F DEBUG   :     #02 pc 0000000000023ed8  /system/lib64/libc.so (raise+24)
07-10 00:17:54.555  4955  4955 F DEBUG   :     #03 pc 000000000001c790  /system/lib64/libc.so (abort+52)
07-10 00:17:54.555  4955  4955 F DEBUG   :     #04 pc 00000000000055ec  /system/lib64/liblog.so (__android_log_assert+224)
07-10 00:17:54.555  4955  4955 F DEBUG   :     #05 pc 00000000000080fc  /system/lib64/libinputflingerhost.so (_ZN7android11InputDriverC1EPKc+180)
07-10 00:17:54.555  4955  4955 F DEBUG   :     #06 pc 0000000000007648  /system/lib64/libinputflingerhost.so (_ZN7android12InputFlingerC1Ev+312)
07-10 00:17:54.555  4955  4955 F DEBUG   :     #07 pc 0000000000000cb4  /system/bin/inputflinger
07-10 00:17:54.555  4955  4955 F DEBUG   :     #08 pc 0000000000000c2c  /system/bin/inputflinger
07-10 00:17:54.555  4955  4955 F DEBUG   :     #09 pc 000000000001a514  /system/lib64/libc.so (__libc_init+88)
07-10 00:17:54.555  4955  4955 F DEBUG   :     #10 pc 0000000000000b38  /system/bin/inputflinger
07-10 00:17:54.606   893  1870 W NativeCrashListener: Couldn't find ProcessRecord for pid 4954
07-10 00:17:54.609   893   911 I BootReceiver: Copying /data/tombstones/tombstone_01 to DropBox (SYSTEM_TOMBSTONE)
07-10 00:17:58.591   893  2505 D ZenLog  : config: ringerModeInternal,ZenModeConfig[user=0,allowCalls=true,allowRepeatCallers=false,allowMessages=false,allowCallsFrom=contacts,allowMessagesFrom=contacts,allowReminders=true,allowEvents=true,allowWhenScreenOff=true,allowWhenScreenOn=true,automaticRules={7e8c0c295f8e4d4189312247f2faa115=ZenRule[enabled=false,snoozing=false,name=Event,zenMode=ZEN_MODE_ALARMS,conditionId=condition://android/event?userId=-10000&calendar=&reply=1,condition=Condition[id=condition://android/event?userId=-10000&calendar=&reply=1,summary=...,line1=...,line2=...,icon=0,state=STATE_FALSE,flags=2],component=ComponentInfo{android/com.android.server.notification.EventConditionProvider},id=7e8c0c295f8e4d4189312247f2faa115,creationTime=16306293002], 57c9b892c089462a911feceb74d8b807=ZenRule[enabled=false,snoozing=false,name=Weeknight,zenMode=ZEN_MODE_ALARMS,conditionId=condition://android/schedule?days=1.2.3.4.5&start=22.0&end=7.0&exitAtAlarm=false,condition=Condition[id=condition://android/schedule?days=1.2.3.4.5&start=22.0&end=7.0&exitAtAlarm=false,summary=...,line1=...,line2=...,icon=0,state=STATE_TRUE,flags=2],component=ComponentInfo{android/com.android.server.notification.ScheduleConditionProvider},id=57c9b892c089462a911feceb74d8b807,creationTime=16306293001], b52bd1c834b84df9be381cf28d6cb853=ZenRule[enabled=false,snoozing=false,name=Weekend,zenMode=ZEN_MODE_ALARMS,conditionId=condition://android/schedule?days=6.7&start=23.30&end=10.0&exitAtAlarm=false,condition=Condition[id=condition://android/schedule?days=6.7&start=23.30&end=10.0&exitAtAlarm=false,summary=...,line1=...,line2=...,icon=0,state=STATE_FALSE,flags=2],component=ComponentInfo{android/com.android.server.notification.ScheduleConditionProvider},id=b52bd1c834b84df9be381cf28d6cb853,creationTime=16306293001]},manualRule=ZenRule[enabled=true,snoozing=false,name=null,zenMode=ZEN_MODE_ALARMS,conditionId=null,condition=null,component=null,id=null,creationTime=0]],Diff[manualRule:insert]
07-10 00:17:58.591   893  2505 D ZenLog  : set_ringer_mode_internal: AudioService.checkForRingerModeChange,i:vibrate->silent,e:vibrate->silent
07-10 00:17:58.593   893  3244 V KeyValueBackupJob: Scheduling k/v pass in 243 minutes
07-10 00:17:58.626   893   893 D ZenLog  : set_zen_mode: alarms,ringerModeInternal
07-10 00:18:00.246  4990  4990 F libc    : Fatal signal 6 (SIGABRT), code -6 in tid 4990 (inputflinger)
07-10 00:18:00.302  4991  4991 F DEBUG   : *** *** *** *** *** *** *** *** *** *** *** *** *** *** *** ***
07-10 00:18:00.302  4991  4991 F DEBUG   : Build fingerprint: 'Android/aosp_angler/angler:7.0/NRD90M/lvlian:userdebug/test-keys'
07-10 00:18:00.302  4991  4991 F DEBUG   : Revision: '0'
07-10 00:18:00.302  4991  4991 F DEBUG   : ABI: 'arm64'
