07-10 00:18:00.302  4991  4991 F DEBUG   : pid: 4990, tid: 4990, name: inputflinger  >>> /system/bin/inputflinger <<<
07-10 00:18:00.303  4991  4991 F DEBUG   : signal 6 (SIGABRT), code -6 (SI_TKILL), fault addr --------
07-10 00:18:00.304  4991  4991 F DEBUG   : Abort message: 'Input module evdev not found'
07-10 00:18:00.304  4991  4991 F DEBUG   :     x0   0000000000000000  x1   000000000000137e  x2   0000000000000006  x3   0000000000000008
07-10 00:18:00.304  4991  4991 F DEBUG   :     x4   0000000000000000  x5   0000000000000000  x6   0000007349ac1000  x7   0000000000000000
07-10 00:18:00.304  4991  4991 F DEBUG   :     x8   0000000000000083  x9   ffffffffffffffdf  x10  0000000000000000  x11  0000000000000001
07-10 00:18:00.304  4991  4991 F DEBUG   :     x12  0000000000000018  x13  0000000000000000  x14  0000000000000000  x15  000eaeceb9f74936
07-10 00:18:00.304  4991  4991 F DEBUG   :     x16  0000007349580ed0  x17  000000734952aa2c  x18  0000000000000000  x19  0000007349b74b40
07-10 00:18:00.304  4991  4991 F DEBUG   :     x20  0000000000000006  x21  0000007349b74a98  x22  0000000000000002  x23  0000007349629a74
07-10 00:18:00.304  4991  4991 F DEBUG   :     x24  0000000000000000  x25  0000000000000000  x26  0000000000000000  x27  0000000000000000
07-10 00:18:00.304  4991  4991 F DEBUG   :     x28  0000000000000000  x29  0000007fcc57edc0  x30  0000007349527e58
07-10 00:18:00.304  4991  4991 F DEBUG   :     sp   0000007fcc57eda0  pc   000000734952aa34  pstate 0000000060000000
07-10 00:18:00.308  4991  4991 F DEBUG   : 
07-10 00:18:00.308  4991  4991 F DEBUG   : backtrace:
07-10 00:18:00.308  4991  4991 F DEBUG   :     #00 pc 000000000006ba34  /system/lib64/libc.so (tgkill+8)
07-10 00:18:00.308  4991  4991 F DEBUG   :     #01 pc 0000000000068e54  /system/lib64/libc.so (pthread_kill+64)
07-10 00:18:00.308  4991  4991 F DEBUG   :     #02 pc 0000000000023ed8  /system/lib64/libc.so (raise+24)
07-10 00:18:00.308  4991  4991 F DEBUG   :     #03 pc 000000000001c790  /system/lib64/libc.so (abort+52)
07-10 00:18:00.308  4991  4991 F DEBUG   :     #04 pc 00000000000055ec  /system/lib64/liblog.so (__android_log_assert+224)
07-10 00:18:00.308  4991  4991 F DEBUG   :     #05 pc 00000000000080fc  /system/lib64/libinputflingerhost.so (_ZN7android11InputDriverC1EPKc+180)
07-10 00:18:00.308  4991  4991 F DEBUG   :     #06 pc 0000000000007648  /system/lib64/libinputflingerhost.so (_ZN7android12InputFlingerC1Ev+312)
07-10 00:18:00.308  4991  4991 F DEBUG   :     #07 pc 0000000000000cb4  /system/bin/inputflinger
07-10 00:18:00.308  4991  4991 F DEBUG   :     #08 pc 0000000000000c2c  /system/bin/inputflinger
07-10 00:18:00.308  4991  4991 F DEBUG   :     #09 pc 000000000001a514  /system/lib64/libc.so (__libc_init+88)
07-10 00:18:00.308  4991  4991 F DEBUG   :     #10 pc 0000000000000b38  /system/bin/inputflinger
07-10 00:18:00.340   893  1870 W NativeCrashListener: Couldn't find ProcessRecord for pid 4990
07-10 00:18:00.344   893   911 I BootReceiver: Copying /data/tombstones/tombstone_02 to DropBox (SYSTEM_TOMBSTONE)
07-10 00:18:01.427   893   905 I WindowManager: Destroying surface Surface(name=VolumeDialog) called by com.android.server.wm.WindowStateAnimator.destroySurface:2014 com.android.server.wm.WindowStateAnimator.destroySurfaceLocked:881 com.android.server.wm.WindowState.removeLocked:1449 com.android.server.wm.WindowManagerService.removeWindowInnerLocked:2478 com.android.server.wm.WindowManagerService.removeWindowLocked:2436 com.android.server.wm.WindowManagerService.removeWindowLocked:2305 com.android.server.wm.WindowManagerService.removeWindow:2300 com.android.server.wm.Session.remove:193 
07-10 00:18:02.984   893   904 D ZenLog  : config: ringerModeInternal,ZenModeConfig[user=0,allowCalls=true,allowRepeatCallers=false,allowMessages=false,allowCallsFrom=contacts,allowMessagesFrom=contacts,allowReminders=true,allowEvents=true,allowWhenScreenOff=true,allowWhenScreenOn=true,automaticRules={7e8c0c295f8e4d4189312247f2faa115=ZenRule[enabled=false,snoozing=false,name=Event,zenMode=ZEN_MODE_ALARMS,conditionId=condition://android/event?userId=-10000&calendar=&reply=1,condition=Condition[id=condition://android/event?userId=-10000&calendar=&reply=1,summary=...,line1=...,line2=...,icon=0,state=STATE_FALSE,flags=2],component=ComponentInfo{android/com.android.server.notification.EventConditionProvider},id=7e8c0c295f8e4d4189312247f2faa115,creationTime=16306293002], 57c9b892c089462a911feceb74d8b807=ZenRule[enabled=false,snoozing=false,name=Weeknight,zenMode=ZEN_MODE_ALARMS,conditionId=condition://android/schedule?days=1.2.3.4.5&start=22.0&end=7.0&exitAtAlarm=false,condition=Condition[id=condition://android/schedule?days=1.2.3.4.5&start=22.0&end=7.0&exitAtAlarm=false,summary=...,line1=...,line2=...,icon=0,state=STATE_TRUE,flags=2],component=ComponentInfo{android/com.android.server.notification.ScheduleConditionProvider},id=57c9b892c089462a911feceb74d8b807,creationTime=16306293001], b52bd1c834b84df9be381cf28d6cb853=ZenRule[enabled=false,snoozing=false,name=Weekend,zenMode=ZEN_MODE_ALARMS,conditionId=condition://android/schedule?days=6.7&start=23.30&end=10.0&exitAtAlarm=false,condition=Condition[id=condition://android/schedule?days=6.7&start=23.30&end=10.0&exitAtAlarm=false,summary=...,line1=...,line2=...,icon=0,state=STATE_FALSE,flags=2],component=ComponentInfo{android/com.android.server.notification.ScheduleConditionProvider},id=b52bd1c834b84df9be381cf28d6cb853,creationTime=16306293001]},manualRule=null],Diff[manualRule:delete]
07-10 00:18:02.984   893   904 D ZenLog  : set_ringer_mode_internal: AudioService.checkForRingerModeChange,i:silent->vibrate,e:silent->vibrate
07-10 00:18:03.018   893   893 D ZenLog  : set_zen_mode: off,ringerModeInternal
07-10 00:18:04.010   893   905 I WindowManager: Destroying surface Surface(name=VolumeDialog) called by com.android.server.wm.WindowStateAnimator.destroySurface:2014 com.android.server.wm.WindowStateAnimator.destroySurfaceLocked:881 com.android.server.wm.WindowState.removeLocked:1449 com.android.server.wm.WindowManagerService.removeWindowInnerLocked:2478 com.android.server.wm.WindowManagerService.removeWindowLocked:2436 com.android.server.wm.WindowManagerService.removeWindowLocked:2305 com.android.server.wm.WindowManagerService.removeWindow:2300 com.android.server.wm.Session.remove:193 
07-10 00:18:04.667  5021  5021 F libc    : Fatal signal 6 (SIGABRT), code -6 in tid 5021 (inputflinger)
07-10 00:18:04.722  5022  5022 F DEBUG   : *** *** *** *** *** *** *** *** *** *** *** *** *** *** *** ***
07-10 00:18:04.723  5022  5022 F DEBUG   : Build fingerprint: 'Android/aosp_angler/angler:7.0/NRD90M/lvlian:userdebug/test-keys'
07-10 00:18:04.723  5022  5022 F DEBUG   : Revision: '0'
07-10 00:18:04.723  5022  5022 F DEBUG   : ABI: 'arm64'
07-10 00:18:04.723  5022  5022 F DEBUG   : pid: 5021, tid: 5021, name: inputflinger  >>> /system/bin/inputflinger <<<
07-10 00:18:04.723  5022  5022 F DEBUG   : signal 6 (SIGABRT), code -6 (SI_TKILL), fault addr --------
07-10 00:18:04.724  5022  5022 F DEBUG   : Abort message: 'Input module evdev not found'
07-10 00:18:04.724  5022  5022 F DEBUG   :     x0   0000000000000000  x1   000000000000139d  x2   0000000000000006  x3   0000000000000008
07-10 00:18:04.725  5022  5022 F DEBUG   :     x4   0000000000000000  x5   0000000000000000  x6   000000705ecdc000  x7   0000000000000000
07-10 00:18:04.725  5022  5022 F DEBUG   :     x8   0000000000000083  x9   ffffffffffffffdf  x10  0000000000000000  x11  0000000000000001
07-10 00:18:04.725  5022  5022 F DEBUG   :     x12  0000000000000018  x13  0000000000000000  x14  0000000000000000  x15  0027bd49c0a6abf1
07-10 00:18:04.725  5022  5022 F DEBUG   :     x16  000000705e7a0ed0  x17  000000705e74aa2c  x18  0000000000000000  x19  000000705ed8fb40
07-10 00:18:04.725  5022  5022 F DEBUG   :     x20  0000000000000006  x21  000000705ed8fa98  x22  0000000000000002  x23  000000705eb6fa74
07-10 00:18:04.725  5022  5022 F DEBUG   :     x24  0000000000000000  x25  0000000000000000  x26  0000000000000000  x27  0000000000000000
07-10 00:18:04.725  5022  5022 F DEBUG   :     x28  0000000000000000  x29  0000007fefcff8a0  x30  000000705e747e58
07-10 00:18:04.725  5022  5022 F DEBUG   :     sp   0000007fefcff880  pc   000000705e74aa34  pstate 0000000060000000
07-10 00:18:04.728  5022  5022 F DEBUG   : 
07-10 00:18:04.728  5022  5022 F DEBUG   : backtrace:
07-10 00:18:04.729  5022  5022 F DEBUG   :     #00 pc 000000000006ba34  /system/lib64/libc.so (tgkill+8)
07-10 00:18:04.729  5022  5022 F DEBUG   :     #01 pc 0000000000068e54  /system/lib64/libc.so (pthread_kill+64)
07-10 00:18:04.729  5022  5022 F DEBUG   :     #02 pc 0000000000023ed8  /system/lib64/libc.so (raise+24)
07-10 00:18:04.729  5022  5022 F DEBUG   :     #03 pc 000000000001c790  /system/lib64/libc.so (abort+52)
07-10 00:18:04.729  5022  5022 F DEBUG   :     #04 pc 00000000000055ec  /system/lib64/liblog.so (__android_log_assert+224)
07-10 00:18:04.729  5022  5022 F DEBUG   :     #05 pc 00000000000080fc  /system/lib64/libinputflingerhost.so (_ZN7android11InputDriverC1EPKc+180)
07-10 00:18:04.729  5022  5022 F DEBUG   :     #06 pc 0000000000007648  /system/lib64/libinputflingerhost.so (_ZN7android12InputFlingerC1Ev+312)
07-10 00:18:04.729  5022  5022 F DEBUG   :     #07 pc 0000000000000cb4  /system/bin/inputflinger
07-10 00:18:04.729  5022  5022 F DEBUG   :     #08 pc 0000000000000c2c  /system/bin/inputflinger
07-10 00:18:04.729  5022  5022 F DEBUG   :     #09 pc 000000000001a514  /system/lib64/libc.so (__libc_init+88)
07-10 00:18:04.729  5022  5022 F DEBUG   :     #10 pc 0000000000000b38  /system/bin/inputflinger
07-10 00:18:04.761   893  1870 W NativeCrashListener: Couldn't find ProcessRecord for pid 5021
07-10 00:18:04.764   893   911 I BootReceiver: Copying /data/tombstones/tombstone_03 to DropBox (SYSTEM_TOMBSTONE)
07-10 00:18:09.750  5050  5050 F libc    : Fatal signal 6 (SIGABRT), code -6 in tid 5050 (inputflinger)
07-10 00:18:09.809  5053  5053 F DEBUG   : *** *** *** *** *** *** *** *** *** *** *** *** *** *** *** ***
07-10 00:18:09.809  5053  5053 F DEBUG   : Build fingerprint: 'Android/aosp_angler/angler:7.0/NRD90M/lvlian:userdebug/test-keys'
07-10 00:18:09.809  5053  5053 F DEBUG   : Revision: '0'
07-10 00:18:09.809  5053  5053 F DEBUG   : ABI: 'arm64'
07-10 00:18:09.809  5053  5053 F DEBUG   : pid: 5050, tid: 5050, name: inputflinger  >>> /system/bin/inputflinger <<<
07-10 00:18:09.809  5053  5053 F DEBUG   : signal 6 (SIGABRT), code -6 (SI_TKILL), fault addr --------
07-10 00:18:09.811  5053  5053 F DEBUG   : Abort message: 'Input module evdev not found'
07-10 00:18:09.811  5053  5053 F DEBUG   :     x0   0000000000000000  x1   00000000000013ba  x2   0000000000000006  x3   0000000000000008
07-10 00:18:09.812  5053  5053 F DEBUG   :     x4   0000000000000000  x5   0000000000000000  x6   0000007ef9377000  x7   0000000000000000
07-10 00:18:09.812  5053  5053 F DEBUG   :     x8   0000000000000083  x9   ffffffffffffffdf  x10  0000000000000000  x11  0000000000000001
07-10 00:18:09.812  5053  5053 F DEBUG   :     x12  0000000000000018  x13  0000000000000000  x14  0000000000000000  x15  002cb382e6c92ab6
07-10 00:18:09.812  5053  5053 F DEBUG   :     x16  0000007ef901aed0  x17  0000007ef8fc4a2c  x18  0000000000000000  x19  0000007ef942ab40
07-10 00:18:09.812  5053  5053 F DEBUG   :     x20  0000000000000006  x21  0000007ef942aa98  x22  0000000000000002  x23  0000007ef8f1ea74
07-10 00:18:09.812  5053  5053 F DEBUG   :     x24  0000000000000000  x25  0000000000000000  x26  0000000000000000  x27  0000000000000000
07-10 00:18:09.812  5053  5053 F DEBUG   :     x28  0000000000000000  x29  0000007fe0929c30  x30  0000007ef8fc1e58
07-10 00:18:09.812  5053  5053 F DEBUG   :     sp   0000007fe0929c10  pc   0000007ef8fc4a34  pstate 0000000060000000
07-10 00:18:09.817  5053  5053 F DEBUG   : 
07-10 00:18:09.817  5053  5053 F DEBUG   : backtrace:
07-10 00:18:09.817  5053  5053 F DEBUG   :     #00 pc 000000000006ba34  /system/lib64/libc.so (tgkill+8)
07-10 00:18:09.817  5053  5053 F DEBUG   :     #01 pc 0000000000068e54  /system/lib64/libc.so (pthread_kill+64)
07-10 00:18:09.817  5053  5053 F DEBUG   :     #02 pc 0000000000023ed8  /system/lib64/libc.so (raise+24)
07-10 00:18:09.817  5053  5053 F DEBUG   :     #03 pc 000000000001c790  /system/lib64/libc.so (abort+52)
07-10 00:18:09.817  5053  5053 F DEBUG   :     #04 pc 00000000000055ec  /system/lib64/liblog.so (__android_log_assert+224)
07-10 00:18:09.817  5053  5053 F DEBUG   :     #05 pc 00000000000080fc  /system/lib64/libinputflingerhost.so (_ZN7android11InputDriverC1EPKc+180)
07-10 00:18:09.817  5053  5053 F DEBUG   :     #06 pc 0000000000007648  /system/lib64/libinputflingerhost.so (_ZN7android12InputFlingerC1Ev+312)
07-10 00:18:09.817  5053  5053 F DEBUG   :     #07 pc 0000000000000cb4  /system/bin/inputflinger
07-10 00:18:09.817  5053  5053 F DEBUG   :     #08 pc 0000000000000c2c  /system/bin/inputflinger
07-10 00:18:09.817  5053  5053 F DEBUG   :     #09 pc 000000000001a514  /system/lib64/libc.so (__libc_init+88)
07-10 00:18:09.817  5053  5053 F DEBUG   :     #10 pc 0000000000000b38  /system/bin/inputflinger
07-10 00:18:09.848   893  1870 W NativeCrashListener: Couldn't find ProcessRecord for pid 5050
07-10 00:18:09.852   893   911 I BootReceiver: Copying /data/tombstones/tombstone_04 to DropBox (SYSTEM_TOMBSTONE)
07-10 00:18:14.555  5073  5073 F libc    : Fatal signal 6 (SIGABRT), code -6 in tid 5073 (inputflinger)
07-10 00:18:14.612  5074  5074 F DEBUG   : *** *** *** *** *** *** *** *** *** *** *** *** *** *** *** ***
07-10 00:18:14.613  5074  5074 F DEBUG   : Build fingerprint: 'Android/aosp_angler/angler:7.0/NRD90M/lvlian:userdebug/test-keys'
07-10 00:18:14.613  5074  5074 F DEBUG   : Revision: '0'
07-10 00:18:14.613  5074  5074 F DEBUG   : ABI: 'arm64'
07-10 00:18:14.614  5074  5074 F DEBUG   : pid: 5073, tid: 5073, name: inputflinger  >>> /system/bin/inputflinger <<<
07-10 00:18:14.614  5074  5074 F DEBUG   : signal 6 (SIGABRT), code -6 (SI_TKILL), fault addr --------
07-10 00:18:14.619  5074  5074 F DEBUG   : Abort message: 'Input module evdev not found'
07-10 00:18:14.620  5074  5074 F DEBUG   :     x0   0000000000000000  x1   00000000000013d1  x2   0000000000000006  x3   0000000000000008
07-10 00:18:14.620  5074  5074 F DEBUG   :     x4   0000000000000000  x5   0000000000000000  x6   0000007277a3d000  x7   0000000000000000
07-10 00:18:14.620  5074  5074 F DEBUG   :     x8   0000000000000083  x9   ffffffffffffffdf  x10  0000000000000000  x11  0000000000000001
07-10 00:18:14.620  5074  5074 F DEBUG   :     x12  0000000000000018  x13  0000000000000000  x14  0000000000000000  x15  00211aea34d57e35
07-10 00:18:14.620  5074  5074 F DEBUG   :     x16  000000727781ded0  x17  00000072777c7a2c  x18  0000000000000000  x19  0000007277af0b40
07-10 00:18:14.620  5074  5074 F DEBUG   :     x20  0000000000000006  x21  0000007277af0a98  x22  0000000000000002  x23  00000072778c9a74
07-10 00:18:14.621  5074  5074 F DEBUG   :     x24  0000000000000000  x25  0000000000000000  x26  0000000000000000  x27  0000000000000000
07-10 00:18:14.621  5074  5074 F DEBUG   :     x28  0000000000000000  x29  0000007fc3c1e2a0  x30  00000072777c4e58
07-10 00:18:14.621  5074  5074 F DEBUG   :     sp   0000007fc3c1e280  pc   00000072777c7a34  pstate 0000000060000000
07-10 00:18:14.634  5074  5074 F DEBUG   : 
07-10 00:18:14.634  5074  5074 F DEBUG   : backtrace:
07-10 00:18:14.634  5074  5074 F DEBUG   :     #00 pc 000000000006ba34  /system/lib64/libc.so (tgkill+8)
07-10 00:18:14.635  5074  5074 F DEBUG   :     #01 pc 0000000000068e54  /system/lib64/libc.so (pthread_kill+64)
07-10 00:18:14.635  5074  5074 F DEBUG   :     #02 pc 0000000000023ed8  /system/lib64/libc.so (raise+24)
07-10 00:18:14.635  5074  5074 F DEBUG   :     #03 pc 000000000001c790  /system/lib64/libc.so (abort+52)
07-10 00:18:14.635  5074  5074 F DEBUG   :     #04 pc 00000000000055ec  /system/lib64/liblog.so (__android_log_assert+224)
07-10 00:18:14.635  5074  5074 F DEBUG   :     #05 pc 00000000000080fc  /system/lib64/libinputflingerhost.so (_ZN7android11InputDriverC1EPKc+180)
07-10 00:18:14.635  5074  5074 F DEBUG   :     #06 pc 0000000000007648  /system/lib64/libinputflingerhost.so (_ZN7android12InputFlingerC1Ev+312)
07-10 00:18:14.635  5074  5074 F DEBUG   :     #07 pc 0000000000000cb4  /system/bin/inputflinger
07-10 00:18:14.635  5074  5074 F DEBUG   :     #08 pc 0000000000000c2c  /system/bin/inputflinger
07-10 00:18:14.635  5074  5074 F DEBUG   :     #09 pc 000000000001a514  /system/lib64/libc.so (__libc_init+88)
07-10 00:18:14.635  5074  5074 F DEBUG   :     #10 pc 0000000000000b38  /system/bin/inputflinger
07-10 00:18:14.679   893  1870 W NativeCrashListener: Couldn't find ProcessRecord for pid 5073
07-10 00:18:14.682   893   911 I BootReceiver: Copying /data/tombstones/tombstone_05 to DropBox (SYSTEM_TOMBSTONE)
07-10 00:18:19.751  5080  5080 F libc    : Fatal signal 6 (SIGABRT), code -6 in tid 5080 (inputflinger)
07-10 00:18:19.833  5081  5081 F DEBUG   : *** *** *** *** *** *** *** *** *** *** *** *** *** *** *** ***
07-10 00:18:19.833  5081  5081 F DEBUG   : Build fingerprint: 'Android/aosp_angler/angler:7.0/NRD90M/lvlian:userdebug/test-keys'
07-10 00:18:19.833  5081  5081 F DEBUG   : Revision: '0'
07-10 00:18:19.833  5081  5081 F DEBUG   : ABI: 'arm64'
07-10 00:18:19.833  5081  5081 F DEBUG   : pid: 5080, tid: 5080, name: inputflinger  >>> /system/bin/inputflinger <<<
07-10 00:18:19.833  5081  5081 F DEBUG   : signal 6 (SIGABRT), code -6 (SI_TKILL), fault addr --------
07-10 00:18:19.834  5081  5081 F DEBUG   : Abort message: 'Input module evdev not found'
07-10 00:18:19.835  5081  5081 F DEBUG   :     x0   0000000000000000  x1   00000000000013d8  x2   0000000000000006  x3   0000000000000008
07-10 00:18:19.835  5081  5081 F DEBUG   :     x4   0000000000000000  x5   0000000000000000  x6   0000007563fc9000  x7   0000000000000000
07-10 00:18:19.835  5081  5081 F DEBUG   :     x8   0000000000000083  x9   ffffffffffffffdf  x10  0000000000000000  x11  0000000000000001
07-10 00:18:19.835  5081  5081 F DEBUG   :     x12  0000000000000018  x13  0000000000000000  x14  0000000000000000  x15  002cc698fed8f4c7
07-10 00:18:19.835  5081  5081 F DEBUG   :     x16  0000007563bb2ed0  x17  0000007563b5ca2c  x18  0000000000000000  x19  000000756407cb40
07-10 00:18:19.835  5081  5081 F DEBUG   :     x20  0000000000000006  x21  000000756407ca98  x22  0000000000000002  x23  0000007563cc5a74
07-10 00:18:19.835  5081  5081 F DEBUG   :     x24  0000000000000000  x25  0000000000000000  x26  0000000000000000  x27  0000000000000000
07-10 00:18:19.835  5081  5081 F DEBUG   :     x28  0000000000000000  x29  0000007fefc1d580  x30  0000007563b59e58
07-10 00:18:19.835  5081  5081 F DEBUG   :     sp   0000007fefc1d560  pc   0000007563b5ca34  pstate 0000000060000000
07-10 00:18:19.838  5081  5081 F DEBUG   : 
07-10 00:18:19.838  5081  5081 F DEBUG   : backtrace:
07-10 00:18:19.839  5081  5081 F DEBUG   :     #00 pc 000000000006ba34  /system/lib64/libc.so (tgkill+8)
07-10 00:18:19.839  5081  5081 F DEBUG   :     #01 pc 0000000000068e54  /system/lib64/libc.so (pthread_kill+64)
07-10 00:18:19.839  5081  5081 F DEBUG   :     #02 pc 0000000000023ed8  /system/lib64/libc.so (raise+24)
07-10 00:18:19.839  5081  5081 F DEBUG   :     #03 pc 000000000001c790  /system/lib64/libc.so (abort+52)
07-10 00:18:19.839  5081  5081 F DEBUG   :     #04 pc 00000000000055ec  /system/lib64/liblog.so (__android_log_assert+224)
07-10 00:18:19.839  5081  5081 F DEBUG   :     #05 pc 00000000000080fc  /system/lib64/libinputflingerhost.so (_ZN7android11InputDriverC1EPKc+180)
07-10 00:18:19.839  5081  5081 F DEBUG   :     #06 pc 0000000000007648  /system/lib64/libinputflingerhost.so (_ZN7android12InputFlingerC1Ev+312)
07-10 00:18:19.839  5081  5081 F DEBUG   :     #07 pc 0000000000000cb4  /system/bin/inputflinger
07-10 00:18:19.839  5081  5081 F DEBUG   :     #08 pc 0000000000000c2c  /system/bin/inputflinger
07-10 00:18:19.839  5081  5081 F DEBUG   :     #09 pc 000000000001a514  /system/lib64/libc.so (__libc_init+88)
07-10 00:18:19.839  5081  5081 F DEBUG   :     #10 pc 0000000000000b38  /system/bin/inputflinger
07-10 00:18:19.870   893  1870 W NativeCrashListener: Couldn't find ProcessRecord for pid 5080
07-10 00:18:19.872   893   911 I BootReceiver: Copying /data/tombstones/tombstone_06 to DropBox (SYSTEM_TOMBSTONE)
07-10 00:18:24.940  5087  5087 F libc    : Fatal signal 6 (SIGABRT), code -6 in tid 5087 (inputflinger)
07-10 00:18:25.000  5088  5088 F DEBUG   : *** *** *** *** *** *** *** *** *** *** *** *** *** *** *** ***
07-10 00:18:25.000  5088  5088 F DEBUG   : Build fingerprint: 'Android/aosp_angler/angler:7.0/NRD90M/lvlian:userdebug/test-keys'
07-10 00:18:25.000  5088  5088 F DEBUG   : Revision: '0'
07-10 00:18:25.000  5088  5088 F DEBUG   : ABI: 'arm64'
07-10 00:18:25.001  5088  5088 F DEBUG   : pid: 5087, tid: 5087, name: inputflinger  >>> /system/bin/inputflinger <<<
07-10 00:18:25.001  5088  5088 F DEBUG   : signal 6 (SIGABRT), code -6 (SI_TKILL), fault addr --------
07-10 00:18:25.004  5088  5088 F DEBUG   : Abort message: 'Input module evdev not found'
07-10 00:18:25.005  5088  5088 F DEBUG   :     x0   0000000000000000  x1   00000000000013df  x2   0000000000000006  x3   0000000000000008
07-10 00:18:25.005  5088  5088 F DEBUG   :     x4   0000000000000000  x5   0000000000000000  x6   000000755bbfb000  x7   0000000000000000
07-10 00:18:25.005  5088  5088 F DEBUG   :     x8   0000000000000083  x9   ffffffffffffffdf  x10  0000000000000000  x11  0000000000000001
07-10 00:18:25.005  5088  5088 F DEBUG   :     x12  0000000000000018  x13  0000000000000000  x14  0000000000000000  x15  00380ba1e8c61bb1
07-10 00:18:25.005  5088  5088 F DEBUG   :     x16  000000755b6baed0  x17  000000755b664a2c  x18  0000000000000000  x19  000000755bcaeb40
07-10 00:18:25.005  5088  5088 F DEBUG   :     x20  0000000000000006  x21  000000755bcaea98  x22  0000000000000002  x23  000000755bad0a74
07-10 00:18:25.005  5088  5088 F DEBUG   :     x24  0000000000000000  x25  0000000000000000  x26  0000000000000000  x27  0000000000000000
07-10 00:18:25.005  5088  5088 F DEBUG   :     x28  0000000000000000  x29  0000007ff4fd4440  x30  000000755b661e58
07-10 00:18:25.005  5088  5088 F DEBUG   :     sp   0000007ff4fd4420  pc   000000755b664a34  pstate 0000000060000000
07-10 00:18:25.014  5088  5088 F DEBUG   : 
07-10 00:18:25.014  5088  5088 F DEBUG   : backtrace:
07-10 00:18:25.015  5088  5088 F DEBUG   :     #00 pc 000000000006ba34  /system/lib64/libc.so (tgkill+8)
07-10 00:18:25.015  5088  5088 F DEBUG   :     #01 pc 0000000000068e54  /system/lib64/libc.so (pthread_kill+64)
07-10 00:18:25.015  5088  5088 F DEBUG   :     #02 pc 0000000000023ed8  /system/lib64/libc.so (raise+24)
07-10 00:18:25.015  5088  5088 F DEBUG   :     #03 pc 000000000001c790  /system/lib64/libc.so (abort+52)
07-10 00:18:25.015  5088  5088 F DEBUG   :     #04 pc 00000000000055ec  /system/lib64/liblog.so (__android_log_assert+224)
07-10 00:18:25.015  5088  5088 F DEBUG   :     #05 pc 00000000000080fc  /system/lib64/libinputflingerhost.so (_ZN7android11InputDriverC1EPKc+180)
07-10 00:18:25.015  5088  5088 F DEBUG   :     #06 pc 0000000000007648  /system/lib64/libinputflingerhost.so (_ZN7android12InputFlingerC1Ev+312)
07-10 00:18:25.016  5088  5088 F DEBUG   :     #07 pc 0000000000000cb4  /system/bin/inputflinger
07-10 00:18:25.016  5088  5088 F DEBUG   :     #08 pc 0000000000000c2c  /system/bin/inputflinger
07-10 00:18:25.016  5088  5088 F DEBUG   :     #09 pc 000000000001a514  /system/lib64/libc.so (__libc_init+88)
07-10 00:18:25.016  5088  5088 F DEBUG   :     #10 pc 0000000000000b38  /system/bin/inputflinger
07-10 00:18:25.073   893  1870 W NativeCrashListener: Couldn't find ProcessRecord for pid 5087
07-10 00:18:25.077   893   911 I BootReceiver: Copying /data/tombstones/tombstone_07 to DropBox (SYSTEM_TOMBSTONE)
07-10 00:18:30.140  5094  5094 F libc    : Fatal signal 6 (SIGABRT), code -6 in tid 5094 (inputflinger)
07-10 00:18:30.201  5095  5095 F DEBUG   : *** *** *** *** *** *** *** *** *** *** *** *** *** *** *** ***
07-10 00:18:30.202  5095  5095 F DEBUG   : Build fingerprint: 'Android/aosp_angler/angler:7.0/NRD90M/lvlian:userdebug/test-keys'
07-10 00:18:30.203  5095  5095 F DEBUG   : Revision: '0'
07-10 00:18:30.203  5095  5095 F DEBUG   : ABI: 'arm64'
07-10 00:18:30.203  5095  5095 F DEBUG   : pid: 5094, tid: 5094, name: inputflinger  >>> /system/bin/inputflinger <<<
07-10 00:18:30.204  5095  5095 F DEBUG   : signal 6 (SIGABRT), code -6 (SI_TKILL), fault addr --------
07-10 00:18:30.208  5095  5095 F DEBUG   : Abort message: 'Input module evdev not found'
07-10 00:18:30.208  5095  5095 F DEBUG   :     x0   0000000000000000  x1   00000000000013e6  x2   0000000000000006  x3   0000000000000008
07-10 00:18:30.208  5095  5095 F DEBUG   :     x4   0000000000000000  x5   0000000000000000  x6   0000007cbc275000  x7   0000000000000000
07-10 00:18:30.208  5095  5095 F DEBUG   :     x8   0000000000000083  x9   ffffffffffffffdf  x10  0000000000000000  x11  0000000000000001
07-10 00:18:30.208  5095  5095 F DEBUG   :     x12  0000000000000018  x13  0000000000000000  x14  0000000000000000  x15  00085ee7e7a463e5
07-10 00:18:30.209  5095  5095 F DEBUG   :     x16  0000007cbbd34ed0  x17  0000007cbbcdea2c  x18  0000000000000000  x19  0000007cbc328b40
07-10 00:18:30.209  5095  5095 F DEBUG   :     x20  0000000000000006  x21  0000007cbc328a98  x22  0000000000000002  x23  0000007cbbefba74
07-10 00:18:30.209  5095  5095 F DEBUG   :     x24  0000000000000000  x25  0000000000000000  x26  0000000000000000  x27  0000000000000000
07-10 00:18:30.209  5095  5095 F DEBUG   :     x28  0000000000000000  x29  0000007fd0fd2980  x30  0000007cbbcdbe58
07-10 00:18:30.209  5095  5095 F DEBUG   :     sp   0000007fd0fd2960  pc   0000007cbbcdea34  pstate 0000000060000000
07-10 00:18:30.218  5095  5095 F DEBUG   : 
07-10 00:18:30.218  5095  5095 F DEBUG   : backtrace:
07-10 00:18:30.218  5095  5095 F DEBUG   :     #00 pc 000000000006ba34  /system/lib64/libc.so (tgkill+8)
07-10 00:18:30.219  5095  5095 F DEBUG   :     #01 pc 0000000000068e54  /system/lib64/libc.so (pthread_kill+64)
07-10 00:18:30.219  5095  5095 F DEBUG   :     #02 pc 0000000000023ed8  /system/lib64/libc.so (raise+24)
07-10 00:18:30.219  5095  5095 F DEBUG   :     #03 pc 000000000001c790  /system/lib64/libc.so (abort+52)
07-10 00:18:30.219  5095  5095 F DEBUG   :     #04 pc 00000000000055ec  /system/lib64/liblog.so (__android_log_assert+224)
07-10 00:18:30.219  5095  5095 F DEBUG   :     #05 pc 00000000000080fc  /system/lib64/libinputflingerhost.so (_ZN7android11InputDriverC1EPKc+180)
07-10 00:18:30.219  5095  5095 F DEBUG   :     #06 pc 0000000000007648  /system/lib64/libinputflingerhost.so (_ZN7android12InputFlingerC1Ev+312)
07-10 00:18:30.219  5095  5095 F DEBUG   :     #07 pc 0000000000000cb4  /system/bin/inputflinger
07-10 00:18:30.220  5095  5095 F DEBUG   :     #08 pc 0000000000000c2c  /system/bin/inputflinger
07-10 00:18:30.220  5095  5095 F DEBUG   :     #09 pc 000000000001a514  /system/lib64/libc.so (__libc_init+88)
07-10 00:18:30.220  5095  5095 F DEBUG   :     #10 pc 0000000000000b38  /system/bin/inputflinger
07-10 00:18:30.274   893  1870 W NativeCrashListener: Couldn't find ProcessRecord for pid 5094
07-10 00:18:30.277   893   911 I BootReceiver: Copying /data/tombstones/tombstone_08 to DropBox (SYSTEM_TOMBSTONE)
07-10 00:18:34.349  5100  5100 F libc    : Fatal signal 6 (SIGABRT), code -6 in tid 5100 (inputflinger)
07-10 00:18:34.407  5101  5101 F DEBUG   : *** *** *** *** *** *** *** *** *** *** *** *** *** *** *** ***
07-10 00:18:34.408  5101  5101 F DEBUG   : Build fingerprint: 'Android/aosp_angler/angler:7.0/NRD90M/lvlian:userdebug/test-keys'
07-10 00:18:34.408  5101  5101 F DEBUG   : Revision: '0'
07-10 00:18:34.408  5101  5101 F DEBUG   : ABI: 'arm64'
07-10 00:18:34.408  5101  5101 F DEBUG   : pid: 5100, tid: 5100, name: inputflinger  >>> /system/bin/inputflinger <<<
07-10 00:18:34.408  5101  5101 F DEBUG   : signal 6 (SIGABRT), code -6 (SI_TKILL), fault addr --------
07-10 00:18:34.410  5101  5101 F DEBUG   : Abort message: 'Input module evdev not found'
07-10 00:18:34.410  5101  5101 F DEBUG   :     x0   0000000000000000  x1   00000000000013ec  x2   0000000000000006  x3   0000000000000008
07-10 00:18:34.410  5101  5101 F DEBUG   :     x4   0000000000000000  x5   0000000000000000  x6   000000789cd5e000  x7   0000000000000000
07-10 00:18:34.410  5101  5101 F DEBUG   :     x8   0000000000000083  x9   ffffffffffffffdf  x10  0000000000000000  x11  0000000000000001
07-10 00:18:34.410  5101  5101 F DEBUG   :     x12  0000000000000018  x13  0000000000000000  x14  0000000000000000  x15  0014c8dbd2b1f313
07-10 00:18:34.411  5101  5101 F DEBUG   :     x16  000000789cbaeed0  x17  000000789cb58a2c  x18  0000000000000000  x19  000000789ce11b40
07-10 00:18:34.411  5101  5101 F DEBUG   :     x20  0000000000000006  x21  000000789ce11a98  x22  0000000000000002  x23  000000789cc33a74
07-10 00:18:34.411  5101  5101 F DEBUG   :     x24  0000000000000000  x25  0000000000000000  x26  0000000000000000  x27  0000000000000000
07-10 00:18:34.411  5101  5101 F DEBUG   :     x28  0000000000000000  x29  0000007fe61ffd50  x30  000000789cb55e58
07-10 00:18:34.411  5101  5101 F DEBUG   :     sp   0000007fe61ffd30  pc   000000789cb58a34  pstate 0000000060000000
07-10 00:18:34.417  5101  5101 F DEBUG   : 
07-10 00:18:34.417  5101  5101 F DEBUG   : backtrace:
07-10 00:18:34.417  5101  5101 F DEBUG   :     #00 pc 000000000006ba34  /system/lib64/libc.so (tgkill+8)
07-10 00:18:34.417  5101  5101 F DEBUG   :     #01 pc 0000000000068e54  /system/lib64/libc.so (pthread_kill+64)
07-10 00:18:34.417  5101  5101 F DEBUG   :     #02 pc 0000000000023ed8  /system/lib64/libc.so (raise+24)
07-10 00:18:34.417  5101  5101 F DEBUG   :     #03 pc 000000000001c790  /system/lib64/libc.so (abort+52)
07-10 00:18:34.417  5101  5101 F DEBUG   :     #04 pc 00000000000055ec  /system/lib64/liblog.so (__android_log_assert+224)
07-10 00:18:34.417  5101  5101 F DEBUG   :     #05 pc 00000000000080fc  /system/lib64/libinputflingerhost.so (_ZN7android11InputDriverC1EPKc+180)
07-10 00:18:34.417  5101  5101 F DEBUG   :     #06 pc 0000000000007648  /system/lib64/libinputflingerhost.so (_ZN7android12InputFlingerC1Ev+312)
07-10 00:18:34.417  5101  5101 F DEBUG   :     #07 pc 0000000000000cb4  /system/bin/inputflinger
07-10 00:18:34.417  5101  5101 F DEBUG   :     #08 pc 0000000000000c2c  /system/bin/inputflinger
07-10 00:18:34.418  5101  5101 F DEBUG   :     #09 pc 000000000001a514  /system/lib64/libc.so (__libc_init+88)
07-10 00:18:34.418  5101  5101 F DEBUG   :     #10 pc 0000000000000b38  /system/bin/inputflinger
07-10 00:18:34.464   893  1870 W NativeCrashListener: Couldn't find ProcessRecord for pid 5100
07-10 00:18:34.468   893   911 I BootReceiver: Copying /data/tombstones/tombstone_09 to DropBox (SYSTEM_TOMBSTONE)
07-10 00:18:39.545  5107  5107 F libc    : Fatal signal 6 (SIGABRT), code -6 in tid 5107 (inputflinger)
07-10 00:18:39.609  5108  5108 F DEBUG   : *** *** *** *** *** *** *** *** *** *** *** *** *** *** *** ***
07-10 00:18:39.610  5108  5108 F DEBUG   : Build fingerprint: 'Android/aosp_angler/angler:7.0/NRD90M/lvlian:userdebug/test-keys'
07-10 00:18:39.610  5108  5108 F DEBUG   : Revision: '0'
07-10 00:18:39.610  5108  5108 F DEBUG   : ABI: 'arm64'
07-10 00:18:39.610  5108  5108 F DEBUG   : pid: 5107, tid: 5107, name: inputflinger  >>> /system/bin/inputflinger <<<
07-10 00:18:39.610  5108  5108 F DEBUG   : signal 6 (SIGABRT), code -6 (SI_TKILL), fault addr --------
07-10 00:18:39.612  5108  5108 F DEBUG   : Abort message: 'Input module evdev not found'
07-10 00:18:39.612  5108  5108 F DEBUG   :     x0   0000000000000000  x1   00000000000013f3  x2   0000000000000006  x3   0000000000000008
07-10 00:18:39.612  5108  5108 F DEBUG   :     x4   0000000000000000  x5   0000000000000000  x6   0000007812f73000  x7   0000000000000000
07-10 00:18:39.612  5108  5108 F DEBUG   :     x8   0000000000000083  x9   ffffffffffffffdf  x10  0000000000000000  x11  0000000000000001
07-10 00:18:39.612  5108  5108 F DEBUG   :     x12  0000000000000018  x13  0000000000000000  x14  0000000000000000  x15  002074c639204ff1
07-10 00:18:39.612  5108  5108 F DEBUG   :     x16  0000007812a36ed0  x17  00000078129e0a2c  x18  0000000000000000  x19  0000007813026b40
07-10 00:18:39.612  5108  5108 F DEBUG   :     x20  0000000000000006  x21  0000007813026a98  x22  0000000000000002  x23  0000007812e48a74
07-10 00:18:39.613  5108  5108 F DEBUG   :     x24  0000000000000000  x25  0000000000000000  x26  0000000000000000  x27  0000000000000000
07-10 00:18:39.613  5108  5108 F DEBUG   :     x28  0000000000000000  x29  0000007ff178f280  x30  00000078129dde58
07-10 00:18:39.613  5108  5108 F DEBUG   :     sp   0000007ff178f260  pc   00000078129e0a34  pstate 0000000060000000
07-10 00:18:39.618  5108  5108 F DEBUG   : 
07-10 00:18:39.618  5108  5108 F DEBUG   : backtrace:
07-10 00:18:39.618  5108  5108 F DEBUG   :     #00 pc 000000000006ba34  /system/lib64/libc.so (tgkill+8)
07-10 00:18:39.618  5108  5108 F DEBUG   :     #01 pc 0000000000068e54  /system/lib64/libc.so (pthread_kill+64)
07-10 00:18:39.619  5108  5108 F DEBUG   :     #02 pc 0000000000023ed8  /system/lib64/libc.so (raise+24)
07-10 00:18:39.619  5108  5108 F DEBUG   :     #03 pc 000000000001c790  /system/lib64/libc.so (abort+52)
07-10 00:18:39.619  5108  5108 F DEBUG   :     #04 pc 00000000000055ec  /system/lib64/liblog.so (__android_log_assert+224)
07-10 00:18:39.619  5108  5108 F DEBUG   :     #05 pc 00000000000080fc  /system/lib64/libinputflingerhost.so (_ZN7android11InputDriverC1EPKc+180)
07-10 00:18:39.619  5108  5108 F DEBUG   :     #06 pc 0000000000007648  /system/lib64/libinputflingerhost.so (_ZN7android12InputFlingerC1Ev+312)
07-10 00:18:39.619  5108  5108 F DEBUG   :     #07 pc 0000000000000cb4  /system/bin/inputflinger
07-10 00:18:39.619  5108  5108 F DEBUG   :     #08 pc 0000000000000c2c  /system/bin/inputflinger
07-10 00:18:39.619  5108  5108 F DEBUG   :     #09 pc 000000000001a514  /system/lib64/libc.so (__libc_init+88)
07-10 00:18:39.619  5108  5108 F DEBUG   :     #10 pc 0000000000000b38  /system/bin/inputflinger
07-10 00:18:39.657   893  1870 W NativeCrashListener: Couldn't find ProcessRecord for pid 5107
07-10 00:18:39.661   893   911 I BootReceiver: Copying /data/tombstones/tombstone_00 to DropBox (SYSTEM_TOMBSTONE)
07-10 00:18:42.190   893   916 I PowerManagerService: Going to sleep due to screen timeout (uid 1000)...
07-10 00:18:42.789   893   914 I DisplayManagerService: Display device changed state: "Built-in Screen", OFF
07-10 00:18:43.134   893   916 I DreamManagerService: Entering dreamland.
07-10 00:18:43.135   893   916 I PowerManagerService: Dozing...
07-10 00:18:43.137   893   912 I DreamController: Starting dream: name=ComponentInfo{com.android.systemui/com.android.systemui.doze.DozeService}, isTest=false, canDoze=true, userId=0
07-10 00:24:49.560   893   910 E BatteryStatsService: no controller energy info supplied
07-10 00:30:15.078  5159  5159 F libc    : Fatal signal 6 (SIGABRT), code -6 in tid 5159 (inputflinger)
07-10 00:30:15.134  5160  5160 F DEBUG   : *** *** *** *** *** *** *** *** *** *** *** *** *** *** *** ***
07-10 00:30:15.135  5160  5160 F DEBUG   : Build fingerprint: 'Android/aosp_angler/angler:7.0/NRD90M/lvlian:userdebug/test-keys'
07-10 00:30:15.135  5160  5160 F DEBUG   : Revision: '0'
07-10 00:30:15.135  5160  5160 F DEBUG   : ABI: 'arm64'
07-10 00:30:15.136  5160  5160 F DEBUG   : pid: 5159, tid: 5159, name: inputflinger  >>> /system/bin/inputflinger <<<
07-10 00:30:15.136  5160  5160 F DEBUG   : signal 6 (SIGABRT), code -6 (SI_TKILL), fault addr --------
07-10 00:30:15.143  5160  5160 F DEBUG   : Abort message: 'Input module evdev not found'
07-10 00:30:15.143  5160  5160 F DEBUG   :     x0   0000000000000000  x1   0000000000001427  x2   0000000000000006  x3   0000000000000008
07-10 00:30:15.144  5160  5160 F DEBUG   :     x4   0000000000000000  x5   0000000000000000  x6   00000077c5b05000  x7   0000000000000000
07-10 00:30:15.144  5160  5160 F DEBUG   :     x8   0000000000000083  x9   ffffffffffffffdf  x10  0000000000000000  x11  0000000000000001
07-10 00:30:15.144  5160  5160 F DEBUG   :     x12  0000000000000018  x13  0000000000000000  x14  0000000000000000  x15  0004a734c0e4fde6
07-10 00:30:15.144  5160  5160 F DEBUG   :     x16  00000077c56ebed0  x17  00000077c5695a2c  x18  0000000000000000  x19  00000077c5bb8b40
07-10 00:30:15.144  5160  5160 F DEBUG   :     x20  0000000000000006  x21  00000077c5bb8a98  x22  0000000000000002  x23  00000077c558ea74
07-10 00:30:15.145  5160  5160 F DEBUG   :     x24  0000000000000000  x25  0000000000000000  x26  0000000000000000  x27  0000000000000000
07-10 00:30:15.145  5160  5160 F DEBUG   :     x28  0000000000000000  x29  0000007fee7369d0  x30  00000077c5692e58
07-10 00:30:15.145  5160  5160 F DEBUG   :     sp   0000007fee7369b0  pc   00000077c5695a34  pstate 0000000060000000
07-10 00:30:15.158  5160  5160 F DEBUG   : 
07-10 00:30:15.158  5160  5160 F DEBUG   : backtrace:
07-10 00:30:15.158  5160  5160 F DEBUG   :     #00 pc 000000000006ba34  /system/lib64/libc.so (tgkill+8)
07-10 00:30:15.158  5160  5160 F DEBUG   :     #01 pc 0000000000068e54  /system/lib64/libc.so (pthread_kill+64)
07-10 00:30:15.158  5160  5160 F DEBUG   :     #02 pc 0000000000023ed8  /system/lib64/libc.so (raise+24)
07-10 00:30:15.159  5160  5160 F DEBUG   :     #03 pc 000000000001c790  /system/lib64/libc.so (abort+52)
07-10 00:30:15.159  5160  5160 F DEBUG   :     #04 pc 00000000000055ec  /system/lib64/liblog.so (__android_log_assert+224)
07-10 00:30:15.159  5160  5160 F DEBUG   :     #05 pc 00000000000080fc  /system/lib64/libinputflingerhost.so (_ZN7android11InputDriverC1EPKc+180)
07-10 00:30:15.159  5160  5160 F DEBUG   :     #06 pc 0000000000007648  /system/lib64/libinputflingerhost.so (_ZN7android12InputFlingerC1Ev+312)
07-10 00:30:15.159  5160  5160 F DEBUG   :     #07 pc 0000000000000cb4  /system/bin/inputflinger
07-10 00:30:15.159  5160  5160 F DEBUG   :     #08 pc 0000000000000c2c  /system/bin/inputflinger
07-10 00:30:15.159  5160  5160 F DEBUG   :     #09 pc 000000000001a514  /system/lib64/libc.so (__libc_init+88)
07-10 00:30:15.160  5160  5160 F DEBUG   :     #10 pc 0000000000000b38  /system/bin/inputflinger
07-10 00:30:15.229   893  1870 W NativeCrashListener: Couldn't find ProcessRecord for pid 5159
07-10 00:30:15.236   893   911 I BootReceiver: Copying /data/tombstones/tombstone_01 to DropBox (SYSTEM_TOMBSTONE)
07-10 00:30:41.378   893   946 I PowerManagerService: Waking up from dozing (uid 1000)...
07-10 00:30:41.401   893   916 I DisplayPowerController: Blocking screen on until initial contents have been drawn.
07-10 00:30:41.420   893   914 I DisplayManagerService: Display device changed state: "Built-in Screen", ON
07-10 00:30:41.496   893   916 I DisplayPowerController: Unblocked screen on after 95 ms
07-10 00:30:41.497   893   916 I DreamManagerService: Gently waking up from dream.
07-10 00:30:41.510   893  1439 I DreamManagerService: Leaving dreamland.
07-10 00:30:41.511   893   912 I DreamController: Stopping dream: name=ComponentInfo{com.android.systemui/com.android.systemui.doze.DozeService}, isTest=false, canDoze=true, userId=0
07-10 00:30:42.639   893   946 I PowerManagerService: Going to sleep due to power button (uid 1000)...
07-10 00:30:43.194   893   914 I DisplayManagerService: Display device changed state: "Built-in Screen", OFF
07-10 00:30:43.528   893   916 I DreamManagerService: Entering dreamland.
07-10 00:30:43.528   893   916 I PowerManagerService: Dozing...
07-10 00:30:43.529   893   912 I DreamController: Starting dream: name=ComponentInfo{com.android.systemui/com.android.systemui.doze.DozeService}, isTest=false, canDoze=true, userId=0
07-10 00:31:48.898   893   946 I PowerManagerService: Waking up from dozing (uid 1000)...
07-10 00:31:48.919   893   916 I DisplayPowerController: Blocking screen on until initial contents have been drawn.
07-10 00:31:48.935   893   914 I DisplayManagerService: Display device changed state: "Built-in Screen", ON
07-10 00:31:49.000  5251  5251 F libc    : Fatal signal 6 (SIGABRT), code -6 in tid 5251 (inputflinger)
07-10 00:31:49.012   893   916 I DisplayPowerController: Unblocked screen on after 93 ms
07-10 00:31:49.013   893   916 I DreamManagerService: Gently waking up from dream.
07-10 00:31:49.030   893   904 I DreamManagerService: Leaving dreamland.
07-10 00:31:49.031   893   912 I DreamController: Stopping dream: name=ComponentInfo{com.android.systemui/com.android.systemui.doze.DozeService}, isTest=false, canDoze=true, userId=0
07-10 00:31:49.055  5258  5258 F DEBUG   : *** *** *** *** *** *** *** *** *** *** *** *** *** *** *** ***
07-10 00:31:49.055  5258  5258 F DEBUG   : Build fingerprint: 'Android/aosp_angler/angler:7.0/NRD90M/lvlian:userdebug/test-keys'
07-10 00:31:49.055  5258  5258 F DEBUG   : Revision: '0'
07-10 00:31:49.055  5258  5258 F DEBUG   : ABI: 'arm64'
07-10 00:31:49.055  5258  5258 F DEBUG   : pid: 5251, tid: 5251, name: inputflinger  >>> /system/bin/inputflinger <<<
07-10 00:31:49.055  5258  5258 F DEBUG   : signal 6 (SIGABRT), code -6 (SI_TKILL), fault addr --------
07-10 00:31:49.057  5258  5258 F DEBUG   : Abort message: 'Input module evdev not found'
07-10 00:31:49.057  5258  5258 F DEBUG   :     x0   0000000000000000  x1   0000000000001483  x2   0000000000000006  x3   0000000000000008
07-10 00:31:49.057  5258  5258 F DEBUG   :     x4   0000000000000000  x5   0000000000000000  x6   0000007b24231000  x7   0000000000000000
07-10 00:31:49.057  5258  5258 F DEBUG   :     x8   0000000000000083  x9   ffffffffffffffdf  x10  0000000000000000  x11  0000000000000001
07-10 00:31:49.057  5258  5258 F DEBUG   :     x12  0000000000000018  x13  003b9aca00000000  x14  0000000000000001  x15  003ba72f399487cf
07-10 00:31:49.057  5258  5258 F DEBUG   :     x16  0000007b23f4eed0  x17  0000007b23ef8a2c  x18  0000000000000000  x19  0000007b242e4b40
07-10 00:31:49.057  5258  5258 F DEBUG   :     x20  0000000000000006  x21  0000007b242e4a98  x22  0000000000000002  x23  0000007b23cdda74
07-10 00:31:49.057  5258  5258 F DEBUG   :     x24  0000000000000000  x25  0000000000000000  x26  0000000000000000  x27  0000000000000000
07-10 00:31:49.057  5258  5258 F DEBUG   :     x28  0000000000000000  x29  0000007fc9f47d30  x30  0000007b23ef5e58
07-10 00:31:49.057  5258  5258 F DEBUG   :     sp   0000007fc9f47d10  pc   0000007b23ef8a34  pstate 0000000060000000
07-10 00:31:49.060  5258  5258 F DEBUG   : 
07-10 00:31:49.060  5258  5258 F DEBUG   : backtrace:
07-10 00:31:49.061  5258  5258 F DEBUG   :     #00 pc 000000000006ba34  /system/lib64/libc.so (tgkill+8)
07-10 00:31:49.061  5258  5258 F DEBUG   :     #01 pc 0000000000068e54  /system/lib64/libc.so (pthread_kill+64)
07-10 00:31:49.061  5258  5258 F DEBUG   :     #02 pc 0000000000023ed8  /system/lib64/libc.so (raise+24)
07-10 00:31:49.061  5258  5258 F DEBUG   :     #03 pc 000000000001c790  /system/lib64/libc.so (abort+52)
07-10 00:31:49.061  5258  5258 F DEBUG   :     #04 pc 00000000000055ec  /system/lib64/liblog.so (__android_log_assert+224)
07-10 00:31:49.061  5258  5258 F DEBUG   :     #05 pc 00000000000080fc  /system/lib64/libinputflingerhost.so (_ZN7android11InputDriverC1EPKc+180)
07-10 00:31:49.062  5258  5258 F DEBUG   :     #06 pc 0000000000007648  /system/lib64/libinputflingerhost.so (_ZN7android12InputFlingerC1Ev+312)
07-10 00:31:49.062  5258  5258 F DEBUG   :     #07 pc 0000000000000cb4  /system/bin/inputflinger
07-10 00:31:49.062  5258  5258 F DEBUG   :     #08 pc 0000000000000c2c  /system/bin/inputflinger
07-10 00:31:49.062  5258  5258 F DEBUG   :     #09 pc 000000000001a514  /system/lib64/libc.so (__libc_init+88)
07-10 00:31:49.062  5258  5258 F DEBUG   :     #10 pc 0000000000000b38  /system/bin/inputflinger
07-10 00:31:49.096   893  1870 W NativeCrashListener: Couldn't find ProcessRecord for pid 5251
07-10 00:31:49.098   893   911 I BootReceiver: Copying /data/tombstones/tombstone_02 to DropBox (SYSTEM_TOMBSTONE)
07-10 00:31:52.364   893   893 I EntropyMixer: Writing entropy...
07-10 00:31:52.377   893   910 E BatteryStatsService: no controller energy info supplied
07-10 00:31:54.147  5292  5292 F libc    : Fatal signal 6 (SIGABRT), code -6 in tid 5292 (inputflinger)
07-10 00:31:54.203  5293  5293 F DEBUG   : *** *** *** *** *** *** *** *** *** *** *** *** *** *** *** ***
07-10 00:31:54.203  5293  5293 F DEBUG   : Build fingerprint: 'Android/aosp_angler/angler:7.0/NRD90M/lvlian:userdebug/test-keys'
07-10 00:31:54.203  5293  5293 F DEBUG   : Revision: '0'
07-10 00:31:54.203  5293  5293 F DEBUG   : ABI: 'arm64'
07-10 00:31:54.204  5293  5293 F DEBUG   : pid: 5292, tid: 5292, name: inputflinger  >>> /system/bin/inputflinger <<<
07-10 00:31:54.204  5293  5293 F DEBUG   : signal 6 (SIGABRT), code -6 (SI_TKILL), fault addr --------
07-10 00:31:54.207  5293  5293 F DEBUG   : Abort message: 'Input module evdev not found'
07-10 00:31:54.207  5293  5293 F DEBUG   :     x0   0000000000000000  x1   00000000000014ac  x2   0000000000000006  x3   0000000000000008
07-10 00:31:54.207  5293  5293 F DEBUG   :     x4   0000000000000000  x5   0000000000000000  x6   00000071076e4000  x7   0000000000000000
07-10 00:31:54.207  5293  5293 F DEBUG   :     x8   0000000000000083  x9   ffffffffffffffdf  x10  0000000000000000  x11  0000000000000001
07-10 00:31:54.207  5293  5293 F DEBUG   :     x12  0000000000000018  x13  0000000000000000  x14  0000000000000000  x15  0008c2ab82a6c59b
07-10 00:31:54.207  5293  5293 F DEBUG   :     x16  000000710742bed0  x17  00000071073d5a2c  x18  0000000000000000  x19  0000007107797b40
07-10 00:31:54.207  5293  5293 F DEBUG   :     x20  0000000000000006  x21  0000007107797a98  x22  0000000000000002  x23  000000710716ba74
07-10 00:31:54.207  5293  5293 F DEBUG   :     x24  0000000000000000  x25  0000000000000000  x26  0000000000000000  x27  0000000000000000
07-10 00:31:54.208  5293  5293 F DEBUG   :     x28  0000000000000000  x29  0000007ff6d2f650  x30  00000071073d2e58
07-10 00:31:54.208  5293  5293 F DEBUG   :     sp   0000007ff6d2f630  pc   00000071073d5a34  pstate 0000000060000000
07-10 00:31:54.217  5293  5293 F DEBUG   : 
07-10 00:31:54.217  5293  5293 F DEBUG   : backtrace:
07-10 00:31:54.217  5293  5293 F DEBUG   :     #00 pc 000000000006ba34  /system/lib64/libc.so (tgkill+8)
07-10 00:31:54.217  5293  5293 F DEBUG   :     #01 pc 0000000000068e54  /system/lib64/libc.so (pthread_kill+64)
07-10 00:31:54.217  5293  5293 F DEBUG   :     #02 pc 0000000000023ed8  /system/lib64/libc.so (raise+24)
07-10 00:31:54.217  5293  5293 F DEBUG   :     #03 pc 000000000001c790  /system/lib64/libc.so (abort+52)
07-10 00:31:54.217  5293  5293 F DEBUG   :     #04 pc 00000000000055ec  /system/lib64/liblog.so (__android_log_assert+224)
07-10 00:31:54.217  5293  5293 F DEBUG   :     #05 pc 00000000000080fc  /system/lib64/libinputflingerhost.so (_ZN7android11InputDriverC1EPKc+180)
07-10 00:31:54.217  5293  5293 F DEBUG   :     #06 pc 0000000000007648  /system/lib64/libinputflingerhost.so (_ZN7android12InputFlingerC1Ev+312)
07-10 00:31:54.217  5293  5293 F DEBUG   :     #07 pc 0000000000000cb4  /system/bin/inputflinger
07-10 00:31:54.218  5293  5293 F DEBUG   :     #08 pc 0000000000000c2c  /system/bin/inputflinger
07-10 00:31:54.218  5293  5293 F DEBUG   :     #09 pc 000000000001a514  /system/lib64/libc.so (__libc_init+88)
07-10 00:31:54.218  5293  5293 F DEBUG   :     #10 pc 0000000000000b38  /system/bin/inputflinger
07-10 00:31:54.270   893  1870 W NativeCrashListener: Couldn't find ProcessRecord for pid 5292
07-10 00:31:54.272   893   911 I BootReceiver: Copying /data/tombstones/tombstone_03 to DropBox (SYSTEM_TOMBSTONE)
07-10 00:31:59.327  5299  5299 F libc    : Fatal signal 6 (SIGABRT), code -6 in tid 5299 (inputflinger)
07-10 00:31:59.383  5300  5300 F DEBUG   : *** *** *** *** *** *** *** *** *** *** *** *** *** *** *** ***
07-10 00:31:59.383  5300  5300 F DEBUG   : Build fingerprint: 'Android/aosp_angler/angler:7.0/NRD90M/lvlian:userdebug/test-keys'
07-10 00:31:59.383  5300  5300 F DEBUG   : Revision: '0'
07-10 00:31:59.383  5300  5300 F DEBUG   : ABI: 'arm64'
07-10 00:31:59.384  5300  5300 F DEBUG   : pid: 5299, tid: 5299, name: inputflinger  >>> /system/bin/inputflinger <<<
07-10 00:31:59.384  5300  5300 F DEBUG   : signal 6 (SIGABRT), code -6 (SI_TKILL), fault addr --------
07-10 00:31:59.386  5300  5300 F DEBUG   : Abort message: 'Input module evdev not found'
07-10 00:31:59.386  5300  5300 F DEBUG   :     x0   0000000000000000  x1   00000000000014b3  x2   0000000000000006  x3   0000000000000008
07-10 00:31:59.386  5300  5300 F DEBUG   :     x4   0000000000000000  x5   0000000000000000  x6   0000007dbf023000  x7   0000000000000000
07-10 00:31:59.387  5300  5300 F DEBUG   :     x8   0000000000000083  x9   ffffffffffffffdf  x10  0000000000000000  x11  0000000000000001
07-10 00:31:59.387  5300  5300 F DEBUG   :     x12  0000000000000018  x13  0000000000000000  x14  0000000000000000  x15  0013823c888c5a39
07-10 00:31:59.387  5300  5300 F DEBUG   :     x16  0000007dbee67ed0  x17  0000007dbee11a2c  x18  0000000000000000  x19  0000007dbf0d6b40
07-10 00:31:59.387  5300  5300 F DEBUG   :     x20  0000000000000006  x21  0000007dbf0d6a98  x22  0000000000000002  x23  0000007dbebaaa74
07-10 00:31:59.387  5300  5300 F DEBUG   :     x24  0000000000000000  x25  0000000000000000  x26  0000000000000000  x27  0000000000000000
07-10 00:31:59.387  5300  5300 F DEBUG   :     x28  0000000000000000  x29  0000007fc6933820  x30  0000007dbee0ee58
07-10 00:31:59.387  5300  5300 F DEBUG   :     sp   0000007fc6933800  pc   0000007dbee11a34  pstate 0000000060000000
07-10 00:31:59.394  5300  5300 F DEBUG   : 
07-10 00:31:59.394  5300  5300 F DEBUG   : backtrace:
07-10 00:31:59.394  5300  5300 F DEBUG   :     #00 pc 000000000006ba34  /system/lib64/libc.so (tgkill+8)
