07-10 00:14:54.250   893  1035 D CryptdConnector: SND -> {2 cryptfs unlock_user_key 0 0 ! !}
07-10 00:14:54.251   362   369 D vold    : e4crypt_unlock_user_key 0 serial=0 token_present=0
07-10 00:14:54.251   893  1037 D CryptdConnector: RCV <- {200 2 Command succeeded}
07-10 00:14:54.252   893   893 E WallpaperManagerService: Invalid wallpaper data
07-10 00:14:54.252   893   893 E WallpaperManagerService: Unable to apply new wallpaper
07-10 00:14:54.252   893  1035 D MountService: Thinking about reset, mSystemReady=true, mDaemonConnected=true
07-10 00:14:54.252   893  1035 D VoldConnector: SND -> {3 volume reset}
07-10 00:14:54.253   893   907 I ActivityManager: Force stopping com.android.providers.media appid=10010 user=-1: vold reset
07-10 00:14:54.253   893  1036 D VoldConnector: RCV <- {651 emulated 7}
07-10 00:14:54.254   893  1036 D VoldConnector: RCV <- {659 emulated}
07-10 00:14:54.254   893  1036 D VoldConnector: RCV <- {650 emulated 2 "" ""}
07-10 00:14:54.255   893  1036 D VoldConnector: RCV <- {651 emulated 0}
07-10 00:14:54.255   893  1036 D VoldConnector: RCV <- {200 3 Command succeeded}
07-10 00:14:54.255   893  1035 D VoldConnector: SND -> {4 volume user_added 0 0}
07-10 00:14:54.256   893  1036 D VoldConnector: RCV <- {200 4 Command succeeded}
07-10 00:14:54.256   893   912 V MountService: Found primary storage at VolumeInfo{emulated}:
07-10 00:14:54.256   893   912 V MountService:     type=EMULATED diskId=null partGuid=null mountFlags=0 mountUserId=-1 
07-10 00:14:54.256   893   912 V MountService:     state=UNMOUNTED 
07-10 00:14:54.256   893   912 V MountService:     fsType=null fsUuid=null fsLabel=null 
07-10 00:14:54.256   893   912 V MountService:     path=null internalPath=null 
07-10 00:14:54.267   893   893 I ActivityManager: Start proc 1850:com.android.systemui/u0a23 for service com.android.systemui/.ImageWallpaper
07-10 00:14:54.268   893  1035 D VoldConnector: SND -> {5 volume mount emulated 3 -1}
07-10 00:14:54.270   362   368 V vold    : Waiting for FUSE to spin up...
07-10 00:14:54.270   893   913 D BluetoothManagerService: Message: 20
07-10 00:14:54.271   893   893 D UsbAlsaManager: Adding ALSA device AlsaDevice: [card: 0, device: 0, type: 2]
07-10 00:14:54.271   893   893 D UsbAlsaManager: Adding ALSA device AlsaDevice: [card: 0, device: 0, type: 1]
07-10 00:14:54.271   893  1036 D VoldConnector: RCV <- {651 emulated 1}
07-10 00:14:54.271   893   913 D BluetoothManagerService: Added callback: android.bluetooth.BluetoothAdapter$1@f1addde:true
07-10 00:14:54.271   893   893 D UsbAlsaManager: Adding ALSA device AlsaDevice: [card: 0, device: 1, type: 2]
07-10 00:14:54.271   893   893 D UsbAlsaManager: Adding ALSA device AlsaDevice: [card: 0, device: 1, type: 1]
07-10 00:14:54.271   893   893 D UsbAlsaManager: Adding ALSA device AlsaDevice: [card: 0, device: 2, type: 2]
07-10 00:14:54.271   893   893 D UsbAlsaManager: Adding ALSA device AlsaDevice: [card: 0, device: 2, type: 1]
07-10 00:14:54.271   893   893 D UsbAlsaManager: Adding ALSA device AlsaDevice: [card: 0, device: 3, type: 2]
07-10 00:14:54.271   893  1036 D VoldConnector: RCV <- {656 emulated /data/media}
07-10 00:14:54.271   893   893 D UsbAlsaManager: Adding ALSA device AlsaDevice: [card: 0, device: 3, type: 1]
07-10 00:14:54.272   893   893 D UsbAlsaManager: Adding ALSA device AlsaDevice: [card: 0, device: 4, type: 1]
07-10 00:14:54.272   893   893 D UsbAlsaManager: Adding ALSA device AlsaDevice: [card: 0, device: 5, type: 2]
07-10 00:14:54.272   893   893 D UsbAlsaManager: Adding ALSA device AlsaDevice: [card: 0, device: 5, type: 1]
07-10 00:14:54.272   893  1036 D VoldConnector: RCV <- {655 emulated /storage/emulated}
07-10 00:14:54.272   893   893 D UsbAlsaManager: Adding ALSA device AlsaDevice: [card: 0, device: 6, type: 2]
07-10 00:14:54.272   893   893 D UsbAlsaManager: Adding ALSA device AlsaDevice: [card: 0, device: 7, type: 1]
07-10 00:14:54.272   893   893 D UsbAlsaManager: Adding ALSA device AlsaDevice: [card: 0, device: 8, type: 2]
07-10 00:14:54.272   893   893 D UsbAlsaManager: Adding ALSA device AlsaDevice: [card: 0, device: 10, type: 2]
07-10 00:14:54.272   893   893 D UsbAlsaManager: Adding ALSA device AlsaDevice: [card: 0, device: 10, type: 1]
07-10 00:14:54.272   893   893 D UsbAlsaManager: Adding ALSA device AlsaDevice: [card: 0, device: 11, type: 2]
07-10 00:14:54.272   893   893 D UsbAlsaManager: Adding ALSA device AlsaDevice: [card: 0, device: 11, type: 1]
07-10 00:14:54.272   893   893 D UsbAlsaManager: Adding ALSA device AlsaDevice: [card: 0, device: 12, type: 2]
07-10 00:14:54.272   893   893 D UsbAlsaManager: Adding ALSA device AlsaDevice: [card: 0, device: 12, type: 1]
07-10 00:14:54.272   893   893 D UsbAlsaManager: Adding ALSA device AlsaDevice: [card: 0, device: 13, type: 2]
07-10 00:14:54.272   893   893 D UsbAlsaManager: Adding ALSA device AlsaDevice: [card: 0, device: 13, type: 1]
07-10 00:14:54.272   893   893 D UsbAlsaManager: Adding ALSA device AlsaDevice: [card: 0, device: 14, type: 2]
07-10 00:14:54.272   893   893 D UsbAlsaManager: Adding ALSA device AlsaDevice: [card: 0, device: 14, type: 1]
07-10 00:14:54.272   893   893 D UsbAlsaManager: Adding ALSA device AlsaDevice: [card: 0, device: 15, type: 2]
07-10 00:14:54.272   893   893 D UsbAlsaManager: Adding ALSA device AlsaDevice: [card: 0, device: 15, type: 1]
07-10 00:14:54.272   893   893 D UsbAlsaManager: Adding ALSA device AlsaDevice: [card: 0, device: 16, type: 2]
07-10 00:14:54.273   893   893 D UsbAlsaManager: Adding ALSA device AlsaDevice: [card: 0, device: 19, type: 2]
07-10 00:14:54.273   893   893 D UsbAlsaManager: Adding ALSA device AlsaDevice: [card: 0, device: 19, type: 1]
07-10 00:14:54.273   893   893 D UsbAlsaManager: Adding ALSA device AlsaDevice: [card: 0, device: 20, type: 2]
07-10 00:14:54.273   893   893 D UsbAlsaManager: Adding ALSA device AlsaDevice: [card: 0, device: 20, type: 1]
07-10 00:14:54.273   893   893 D UsbAlsaManager: Adding ALSA device AlsaDevice: [card: 0, device: 21, type: 1]
07-10 00:14:54.273   893   893 D UsbAlsaManager: Adding ALSA device AlsaDevice: [card: 0, device: 22, type: 2]
07-10 00:14:54.273   893   893 D UsbAlsaManager: Adding ALSA device AlsaDevice: [card: 0, device: 22, type: 1]
07-10 00:14:54.273   893   893 D UsbAlsaManager: Adding ALSA device AlsaDevice: [card: 0, device: 23, type: 2]
07-10 00:14:54.273   893   893 D UsbAlsaManager: Adding ALSA device AlsaDevice: [card: 0, device: 23, type: 1]
07-10 00:14:54.273   893   893 D UsbAlsaManager: Adding ALSA device AlsaDevice: [card: 0, device: 24, type: 2]
07-10 00:14:54.273   893   893 D UsbAlsaManager: Adding ALSA device AlsaDevice: [card: 0, device: 24, type: 1]
07-10 00:14:54.273   893   893 D UsbAlsaManager: Adding ALSA device AlsaDevice: [card: 0, device: 25, type: 2]
07-10 00:14:54.273   893   893 D UsbAlsaManager: Adding ALSA device AlsaDevice: [card: 0, device: 26, type: 1]
07-10 00:14:54.273   893   893 D UsbAlsaManager: Adding ALSA device AlsaDevice: [card: 0, device: 27, type: 2]
07-10 00:14:54.273   893   893 D UsbAlsaManager: Adding ALSA device AlsaDevice: [card: 0, device: 28, type: 2]
07-10 00:14:54.273   893   893 D UsbAlsaManager: Adding ALSA device AlsaDevice: [card: 0, device: 29, type: 2]
07-10 00:14:54.273   893   893 D UsbAlsaManager: Adding ALSA device AlsaDevice: [card: 0, device: 30, type: 2]
07-10 00:14:54.273   893   893 D UsbAlsaManager: Adding ALSA device AlsaDevice: [card: 0, device: 31, type: 2]
07-10 00:14:54.273   893   893 D UsbAlsaManager: Adding ALSA device AlsaDevice: [card: 0, device: 32, type: 2]
07-10 00:14:54.273   893   893 D UsbAlsaManager: Adding ALSA device AlsaDevice: [card: 0, device: 33, type: 2]
07-10 00:14:54.273   893   893 D UsbAlsaManager: Adding ALSA device AlsaDevice: [card: 0, device: 34, type: 2]
07-10 00:14:54.274   893   893 D UsbAlsaManager: Adding ALSA device AlsaDevice: [card: 0, device: 35, type: 2]
07-10 00:14:54.274   893   893 D UsbAlsaManager: Adding ALSA device AlsaDevice: [card: 0, device: 35, type: 1]
07-10 00:14:54.274   893   893 D UsbAlsaManager: Adding ALSA device AlsaDevice: [card: 0, device: 36, type: 2]
07-10 00:14:54.274   893   893 D UsbAlsaManager: Adding ALSA device AlsaDevice: [card: 0, device: 36, type: 1]
07-10 00:14:54.274   893   893 D UsbAlsaManager: Adding ALSA device AlsaDevice: [card: 0, device: 43, type: 2]
07-10 00:14:54.274   893   893 D UsbAlsaManager: Adding ALSA device AlsaDevice: [card: 0, device: 44, type: 2]
07-10 00:14:54.274   893   893 D UsbAlsaManager: Adding ALSA device AlsaDevice: [card: 0, device: 44, type: 1]
07-10 00:14:54.274   893   893 D UsbAlsaManager: Adding ALSA device AlsaDevice: [card: 0, device: 45, type: 2]
07-10 00:14:54.274   893   893 D UsbAlsaManager: Adding ALSA device AlsaDevice: [card: 0, device: 45, type: 1]
07-10 00:14:54.274   893   913 D BluetoothManagerService: Message: 30
07-10 00:14:54.275   893  1428 D BluetoothManagerService: Trying to bind to profile: 1, while Bluetooth was disabled
07-10 00:14:54.276   893   913 D BluetoothManagerService: Message: 30
07-10 00:14:54.279   893   893 I SystemServer: WebViewFactory preparation
07-10 00:14:54.285   893   912 I UsbPortManager: USB port added: port=UsbPort{id=otg_default, supportedModes=dual}, status=UsbPortStatus{connected=false, currentMode=none, currentPowerRole=no-power, currentDataRole=no-data, supportedRoleCombinations=[no-power:no-data]}, canChangeMode=true, canChangePowerRole=false, canChangeDataRole=false
07-10 00:14:54.321   893  1036 D VoldConnector: RCV <- {651 emulated 2}
07-10 00:14:54.323   893  1036 D VoldConnector: RCV <- {200 5 Command succeeded}
07-10 00:14:54.359   893   893 W ActivityManager: Slow operation: 55ms so far, now at startProcess: returned from zygote!
07-10 00:14:54.360   893   893 W ActivityManager: Slow operation: 56ms so far, now at startProcess: done updating battery stats
07-10 00:14:54.360   893   893 W ActivityManager: Slow operation: 56ms so far, now at startProcess: building log message
07-10 00:14:54.360   893   893 I ActivityManager: Start proc 1903:WebViewLoader-armeabi-v7a/1037 [android.webkit.WebViewFactory$RelroFileCreator] for 
07-10 00:14:54.360   893   893 W ActivityManager: Slow operation: 56ms so far, now at startProcess: starting to update pids map
07-10 00:14:54.360   893   893 W ActivityManager: Slow operation: 56ms so far, now at startProcess: done updating pids map
07-10 00:14:54.360   893   893 W ActivityManager: Slow operation: 56ms so far, now at startProcess: done starting proc!
07-10 00:14:54.380   893   893 I ActivityManager: Start proc 1916:WebViewLoader-arm64-v8a/1037 [android.webkit.WebViewFactory$RelroFileCreator] for 
07-10 00:14:54.381   893   893 D NetworkManagement: enabling bandwidth control
07-10 00:14:54.599  1840  2038 E ActivityThread: Failed to find provider info for user_dictionary
07-10 00:14:54.628   893   893 I NetworkPolicy: adding default package com.android.providers.downloads (uid 10010 for user 0) to restrict background whitelist
07-10 00:14:54.660   893   893 D NetworkPolicy: setRestrictBackgroundLocked(): false
07-10 00:14:54.734   893   893 I SystemServiceManager: Starting phase 600
07-10 00:14:54.742   893   893 D SensorNotificationService: Cannot obtain dynamic meta sensor, not supported.
07-10 00:14:54.768   893   893 W LocationProviderProxy-network: Odd, no component found for service com.android.location.service.v3.NetworkLocationProvider
07-10 00:14:54.770   893   893 W GeocoderProxy: Odd, no component found for service com.android.location.service.GeocodeProvider
07-10 00:14:54.786   893   893 W FusedProxy: Odd, no component found for service com.android.location.service.FusedProvider
07-10 00:14:54.788   893   893 W GeofenceProxy: Odd, no component found for service com.android.location.service.GeofenceProvider
07-10 00:14:54.796   893   893 W ActivityRecognitionProxy: Odd, no component found for service com.android.location.service.ActivityRecognitionProvider
07-10 00:14:54.808   893   893 I MmsServiceBroker: Delay connecting to MmsService until an API is called
07-10 00:14:54.813   893   893 W VoiceInteractionManagerService: no available voice interaction services found for user 0
07-10 00:14:54.813   893   893 W VoiceInteractionManagerService: no available voice recognition services found for user 0
07-10 00:14:54.822   893   893 I ActivityManager: Start proc 2130:com.android.phone/1001 for added application com.android.phone
07-10 00:14:54.823   893   893 I ActivityManager: START u0 {act=android.intent.action.MAIN cat=[android.intent.category.HOME] flg=0x10000100 cmp=com.android.settings/.FallbackHome} from uid 0 on display 0
07-10 00:14:54.829   893   893 I ActivityManager: Loaded persisted task ids for user 0
07-10 00:14:54.843   893   893 I ActivityManager: Start proc 2157:com.android.settings/1000 for activity com.android.settings/.FallbackHome
07-10 00:14:54.844   893   893 E Build   : Mismatched fingerprints; system reported Android/aosp_angler/angler:7.0/NRD90M/lvlian:userdebug/test-keys but vendor reported google/angler/angler:7.0/NBD90X/3254009:user/release-keys
07-10 00:14:54.844   893   893 E ActivityManager: Build fingerprint is not consistent, warning user
07-10 00:14:54.846   893   893 I SystemServer: Enabled StrictMode for system server main thread.
07-10 00:14:54.848   893   906 W LocationProviderProxy-network: Odd, no component found for service com.android.location.service.v3.NetworkLocationProvider
07-10 00:14:54.848   893   906 W GeocoderProxy: Odd, no component found for service com.android.location.service.GeocodeProvider
07-10 00:14:54.849   893   906 W FusedProxy: Odd, no component found for service com.android.location.service.FusedProvider
07-10 00:14:54.849   893   906 W GeofenceProxy: Odd, no component found for service com.android.location.service.GeofenceProvider
07-10 00:14:54.849   893   906 W ActivityRecognitionProxy: Odd, no component found for service com.android.location.service.ActivityRecognitionProvider
07-10 00:14:54.850   893   893 W ContextImpl: Calling a method in the system process without a qualified user: android.app.ContextImpl.startService:1385 com.android.server.content.SyncManager$13.run:631 android.os.Handler.handleCallback:751 android.os.Handler.dispatchMessage:95 android.os.Looper.loop:154 
07-10 00:14:54.854   893   893 D ConditionProviders.SCP: onConnected
07-10 00:14:54.854   893   893 D ZenLog  : set_zen_mode: off,readXml
07-10 00:14:54.857   893   893 D ConditionProviders: Subscribing to condition://android/event?userId=-10000&calendar=&reply=1 with ComponentInfo{android/com.android.server.notification.EventConditionProvider}
07-10 00:14:54.857   893   893 D ZenLog  : subscribe: condition://android/event?userId=-10000&calendar=&reply=1,ok
07-10 00:14:54.858   893   893 D ConditionProviders: Subscribing to condition://android/schedule?days=1.2.3.4.5&start=22.0&end=7.0&exitAtAlarm=false with ComponentInfo{android/com.android.server.notification.ScheduleConditionProvider}
07-10 00:14:54.858   893   893 D ZenLog  : subscribe: condition://android/schedule?days=1.2.3.4.5&start=22.0&end=7.0&exitAtAlarm=false,ok
07-10 00:14:54.858   893   893 D ConditionProviders: Subscribing to condition://android/schedule?days=6.7&start=23.30&end=10.0&exitAtAlarm=false with ComponentInfo{android/com.android.server.notification.ScheduleConditionProvider}
07-10 00:14:54.858   893   893 D ZenLog  : subscribe: condition://android/schedule?days=6.7&start=23.30&end=10.0&exitAtAlarm=false,ok
07-10 00:14:54.889   893   893 D ZenLog  : set_zen_mode: off,cleanUpZenRules
07-10 00:14:54.890   893  1873 I StatusBarManagerService: registerStatusBar bar=com.android.internal.statusbar.IStatusBar$Stub$Proxy@e7203b2
07-10 00:14:54.937   893   893 D BluetoothManagerService: Trying to bind to profile: 1, while Bluetooth was disabled
07-10 00:14:54.937   893   913 D BluetoothManagerService: Message: 30
07-10 00:14:54.944   893   893 I Telecom : SystemStateProvider: Registering car mode receiver: android.content.IntentFilter@7de0629: TS.init@AAA
07-10 00:14:54.952   893  2229 I Telecom : Telecom: Non-call EVENT: AUDIO_ROUTE, Entering state QuiescentEarpieceRoute
07-10 00:14:54.958   893  2231 I Telecom : CallAudioModeStateMachine: Message received: null.: TS.init->CAMSM.pM_1@AAA_0
07-10 00:14:54.971   893  2235 E ActivityThread: Failed to find provider info for call_log
07-10 00:14:54.971   893   893 D BluetoothManagerService: Trying to bind to profile: 1, while Bluetooth was disabled
07-10 00:14:54.971   893   913 D BluetoothManagerService: Message: 30
07-10 00:14:54.974   893   893 I Telecom : Class: TelecomSystem.INSTANCE being set
07-10 00:14:54.975   893   893 W ContextImpl: Calling a method in the system process without a qualified user: android.app.ContextImpl.startService:1385 android.content.ContextWrapper.startService:613 com.android.server.telecom.components.TelecomService.initializeTelecomSystem:155 com.android.server.telecom.components.TelecomService.onBind:56 android.app.ActivityThread.handleBindService:3189 
07-10 00:14:55.035   893   893 V WiredAccessoryManager: notifyWiredAccessoryChanged: when=0 bits= mask=54
07-10 00:14:55.035   893   893 V WiredAccessoryManager: newName=h2w newState=0 headsetState=0 prev headsetState=0
07-10 00:14:55.035   893   893 V WiredAccessoryManager: init()
07-10 00:14:55.062   893   907 W KeyguardServiceDelegate: onScreenTurningOn(): no keyguard service!
07-10 00:14:55.082   893   893 D ConditionProviders.SCP: onSubscribe condition://android/schedule?days=1.2.3.4.5&start=22.0&end=7.0&exitAtAlarm=false
07-10 00:14:55.083   893   893 D ConditionProviders.SCP: setRegistered true
07-10 00:14:55.083   893   893 D ConditionProviders.SCP: notifyCondition condition://android/schedule?days=1.2.3.4.5&start=22.0&end=7.0&exitAtAlarm=false STATE_TRUE reason=meetsSchedule
07-10 00:14:55.083   893   906 I SyncManager: Got SyncJobService instance.
07-10 00:14:55.085   893   893 D ConditionProviders.SCP: Scheduling evaluate for Fri Jul 10 07:00:00 GMT+00:00 1970 (16441200000), in +6h45m4s917ms, now=Fri Jul 10 00:14:55 GMT+00:00 1970 (16416895083)
07-10 00:14:55.085   893  1355 E ActivityThread: Failed to find provider info for com.android.calendar
07-10 00:14:55.085   893   893 D ConditionProviders.SCP: onSubscribe condition://android/schedule?days=6.7&start=23.30&end=10.0&exitAtAlarm=false
07-10 00:14:55.085   893  1355 E ActivityThread: Failed to find provider info for com.android.calendar
07-10 00:14:55.086   893   893 D ConditionProviders.SCP: notifyCondition condition://android/schedule?days=6.7&start=23.30&end=10.0&exitAtAlarm=false STATE_FALSE reason=!meetsSchedule
07-10 00:14:55.086   893   893 D ConditionProviders.SCP: notifyCondition condition://android/schedule?days=1.2.3.4.5&start=22.0&end=7.0&exitAtAlarm=false STATE_TRUE reason=meetsSchedule
07-10 00:14:55.087   893   893 D ConditionProviders.SCP: Scheduling evaluate for Fri Jul 10 07:00:00 GMT+00:00 1970 (16441200000), in +6h45m4s914ms, now=Fri Jul 10 00:14:55 GMT+00:00 1970 (16416895086)
07-10 00:14:55.088   893   893 I Telecom : WiredHeadsetManager: ACTION_HEADSET_PLUG event, plugged in: false, : WHC.oADA@AAE
07-10 00:14:55.093   893   893 I ActivityManager: user 0 is still locked. Cannot load recents
07-10 00:14:55.202   893  1293 D ConnectivityService: Got NetworkFactory Messenger for PhoneSwitcherNetworkRequstListener
07-10 00:14:55.207   893  1293 D ConnectivityService: Got NetworkFactory Messenger for TelephonyNetworkFactory[0]
07-10 00:14:55.217  2130  2348 E ActivityThread: Failed to find provider info for com.android.contacts
07-10 00:14:55.220   893   913 D BluetoothManagerService: Message: 20
07-10 00:14:55.220   893   913 D BluetoothManagerService: Added callback: android.bluetooth.IBluetoothManagerCallback$Stub$Proxy@be5f2a1:true
07-10 00:14:55.223   893   913 D BluetoothManagerService: Message: 30
07-10 00:14:55.224   893   913 D BluetoothManagerService: Message: 20
07-10 00:14:55.224   893   913 D BluetoothManagerService: Added callback: android.bluetooth.IBluetoothManagerCallback$Stub$Proxy@931814c:true
07-10 00:14:55.224   893   913 D BluetoothManagerService: Message: 30
07-10 00:14:55.225   893   904 D BluetoothManagerService: Trying to bind to profile: 1, while Bluetooth was disabled
07-10 00:14:55.225   893   913 D BluetoothManagerService: Message: 30
07-10 00:14:55.229   893   913 D BluetoothManagerService: Message: 30
07-10 00:14:55.230   893   913 D BluetoothManagerService: Message: 30
07-10 00:14:55.278   893   907 I ActivityManager: Start proc 2360:com.android.cellbroadcastreceiver/u0a4 for broadcast com.android.cellbroadcastreceiver/.CellBroadcastReceiver
07-10 00:14:55.324  1850  2434 E ActivityThread: Failed to find provider info for com.android.contacts
07-10 00:14:55.451   893  2505 I Telecom : PhoneAccountRegistrar: [ComponentInfo{com.android.phone/com.android.services.telephony.TelephonyConnectionService}, [e0184adedf913b076626646d3f52c3b49c39ad6d], UserHandle{0}(icon: Icon(typ=BITMAP size=67x84) -> Icon(typ=BITMAP size=67x84))]: TSI.rPA@AAU
07-10 00:14:55.459   893  2505 I Telecom : : Sending phone-account registered intent as user: TSI.rPA@AAU
07-10 00:14:55.493   893  1041 E WifiP2pService: Unable to change interface settings: java.lang.IllegalStateException: command '28 interface setcfg p2p0 0.0.0.0 0 up' failed with '400 28 Failed to clear address (No such device)'
07-10 00:14:55.508   893  1873 I Telecom : PhoneAccountRegistrar: [ComponentInfo{com.android.phone/com.android.services.telephony.TelephonyConnectionService}, [e0184adedf913b076626646d3f52c3b49c39ad6d], UserHandle{0}(icon: Icon(typ=BITMAP size=67x84) -> Icon(typ=BITMAP size=67x84))]: TSI.rPA@AAk
07-10 00:14:55.512   893  1873 I Telecom : : Sending phone-account registered intent as user: TSI.rPA@AAk
07-10 00:14:55.568   893   904 I Telecom : PhoneAccountRegistrar: [ComponentInfo{com.android.phone/com.android.services.telephony.TelephonyConnectionService}, [e0184adedf913b076626646d3f52c3b49c39ad6d], UserHandle{0}(icon: Icon(typ=BITMAP size=67x84) -> Icon(typ=BITMAP size=67x84))]: TSI.rPA@AA0
07-10 00:14:55.570   893   904 I Telecom : : Sending phone-account registered intent as user: TSI.rPA@AA0
07-10 00:14:55.911  2910  2910 F libc    : Fatal signal 6 (SIGABRT), code -6 in tid 2910 (bootstat)
07-10 00:14:55.965  2921  2921 F DEBUG   : *** *** *** *** *** *** *** *** *** *** *** *** *** *** *** ***
07-10 00:14:55.966  2921  2921 F DEBUG   : Build fingerprint: 'Android/aosp_angler/angler:7.0/NRD90M/lvlian:userdebug/test-keys'
07-10 00:14:55.966  2921  2921 F DEBUG   : Revision: '0'
07-10 00:14:55.967  2921  2921 F DEBUG   : ABI: 'arm64'
07-10 00:14:55.967  2921  2921 F DEBUG   : pid: 2910, tid: 2910, name: bootstat  >>> /system/bin/bootstat <<<
07-10 00:14:55.967  2921  2921 F DEBUG   : signal 6 (SIGABRT), code -6 (SI_TKILL), fault addr --------
07-10 00:14:55.968  2921  2921 F DEBUG   : Abort message: 'terminating with uncaught exception of type std::invalid_argument: stoi: no conversion'
07-10 00:14:55.968  2921  2921 F DEBUG   :     x0   0000000000000000  x1   0000000000000b5e  x2   0000000000000006  x3   0000000000000008
07-10 00:14:55.968  2921  2921 F DEBUG   :     x4   ffffffffffffffff  x5   0000000000000000  x6   0000000000008080  x7   756d6e621f6e6d1f
07-10 00:14:55.968  2921  2921 F DEBUG   :     x8   0000000000000083  x9   ffffffffffffffdf  x10  0000000000000000  x11  0000000000000001
07-10 00:14:55.968  2921  2921 F DEBUG   :     x12  0000000000000030  x13  0000000000000000  x14  0000000000000000  x15  0036579736e65d24
07-10 00:14:55.968  2921  2921 F DEBUG   :     x16  00000071d2bfded0  x17  00000071d2ba7a2c  x18  0000000000000000  x19  00000071d2da4b40
07-10 00:14:55.968  2921  2921 F DEBUG   :     x20  0000000000000006  x21  00000071d2da4a98  x22  0000000000000000  x23  0000007fc503b360
07-10 00:14:55.969  2921  2921 F DEBUG   :     x24  0000007fc503b450  x25  00000071d2bff9c0  x26  0000007fc503b388  x27  000000000000000d
07-10 00:14:55.969  2921  2921 F DEBUG   :     x28  0000005567d76021  x29  0000007fc503b230  x30  00000071d2ba4e58
07-10 00:14:55.969  2921  2921 F DEBUG   :     sp   0000007fc503b210  pc   00000071d2ba7a34  pstate 0000000060000000
07-10 00:14:55.975  2921  2921 F DEBUG   : 
07-10 00:14:55.975  2921  2921 F DEBUG   : backtrace:
07-10 00:14:55.975  2921  2921 F DEBUG   :     #00 pc 000000000006ba34  /system/lib64/libc.so (tgkill+8)
07-10 00:14:55.975  2921  2921 F DEBUG   :     #01 pc 0000000000068e54  /system/lib64/libc.so (pthread_kill+64)
07-10 00:14:55.975  2921  2921 F DEBUG   :     #02 pc 0000000000023ed8  /system/lib64/libc.so (raise+24)
07-10 00:14:55.975  2921  2921 F DEBUG   :     #03 pc 000000000001c790  /system/lib64/libc.so (abort+52)
07-10 00:14:55.975  2921  2921 F DEBUG   :     #04 pc 00000000000438c0  /system/lib64/libc++.so
07-10 00:14:55.975  2921  2921 F DEBUG   :     #05 pc 0000000000043a6c  /system/lib64/libc++.so
07-10 00:14:55.975  2921  2921 F DEBUG   :     #06 pc 000000000006e140  /system/lib64/libc++.so
07-10 00:14:55.975  2921  2921 F DEBUG   :     #07 pc 000000000006d7a4  /system/lib64/libc++.so (__cxa_throw+204)
07-10 00:14:55.975  2921  2921 F DEBUG   :     #08 pc 00000000000b820c  /system/lib64/libc++.so (_ZNSt3__14stoiERKNS_12basic_stringIcNS_11char_traitsIcEENS_9allocatorIcEEEEPmi+540)
07-10 00:14:55.976  2921  2921 F DEBUG   :     #09 pc 0000000000003378  /system/bin/bootstat
07-10 00:14:55.976  2921  2921 F DEBUG   :     #10 pc 000000000001a514  /system/lib64/libc.so (__libc_init+88)
07-10 00:14:55.976  2921  2921 F DEBUG   :     #11 pc 0000000000002890  /system/bin/bootstat
07-10 00:14:56.007   893  1870 W NativeCrashListener: Couldn't find ProcessRecord for pid 2910
07-10 00:14:56.060   893  1042 D WifiService: New client listening to asynchronous messages
07-10 00:14:56.062   893   908 W WindowManager: Keyguard drawn timeout. Setting mKeyguardDrawComplete
07-10 00:14:56.216   893  1439 I ActivityManager: user 0 is still locked. Cannot load recents
07-10 00:14:56.269   893   914 I WindowManager: Destroying surface Surface(name=KeyguardScrim) called by com.android.server.wm.WindowStateAnimator.destroySurface:2014 com.android.server.wm.WindowStateAnimator.destroySurfaceLocked:881 com.android.server.wm.WindowState.destroyOrSaveSurface:2073 com.android.server.wm.WindowSurfacePlacer.performSurfacePlacementInner:429 com.android.server.wm.WindowSurfacePlacer.performSurfacePlacementLoop:232 com.android.server.wm.WindowSurfacePlacer.performSurfacePlacement:180 com.android.server.wm.WindowManagerService$H.handleMessage:8079 android.os.Handler.dispatchMessage:102 
07-10 00:14:56.295   893   914 I SystemServiceManager: Starting phase 1000
07-10 00:14:56.310   893   914 I ActivityManager: Start proc 3188:android.ext.services/u0a12 for on-hold
07-10 00:14:56.311   893   914 D ActivityManager: Finishing user boot 0
07-10 00:14:56.313   893   914 D CryptdConnector: SND -> {3 cryptfs prepare_user_storage ! 0 0 2}
07-10 00:14:56.313   362   369 D vold    : e4crypt_prepare_user_storage for volume null, user 0, serial 0, flags 2
07-10 00:14:56.314   362   369 D vold    : Preparing: /data/system_ce/0
07-10 00:14:56.314   362   369 D vold    : Preparing: /data/misc_ce/0
07-10 00:14:56.314   362   369 D vold    : Preparing: /data/media/0
07-10 00:14:56.314   362   369 D vold    : Preparing: /data/data
07-10 00:14:56.314   893  1037 D CryptdConnector: RCV <- {200 3 Command succeeded}
07-10 00:14:56.315   893   914 V UserManagerService: Found /data/user/0 with serial number 0
07-10 00:14:56.315   893   914 V UserManagerService: Found /data/system_ce/0 with serial number 0
07-10 00:14:56.315   893   914 V PackageManager: reconcileAppsData for null u0 0x2
07-10 00:14:56.416   893   914 V PackageManager: reconcileAppsData finished 78 packages; restoreconNeeded was false
07-10 00:14:56.416   893   914 I PowerManagerService: Going to sleep due to lid switch (uid 1000)...
07-10 00:14:56.416   893   914 I PowerManagerService: Sleeping (uid 1000)...
07-10 00:14:56.428   893   907 I ActivityManager: Start proc 3220:com.android.deskclock/u0a37 for broadcast com.android.deskclock/.AlarmInitReceiver
07-10 00:14:56.428   893   907 D BluetoothManagerService: User 0 unlocked
07-10 00:14:56.428   893   913 D BluetoothManagerService: Message: 301
07-10 00:14:56.428   893   913 D BluetoothManagerService: MESSAGE_USER_UNLOCKED
07-10 00:14:56.451   893   907 D MountService: onUnlockUser 0
07-10 00:14:56.451   893   907 D VoldConnector: SND -> {6 volume user_started 0}
07-10 00:14:56.454   362   368 D vold    : Linking /storage/emulated/0 to /mnt/user/0/primary
07-10 00:14:56.454   893  1036 D VoldConnector: RCV <- {200 6 Command succeeded}
07-10 00:14:56.459   893  1035 D MountService: Volume emulated broadcasting mounted to UserHandle{0}
07-10 00:14:56.520   893   907 V BackupManagerService: No ancestral data
07-10 00:14:56.545   893   907 V KeyValueBackupJob: Scheduling k/v pass in 247 minutes
07-10 00:14:56.600   893   907 V BackupManagerService: Starting with transport android/com.android.internal.backup.LocalTransport
07-10 00:14:56.600   893   907 V BackupManagerService: Found transports: 1
07-10 00:14:56.600   893   907 W BackupManagerService: Proposed transport ComponentInfo{android/com.android.internal.backup.LocalTransportService} not whitelisted; ignoring
07-10 00:14:56.600   893   907 I BackupManagerService: Found stale backup journal, scheduling
07-10 00:14:56.607   893   907 I BackupManagerService: Backup enabled => false
07-10 00:14:56.636   893   907 W VoiceInteractionManagerService: no available voice interaction services found for user 0
07-10 00:14:56.636   893   907 W VoiceInteractionManagerService: no available voice recognition services found for user 0
07-10 00:14:56.637   893   907 I ActivityManager: Loading recents for user 0 into memory.
07-10 00:14:56.664   893   907 I ActivityManager: Start proc 3258:com.android.nfc/1027 for added application com.android.nfc
07-10 00:14:56.666   893   907 D ActivityManager: Sending BOOT_COMPLETE user #0
07-10 00:14:56.690   893   906 I ActivityManager: Start proc 3283:com.android.printspooler/u0a53 for service com.android.printspooler/.model.PrintSpoolerService
07-10 00:14:56.757   893  2351 I ActivityManager: Start proc 3308:com.android.keychain/1000 for service com.android.keychain/.KeyChainService
07-10 00:14:56.799   893   904 I WindowManager: Destroying surface Surface(name=com.android.settings/com.android.settings.FallbackHome) called by com.android.server.wm.WindowStateAnimator.destroySurface:2014 com.android.server.wm.WindowStateAnimator.destroySurfaceLocked:881 com.android.server.wm.WindowState.removeLocked:1449 com.android.server.wm.WindowManagerService.removeWindowInnerLocked:2478 com.android.server.wm.WindowManagerService.removeWindowLocked:2436 com.android.server.wm.WindowManagerService.removeWindowLocked:2305 com.android.server.wm.WindowManagerService.removeWindow:2300 com.android.server.wm.Session.remove:193 
07-10 00:14:56.823   893  1439 I ActivityManager: START u0 {act=android.intent.action.MAIN cat=[android.intent.category.HOME] flg=0x10000100 cmp=com.android.launcher3/.Launcher} from uid 0 on display 0
07-10 00:14:56.831   893   913 D BluetoothManagerService: Message: 20
07-10 00:14:56.831   893   913 D BluetoothManagerService: Added callback: android.bluetooth.IBluetoothManagerCallback$Stub$Proxy@118bc1c:true
07-10 00:14:56.854   893   907 I ActivityManager: Start proc 3339:com.android.launcher3/u0a14 for activity com.android.launcher3/.Launcher
07-10 00:14:56.870   893   906 W LocationProviderProxy-network: Odd, no component found for service com.android.location.service.v3.NetworkLocationProvider
07-10 00:14:56.873   893   906 W GeocoderProxy: Odd, no component found for service com.android.location.service.GeocodeProvider
07-10 00:14:56.873   893   906 W FusedProxy: Odd, no component found for service com.android.location.service.FusedProvider
07-10 00:14:56.873   893   906 W GeofenceProxy: Odd, no component found for service com.android.location.service.GeofenceProvider
07-10 00:14:56.873   893   906 W ActivityRecognitionProxy: Odd, no component found for service com.android.location.service.ActivityRecognitionProvider
07-10 00:14:56.876   893   914 W WindowManager: App freeze timeout expired.
07-10 00:14:56.925   893  2505 I ActivityManager: Start proc 3359:android.process.media/u0a10 for broadcast com.android.providers.downloads/.DownloadReceiver
07-10 00:14:57.278   893   914 I DisplayManagerService: Display device changed state: "Built-in Screen", OFF
07-10 00:14:57.382   893   904 I ActivityManager: Start proc 3451:com.android.dialer/u0a8 for broadcast com.android.dialer/.calllog.CallLogReceiver
07-10 00:14:57.410   893   907 W ActivityManager: Activity pause timeout for ActivityRecord{a77e084 u0 com.android.launcher3/.Launcher t40}
07-10 00:14:57.414   893  3450 I BootReceiver: Copying /sys/fs/pstore/console-ramoops to DropBox (SYSTEM_LAST_KMSG)
07-10 00:14:57.437   893  3450 I BootReceiver: Copying audit failures to DropBox
07-10 00:14:57.444   893  3450 I BootReceiver: Copied 0 worth of audits to DropBox
07-10 00:14:57.459   893  3450 I BootReceiver: Checking for fsck errors
07-10 00:14:57.460   893  3450 I BootReceiver: Copying /data/tombstones/tombstone_04 to DropBox (SYSTEM_TOMBSTONE)
07-10 00:14:57.475   893  3450 I BootReceiver: Copying /data/tombstones/tombstone_05 to DropBox (SYSTEM_TOMBSTONE)
07-10 00:14:57.492   893  3450 I BootReceiver: Copying /data/tombstones/tombstone_06 to DropBox (SYSTEM_TOMBSTONE)
07-10 00:14:57.571   893   914 I WindowManager: Destroying surface Surface(name=Starting com.android.launcher3) called by com.android.server.wm.WindowStateAnimator.destroySurface:2014 com.android.server.wm.WindowStateAnimator.destroySurfaceLocked:881 com.android.server.wm.WindowState.removeLocked:1449 com.android.server.wm.WindowManagerService.removeWindowInnerLocked:2478 com.android.server.wm.WindowManagerService.removeWindowLocked:2436 com.android.server.wm.WindowManagerService.removeWindowLocked:2305 com.android.server.wm.WindowManagerService.removeWindow:2300 com.android.server.wm.Session.remove:193 
07-10 00:14:57.676   893  1293 D ConnectivityService: Got NetworkFactory Messenger for WIFI
07-10 00:14:57.676   893  1293 D ConnectivityService: Got NetworkFactory Messenger for WIFI_UT
07-10 00:14:57.696   893  1439 I ActivityManager: Start proc 3516:com.android.calendar/u0a32 for broadcast com.android.calendar/.alerts.AlertReceiver
07-10 00:14:57.715   893  1873 I ActivityManager: Start proc 3531:com.android.carrierconfig/u0a3 for service com.android.carrierconfig/.DefaultCarrierConfigService
07-10 00:14:57.732   893  3239 I ActivityManager: Start proc 3544:android.process.acore/u0a1 for content provider com.android.providers.contacts/.CallLogProvider
07-10 00:14:57.809   893   893 I Telecom : PhoneAccountRegistrar: SimCallManager queried, returning: null: TSI.gSCMFU@ABM
07-10 00:14:58.083   893  1873 I ActivityManager: Start proc 3600:com.android.email/u0a40 for broadcast com.android.email/.service.EmailBroadcastReceiver
07-10 00:14:58.288   893  2505 I ActivityManager: Start proc 3664:com.android.providers.calendar/u0a2 for content provider com.android.providers.calendar/.CalendarProvider2
07-10 00:14:58.432  3691  3691 F libc    : Fatal signal 6 (SIGABRT), code -6 in tid 3691 (inputflinger)
07-10 00:14:58.489  3697  3697 F DEBUG   : *** *** *** *** *** *** *** *** *** *** *** *** *** *** *** ***
07-10 00:14:58.489  3697  3697 F DEBUG   : Build fingerprint: 'Android/aosp_angler/angler:7.0/NRD90M/lvlian:userdebug/test-keys'
07-10 00:14:58.489  3697  3697 F DEBUG   : Revision: '0'
07-10 00:14:58.489  3697  3697 F DEBUG   : ABI: 'arm64'
07-10 00:14:58.489  3697  3697 F DEBUG   : pid: 3691, tid: 3691, name: inputflinger  >>> /system/bin/inputflinger <<<
07-10 00:14:58.489  3697  3697 F DEBUG   : signal 6 (SIGABRT), code -6 (SI_TKILL), fault addr --------
07-10 00:14:58.491  3697  3697 F DEBUG   : Abort message: 'Input module evdev not found'
07-10 00:14:58.491  3697  3697 F DEBUG   :     x0   0000000000000000  x1   0000000000000e6b  x2   0000000000000006  x3   0000000000000008
07-10 00:14:58.491  3697  3697 F DEBUG   :     x4   0000000000000000  x5   0000000000000000  x6   0000007bc1e1c000  x7   0000000000000000
07-10 00:14:58.491  3697  3697 F DEBUG   :     x8   0000000000000083  x9   ffffffffffffffdf  x10  0000000000000000  x11  0000000000000001
07-10 00:14:58.491  3697  3697 F DEBUG   :     x12  0000000000000018  x13  0000000000000000  x14  0000000000000000  x15  0019c9bc23b37dd5
07-10 00:14:58.491  3697  3697 F DEBUG   :     x16  0000007bc1a92ed0  x17  0000007bc1a3ca2c  x18  0000000000000000  x19  0000007bc1ecfb40
07-10 00:14:58.491  3697  3697 F DEBUG   :     x20  0000000000000006  x21  0000007bc1ecfa98  x22  0000000000000002  x23  0000007bc1cc3a74
07-10 00:14:58.491  3697  3697 F DEBUG   :     x24  0000000000000000  x25  0000000000000000  x26  0000000000000000  x27  0000000000000000
07-10 00:14:58.491  3697  3697 F DEBUG   :     x28  0000000000000000  x29  0000007fe11dd9f0  x30  0000007bc1a39e58
07-10 00:14:58.491  3697  3697 F DEBUG   :     sp   0000007fe11dd9d0  pc   0000007bc1a3ca34  pstate 0000000060000000
07-10 00:14:58.495  3697  3697 F DEBUG   : 
07-10 00:14:58.495  3697  3697 F DEBUG   : backtrace:
07-10 00:14:58.495  3697  3697 F DEBUG   :     #00 pc 000000000006ba34  /system/lib64/libc.so (tgkill+8)
07-10 00:14:58.495  3697  3697 F DEBUG   :     #01 pc 0000000000068e54  /system/lib64/libc.so (pthread_kill+64)
07-10 00:14:58.495  3697  3697 F DEBUG   :     #02 pc 0000000000023ed8  /system/lib64/libc.so (raise+24)
07-10 00:14:58.495  3697  3697 F DEBUG   :     #03 pc 000000000001c790  /system/lib64/libc.so (abort+52)
07-10 00:14:58.495  3697  3697 F DEBUG   :     #04 pc 00000000000055ec  /system/lib64/liblog.so (__android_log_assert+224)
07-10 00:14:58.495  3697  3697 F DEBUG   :     #05 pc 00000000000080fc  /system/lib64/libinputflingerhost.so (_ZN7android11InputDriverC1EPKc+180)
07-10 00:14:58.495  3697  3697 F DEBUG   :     #06 pc 0000000000007648  /system/lib64/libinputflingerhost.so (_ZN7android12InputFlingerC1Ev+312)
07-10 00:14:58.495  3697  3697 F DEBUG   :     #07 pc 0000000000000cb4  /system/bin/inputflinger
07-10 00:14:58.495  3697  3697 F DEBUG   :     #08 pc 0000000000000c2c  /system/bin/inputflinger
07-10 00:14:58.495  3697  3697 F DEBUG   :     #09 pc 000000000001a514  /system/lib64/libc.so (__libc_init+88)
07-10 00:14:58.495  3697  3697 F DEBUG   :     #10 pc 0000000000000b38  /system/bin/inputflinger
07-10 00:14:58.519   893  1870 W NativeCrashListener: Couldn't find ProcessRecord for pid 3691
07-10 00:14:58.544   893   911 I BootReceiver: Copying /data/tombstones/tombstone_07 to DropBox (SYSTEM_TOMBSTONE)
07-10 00:14:58.843   893  2505 W ActivityManager: Unable to start service Intent { act=com.android.email.EXCHANGE_INTENT pkg=com.android.exchange } U=0: not found
07-10 00:14:58.938   893  3239 I Telecom : PhoneAccountRegistrar: [ComponentInfo{com.android.phone/com.android.services.telephony.TelephonyConnectionService}, [e0184adedf913b076626646d3f52c3b49c39ad6d], UserHandle{0}(icon: Icon(typ=BITMAP size=67x84) -> Icon(typ=BITMAP size=67x84))]: TSI.rPA@ABQ
07-10 00:14:58.941   893  3239 I Telecom : : Sending phone-account registered intent as user: TSI.rPA@ABQ
07-10 00:14:58.987  2130  2130 D MccTable: updateMccMncConfiguration mccmnc='00000' fromServiceState=true
07-10 00:14:58.988  2130  2130 D MccTable: updateMccMncConfiguration defaultMccMnc=
07-10 00:14:58.988  2130  2130 D MccTable: updateMccMncConfiguration: mcc=0, mnc=0
07-10 00:14:58.988  2130  2130 D MccTable: WIFI_COUNTRY_CODE set to 
07-10 00:14:58.992   893  2505 I WifiService: WifiService trying to set country code to  with persist set to true
07-10 00:14:59.015   893   905 I ActivityManager: Start proc 3879:com.android.managedprovisioning/u0a15 for broadcast com.android.managedprovisioning/.BootReminder
07-10 00:14:59.028   893  1873 I Telecom : PhoneAccountRegistrar: [ComponentInfo{com.android.phone/com.android.services.telephony.TelephonyConnectionService}, [e0184adedf913b076626646d3f52c3b49c39ad6d], UserHandle{0}(icon: Icon(typ=BITMAP size=67x84) -> Icon(typ=BITMAP size=67x84))]: TSI.rPA@ABg
07-10 00:14:59.034   893  1873 I Telecom : : Sending phone-account registered intent as user: TSI.rPA@ABg
07-10 00:14:59.149   893  1873 I ActivityManager: Start proc 3918:com.android.messaging/u0a57 for broadcast com.android.messaging/.receiver.BootAndPackageReplacedReceiver
07-10 00:14:59.324   893  1873 W ActivityManager: Unable to start service Intent { act=com.android.email.EXCHANGE_INTENT pkg=com.android.exchange } U=0: not found
07-10 00:14:59.336   893   905 W ActivityManager: Unable to start service Intent { cmp=com.android.email/.service.AttachmentService } U=0: not found
07-10 00:14:59.389   893  2505 W ActivityManager: Unable to start service Intent { act=com.android.email.EXCHANGE_INTENT pkg=com.android.exchange } U=0: not found
07-10 00:14:59.394   893   905 W ActivityManager: Unable to start service Intent { act=com.android.email.EXCHANGE_INTENT pkg=com.android.exchange } U=0: not found
07-10 00:14:59.397  3600  3600 E ActivityThread: Service com.android.email.service.EmailBroadcastProcessorService has leaked ServiceConnection com.android.emailcommon.service.ServiceProxy$ProxyConnection@fa19b3f that was originally bound here
07-10 00:14:59.397  3600  3600 E ActivityThread: android.app.ServiceConnectionLeaked: Service com.android.email.service.EmailBroadcastProcessorService has leaked ServiceConnection com.android.emailcommon.service.ServiceProxy$ProxyConnection@fa19b3f that was originally bound here
07-10 00:14:59.397  3600  3600 E ActivityThread: 	at android.app.LoadedApk$ServiceDispatcher.<init>(LoadedApk.java:1336)
07-10 00:14:59.397  3600  3600 E ActivityThread: 	at android.app.LoadedApk.getServiceDispatcher(LoadedApk.java:1231)
07-10 00:14:59.397  3600  3600 E ActivityThread: 	at android.app.ContextImpl.bindServiceCommon(ContextImpl.java:1478)
07-10 00:14:59.397  3600  3600 E ActivityThread: 	at android.app.ContextImpl.bindService(ContextImpl.java:1450)
07-10 00:14:59.397  3600  3600 E ActivityThread: 	at android.content.ContextWrapper.bindService(ContextWrapper.java:636)
07-10 00:14:59.397  3600  3600 E ActivityThread: 	at com.android.emailcommon.service.ServiceProxy.setTask(ServiceProxy.java:181)
07-10 00:14:59.397  3600  3600 E ActivityThread: 	at com.android.emailcommon.service.ServiceProxy.test(ServiceProxy.java:224)
07-10 00:14:59.397  3600  3600 E ActivityThread: 	at com.android.email.service.EmailServiceUtils.isServiceAvailable(EmailServiceUtils.java:160)
07-10 00:14:59.397  3600  3600 E ActivityThread: 	at com.android.email.provider.AccountReconciler.reconcileAccountsInternal(AccountReconciler.java:171)
07-10 00:14:59.397  3600  3600 E ActivityThread: 	at com.android.email.provider.AccountReconciler.reconcileAccounts(AccountReconciler.java:115)
07-10 00:14:59.397  3600  3600 E ActivityThread: 	at com.android.email.service.EmailBroadcastProcessorService.reconcileAndStartServices(EmailBroadcastProcessorService.java:305)
07-10 00:14:59.397  3600  3600 E ActivityThread: 	at com.android.email.service.EmailBroadcastProcessorService.onBootCompleted(EmailBroadcastProcessorService.java:295)
07-10 00:14:59.397  3600  3600 E ActivityThread: 	at com.android.email.service.EmailBroadcastProcessorService.onHandleIntent(EmailBroadcastProcessorService.java:130)
07-10 00:14:59.397  3600  3600 E ActivityThread: 	at android.app.IntentService$ServiceHandler.handleMessage(IntentService.java:67)
07-10 00:14:59.397  3600  3600 E ActivityThread: 	at android.os.Handler.dispatchMessage(Handler.java:102)
07-10 00:14:59.397  3600  3600 E ActivityThread: 	at android.os.Looper.loop(Looper.java:154)
07-10 00:14:59.397  3600  3600 E ActivityThread: 	at android.os.HandlerThread.run(HandlerThread.java:61)
07-10 00:14:59.398   893  1873 W ActivityManager: Unbind failed: could not find connection for android.os.BinderProxy@afa4a1f
07-10 00:14:59.455   893  2505 I ActivityManager: Start proc 3964:com.android.onetimeinitializer/u0a17 for broadcast com.android.onetimeinitializer/.OneTimeInitializerReceiver
07-10 00:15:01.276  2130  2130 D MccTable: updateMccMncConfiguration mccmnc='null' fromServiceState=true
07-10 00:15:01.276  2130  2130 D MccTable: WIFI_COUNTRY_CODE set to 
07-10 00:15:01.277   893   904 I WifiService: WifiService trying to set country code to  with persist set to true
07-10 00:15:01.298   893   904 I Telecom : PhoneAccountRegistrar: [ComponentInfo{com.android.phone/com.android.services.telephony.TelephonyConnectionService}, [e0184adedf913b076626646d3f52c3b49c39ad6d], UserHandle{0}(icon: Icon(typ=BITMAP size=67x84) -> Icon(typ=BITMAP size=67x84))]: TSI.rPA@ACA
07-10 00:15:01.302   893   904 I Telecom : : Sending phone-account registered intent as user: TSI.rPA@ACA
07-10 00:15:03.336  4163  4163 F libc    : Fatal signal 6 (SIGABRT), code -6 in tid 4163 (inputflinger)
07-10 00:15:03.393  4179  4179 F DEBUG   : *** *** *** *** *** *** *** *** *** *** *** *** *** *** *** ***
07-10 00:15:03.393  4179  4179 F DEBUG   : Build fingerprint: 'Android/aosp_angler/angler:7.0/NRD90M/lvlian:userdebug/test-keys'
07-10 00:15:03.393  4179  4179 F DEBUG   : Revision: '0'
07-10 00:15:03.393  4179  4179 F DEBUG   : ABI: 'arm64'
07-10 00:15:03.394  4179  4179 F DEBUG   : pid: 4163, tid: 4163, name: inputflinger  >>> /system/bin/inputflinger <<<
07-10 00:15:03.394  4179  4179 F DEBUG   : signal 6 (SIGABRT), code -6 (SI_TKILL), fault addr --------
07-10 00:15:03.396  4179  4179 F DEBUG   : Abort message: 'Input module evdev not found'
07-10 00:15:03.396  4179  4179 F DEBUG   :     x0   0000000000000000  x1   0000000000001043  x2   0000000000000006  x3   0000000000000008
07-10 00:15:03.396  4179  4179 F DEBUG   :     x4   0000000000000000  x5   0000000000000000  x6   00000071b630d000  x7   0000000000000000
07-10 00:15:03.396  4179  4179 F DEBUG   :     x8   0000000000000083  x9   ffffffffffffffdf  x10  0000000000000000  x11  0000000000000001
07-10 00:15:03.396  4179  4179 F DEBUG   :     x12  0000000000000018  x13  0000000000000000  x14  0000000000000000  x15  001408de622fd1de
07-10 00:15:03.396  4179  4179 F DEBUG   :     x16  00000071b5ee0ed0  x17  00000071b5e8aa2c  x18  0000000000000000  x19  00000071b63c0b40
07-10 00:15:03.396  4179  4179 F DEBUG   :     x20  0000000000000006  x21  00000071b63c0a98  x22  0000000000000002  x23  00000071b5daba74
07-10 00:15:03.396  4179  4179 F DEBUG   :     x24  0000000000000000  x25  0000000000000000  x26  0000000000000000  x27  0000000000000000
07-10 00:15:03.396  4179  4179 F DEBUG   :     x28  0000000000000000  x29  0000007fc861e760  x30  00000071b5e87e58
07-10 00:15:03.396  4179  4179 F DEBUG   :     sp   0000007fc861e740  pc   00000071b5e8aa34  pstate 0000000060000000
07-10 00:15:03.401  4179  4179 F DEBUG   : 
07-10 00:15:03.401  4179  4179 F DEBUG   : backtrace:
07-10 00:15:03.401  4179  4179 F DEBUG   :     #00 pc 000000000006ba34  /system/lib64/libc.so (tgkill+8)
07-10 00:15:03.401  4179  4179 F DEBUG   :     #01 pc 0000000000068e54  /system/lib64/libc.so (pthread_kill+64)
07-10 00:15:03.401  4179  4179 F DEBUG   :     #02 pc 0000000000023ed8  /system/lib64/libc.so (raise+24)
07-10 00:15:03.401  4179  4179 F DEBUG   :     #03 pc 000000000001c790  /system/lib64/libc.so (abort+52)
07-10 00:15:03.401  4179  4179 F DEBUG   :     #04 pc 00000000000055ec  /system/lib64/liblog.so (__android_log_assert+224)
07-10 00:15:03.401  4179  4179 F DEBUG   :     #05 pc 00000000000080fc  /system/lib64/libinputflingerhost.so (_ZN7android11InputDriverC1EPKc+180)
07-10 00:15:03.401  4179  4179 F DEBUG   :     #06 pc 0000000000007648  /system/lib64/libinputflingerhost.so (_ZN7android12InputFlingerC1Ev+312)
07-10 00:15:03.401  4179  4179 F DEBUG   :     #07 pc 0000000000000cb4  /system/bin/inputflinger
07-10 00:15:03.401  4179  4179 F DEBUG   :     #08 pc 0000000000000c2c  /system/bin/inputflinger
07-10 00:15:03.402  4179  4179 F DEBUG   :     #09 pc 000000000001a514  /system/lib64/libc.so (__libc_init+88)
07-10 00:15:03.402  4179  4179 F DEBUG   :     #10 pc 0000000000000b38  /system/bin/inputflinger
07-10 00:15:03.436   893  1870 W NativeCrashListener: Couldn't find ProcessRecord for pid 4163
07-10 00:15:03.440   893   911 I BootReceiver: Copying /data/tombstones/tombstone_08 to DropBox (SYSTEM_TOMBSTONE)
07-10 00:16:53.202   893   946 I PowerManagerService: Waking up from sleep (uid 1000)...
07-10 00:16:53.224   893   916 I DisplayPowerController: Blocking screen on until initial contents have been drawn.
07-10 00:16:53.646   893   914 I DisplayManagerService: Display device changed state: "Built-in Screen", ON
07-10 00:16:53.749   893   916 I DisplayPowerController: Unblocked screen on after 525 ms
07-10 00:16:54.328  4369  4369 F libc    : Fatal signal 6 (SIGABRT), code -6 in tid 4369 (inputflinger)
07-10 00:16:54.384  4370  4370 F DEBUG   : *** *** *** *** *** *** *** *** *** *** *** *** *** *** *** ***
07-10 00:16:54.384  4370  4370 F DEBUG   : Build fingerprint: 'Android/aosp_angler/angler:7.0/NRD90M/lvlian:userdebug/test-keys'
07-10 00:16:54.384  4370  4370 F DEBUG   : Revision: '0'
07-10 00:16:54.384  4370  4370 F DEBUG   : ABI: 'arm64'
07-10 00:16:54.384  4370  4370 F DEBUG   : pid: 4369, tid: 4369, name: inputflinger  >>> /system/bin/inputflinger <<<
07-10 00:16:54.385  4370  4370 F DEBUG   : signal 6 (SIGABRT), code -6 (SI_TKILL), fault addr --------
07-10 00:16:54.387  4370  4370 F DEBUG   : Abort message: 'Input module evdev not found'
07-10 00:16:54.387  4370  4370 F DEBUG   :     x0   0000000000000000  x1   0000000000001111  x2   0000000000000006  x3   0000000000000008
07-10 00:16:54.387  4370  4370 F DEBUG   :     x4   0000000000000000  x5   0000000000000000  x6   0000007d35ca3000  x7   0000000000000000
