07-10 00:31:59.394  5300  5300 F DEBUG   :     #01 pc 0000000000068e54  /system/lib64/libc.so (pthread_kill+64)
07-10 00:31:59.394  5300  5300 F DEBUG   :     #02 pc 0000000000023ed8  /system/lib64/libc.so (raise+24)
07-10 00:31:59.394  5300  5300 F DEBUG   :     #03 pc 000000000001c790  /system/lib64/libc.so (abort+52)
07-10 00:31:59.395  5300  5300 F DEBUG   :     #04 pc 00000000000055ec  /system/lib64/liblog.so (__android_log_assert+224)
07-10 00:31:59.395  5300  5300 F DEBUG   :     #05 pc 00000000000080fc  /system/lib64/libinputflingerhost.so (_ZN7android11InputDriverC1EPKc+180)
07-10 00:31:59.395  5300  5300 F DEBUG   :     #06 pc 0000000000007648  /system/lib64/libinputflingerhost.so (_ZN7android12InputFlingerC1Ev+312)
07-10 00:31:59.395  5300  5300 F DEBUG   :     #07 pc 0000000000000cb4  /system/bin/inputflinger
07-10 00:31:59.395  5300  5300 F DEBUG   :     #08 pc 0000000000000c2c  /system/bin/inputflinger
07-10 00:31:59.395  5300  5300 F DEBUG   :     #09 pc 000000000001a514  /system/lib64/libc.so (__libc_init+88)
07-10 00:31:59.395  5300  5300 F DEBUG   :     #10 pc 0000000000000b38  /system/bin/inputflinger
07-10 00:31:59.433   893  1870 W NativeCrashListener: Couldn't find ProcessRecord for pid 5299
07-10 00:31:59.435   893   911 I BootReceiver: Copying /data/tombstones/tombstone_04 to DropBox (SYSTEM_TOMBSTONE)
07-10 00:32:04.489  5306  5306 F libc    : Fatal signal 6 (SIGABRT), code -6 in tid 5306 (inputflinger)
07-10 00:32:04.551  5307  5307 F DEBUG   : *** *** *** *** *** *** *** *** *** *** *** *** *** *** *** ***
07-10 00:32:04.551  5307  5307 F DEBUG   : Build fingerprint: 'Android/aosp_angler/angler:7.0/NRD90M/lvlian:userdebug/test-keys'
07-10 00:32:04.551  5307  5307 F DEBUG   : Revision: '0'
07-10 00:32:04.551  5307  5307 F DEBUG   : ABI: 'arm64'
07-10 00:32:04.551  5307  5307 F DEBUG   : pid: 5306, tid: 5306, name: inputflinger  >>> /system/bin/inputflinger <<<
07-10 00:32:04.551  5307  5307 F DEBUG   : signal 6 (SIGABRT), code -6 (SI_TKILL), fault addr --------
07-10 00:32:04.554  5307  5307 F DEBUG   : Abort message: 'Input module evdev not found'
07-10 00:32:04.554  5307  5307 F DEBUG   :     x0   0000000000000000  x1   00000000000014ba  x2   0000000000000006  x3   0000000000000008
07-10 00:32:04.554  5307  5307 F DEBUG   :     x4   0000000000000000  x5   0000000000000000  x6   0000007982047000  x7   0000000000000000
07-10 00:32:04.554  5307  5307 F DEBUG   :     x8   0000000000000083  x9   ffffffffffffffdf  x10  0000000000000000  x11  0000000000000001
07-10 00:32:04.554  5307  5307 F DEBUG   :     x12  0000000000000018  x13  0000000000000000  x14  0000000000000000  x15  001d263d62c7e2c0
07-10 00:32:04.554  5307  5307 F DEBUG   :     x16  0000007981ec5ed0  x17  0000007981e6fa2c  x18  0000000000000000  x19  00000079820fab40
07-10 00:32:04.555  5307  5307 F DEBUG   :     x20  0000000000000006  x21  00000079820faa98  x22  0000000000000002  x23  0000007981dbaa74
07-10 00:32:04.555  5307  5307 F DEBUG   :     x24  0000000000000000  x25  0000000000000000  x26  0000000000000000  x27  0000000000000000
07-10 00:32:04.555  5307  5307 F DEBUG   :     x28  0000000000000000  x29  0000007fd0c5ebd0  x30  0000007981e6ce58
07-10 00:32:04.555  5307  5307 F DEBUG   :     sp   0000007fd0c5ebb0  pc   0000007981e6fa34  pstate 0000000060000000
07-10 00:32:04.561  5307  5307 F DEBUG   : 
07-10 00:32:04.561  5307  5307 F DEBUG   : backtrace:
07-10 00:32:04.561  5307  5307 F DEBUG   :     #00 pc 000000000006ba34  /system/lib64/libc.so (tgkill+8)
07-10 00:32:04.561  5307  5307 F DEBUG   :     #01 pc 0000000000068e54  /system/lib64/libc.so (pthread_kill+64)
07-10 00:32:04.561  5307  5307 F DEBUG   :     #02 pc 0000000000023ed8  /system/lib64/libc.so (raise+24)
07-10 00:32:04.561  5307  5307 F DEBUG   :     #03 pc 000000000001c790  /system/lib64/libc.so (abort+52)
07-10 00:32:04.561  5307  5307 F DEBUG   :     #04 pc 00000000000055ec  /system/lib64/liblog.so (__android_log_assert+224)
07-10 00:32:04.561  5307  5307 F DEBUG   :     #05 pc 00000000000080fc  /system/lib64/libinputflingerhost.so (_ZN7android11InputDriverC1EPKc+180)
07-10 00:32:04.562  5307  5307 F DEBUG   :     #06 pc 0000000000007648  /system/lib64/libinputflingerhost.so (_ZN7android12InputFlingerC1Ev+312)
07-10 00:32:04.562  5307  5307 F DEBUG   :     #07 pc 0000000000000cb4  /system/bin/inputflinger
07-10 00:32:04.562  5307  5307 F DEBUG   :     #08 pc 0000000000000c2c  /system/bin/inputflinger
07-10 00:32:04.562  5307  5307 F DEBUG   :     #09 pc 000000000001a514  /system/lib64/libc.so (__libc_init+88)
07-10 00:32:04.562  5307  5307 F DEBUG   :     #10 pc 0000000000000b38  /system/bin/inputflinger
07-10 00:32:04.597   893  1870 W NativeCrashListener: Couldn't find ProcessRecord for pid 5306
07-10 00:32:04.600   893   911 I BootReceiver: Copying /data/tombstones/tombstone_05 to DropBox (SYSTEM_TOMBSTONE)
07-10 00:32:09.653  5316  5316 F libc    : Fatal signal 6 (SIGABRT), code -6 in tid 5316 (inputflinger)
07-10 00:32:09.709  5317  5317 F DEBUG   : *** *** *** *** *** *** *** *** *** *** *** *** *** *** *** ***
07-10 00:32:09.709  5317  5317 F DEBUG   : Build fingerprint: 'Android/aosp_angler/angler:7.0/NRD90M/lvlian:userdebug/test-keys'
07-10 00:32:09.709  5317  5317 F DEBUG   : Revision: '0'
07-10 00:32:09.709  5317  5317 F DEBUG   : ABI: 'arm64'
07-10 00:32:09.710  5317  5317 F DEBUG   : pid: 5316, tid: 5316, name: inputflinger  >>> /system/bin/inputflinger <<<
07-10 00:32:09.710  5317  5317 F DEBUG   : signal 6 (SIGABRT), code -6 (SI_TKILL), fault addr --------
07-10 00:32:09.711  5317  5317 F DEBUG   : Abort message: 'Input module evdev not found'
07-10 00:32:09.711  5317  5317 F DEBUG   :     x0   0000000000000000  x1   00000000000014c4  x2   0000000000000006  x3   0000000000000008
07-10 00:32:09.711  5317  5317 F DEBUG   :     x4   0000000000000000  x5   0000000000000000  x6   0000007fb2a21000  x7   0000000000000000
07-10 00:32:09.711  5317  5317 F DEBUG   :     x8   0000000000000083  x9   ffffffffffffffdf  x10  0000000000000000  x11  0000000000000001
07-10 00:32:09.711  5317  5317 F DEBUG   :     x12  0000000000000018  x13  0000000000000000  x14  0000000000000000  x15  0026f62540df5a61
07-10 00:32:09.712  5317  5317 F DEBUG   :     x16  0000007fb25f8ed0  x17  0000007fb25a2a2c  x18  0000000000000000  x19  0000007fb2ad4b40
07-10 00:32:09.712  5317  5317 F DEBUG   :     x20  0000000000000006  x21  0000007fb2ad4a98  x22  0000000000000002  x23  0000007fb2829a74
07-10 00:32:09.712  5317  5317 F DEBUG   :     x24  0000000000000000  x25  0000000000000000  x26  0000000000000000  x27  0000000000000000
07-10 00:32:09.712  5317  5317 F DEBUG   :     x28  0000000000000000  x29  0000007fcf40f370  x30  0000007fb259fe58
07-10 00:32:09.712  5317  5317 F DEBUG   :     sp   0000007fcf40f350  pc   0000007fb25a2a34  pstate 0000000060000000
07-10 00:32:09.716  5317  5317 F DEBUG   : 
07-10 00:32:09.716  5317  5317 F DEBUG   : backtrace:
07-10 00:32:09.716  5317  5317 F DEBUG   :     #00 pc 000000000006ba34  /system/lib64/libc.so (tgkill+8)
07-10 00:32:09.716  5317  5317 F DEBUG   :     #01 pc 0000000000068e54  /system/lib64/libc.so (pthread_kill+64)
07-10 00:32:09.716  5317  5317 F DEBUG   :     #02 pc 0000000000023ed8  /system/lib64/libc.so (raise+24)
07-10 00:32:09.716  5317  5317 F DEBUG   :     #03 pc 000000000001c790  /system/lib64/libc.so (abort+52)
07-10 00:32:09.716  5317  5317 F DEBUG   :     #04 pc 00000000000055ec  /system/lib64/liblog.so (__android_log_assert+224)
07-10 00:32:09.716  5317  5317 F DEBUG   :     #05 pc 00000000000080fc  /system/lib64/libinputflingerhost.so (_ZN7android11InputDriverC1EPKc+180)
07-10 00:32:09.716  5317  5317 F DEBUG   :     #06 pc 0000000000007648  /system/lib64/libinputflingerhost.so (_ZN7android12InputFlingerC1Ev+312)
07-10 00:32:09.716  5317  5317 F DEBUG   :     #07 pc 0000000000000cb4  /system/bin/inputflinger
07-10 00:32:09.716  5317  5317 F DEBUG   :     #08 pc 0000000000000c2c  /system/bin/inputflinger
07-10 00:32:09.716  5317  5317 F DEBUG   :     #09 pc 000000000001a514  /system/lib64/libc.so (__libc_init+88)
07-10 00:32:09.716  5317  5317 F DEBUG   :     #10 pc 0000000000000b38  /system/bin/inputflinger
07-10 00:32:09.748   893  1870 W NativeCrashListener: Couldn't find ProcessRecord for pid 5316
07-10 00:32:09.751   893   911 I BootReceiver: Copying /data/tombstones/tombstone_06 to DropBox (SYSTEM_TOMBSTONE)
07-10 00:32:14.805  5322  5322 F libc    : Fatal signal 6 (SIGABRT), code -6 in tid 5322 (inputflinger)
07-10 00:32:14.864  5323  5323 F DEBUG   : *** *** *** *** *** *** *** *** *** *** *** *** *** *** *** ***
07-10 00:32:14.864  5323  5323 F DEBUG   : Build fingerprint: 'Android/aosp_angler/angler:7.0/NRD90M/lvlian:userdebug/test-keys'
07-10 00:32:14.865  5323  5323 F DEBUG   : Revision: '0'
07-10 00:32:14.865  5323  5323 F DEBUG   : ABI: 'arm64'
07-10 00:32:14.865  5323  5323 F DEBUG   : pid: 5322, tid: 5322, name: inputflinger  >>> /system/bin/inputflinger <<<
07-10 00:32:14.865  5323  5323 F DEBUG   : signal 6 (SIGABRT), code -6 (SI_TKILL), fault addr --------
07-10 00:32:14.869  5323  5323 F DEBUG   : Abort message: 'Input module evdev not found'
07-10 00:32:14.869  5323  5323 F DEBUG   :     x0   0000000000000000  x1   00000000000014ca  x2   0000000000000006  x3   0000000000000008
07-10 00:32:14.869  5323  5323 F DEBUG   :     x4   0000000000000000  x5   0000000000000000  x6   000000729c78b000  x7   0000000000000000
07-10 00:32:14.869  5323  5323 F DEBUG   :     x8   0000000000000083  x9   ffffffffffffffdf  x10  0000000000000000  x11  0000000000000001
07-10 00:32:14.869  5323  5323 F DEBUG   :     x12  0000000000000018  x13  0000000000000000  x14  0000000000000000  x15  00300308648f805f
07-10 00:32:14.869  5323  5323 F DEBUG   :     x16  000000729c273ed0  x17  000000729c21da2c  x18  0000000000000000  x19  000000729c83eb40
07-10 00:32:14.870  5323  5323 F DEBUG   :     x20  0000000000000006  x21  000000729c83ea98  x22  0000000000000002  x23  000000729c50fa74
07-10 00:32:14.870  5323  5323 F DEBUG   :     x24  0000000000000000  x25  0000000000000000  x26  0000000000000000  x27  0000000000000000
07-10 00:32:14.870  5323  5323 F DEBUG   :     x28  0000000000000000  x29  0000007fdc5fce90  x30  000000729c21ae58
07-10 00:32:14.870  5323  5323 F DEBUG   :     sp   0000007fdc5fce70  pc   000000729c21da34  pstate 0000000060000000
07-10 00:32:14.878  5323  5323 F DEBUG   : 
07-10 00:32:14.878  5323  5323 F DEBUG   : backtrace:
07-10 00:32:14.878  5323  5323 F DEBUG   :     #00 pc 000000000006ba34  /system/lib64/libc.so (tgkill+8)
07-10 00:32:14.878  5323  5323 F DEBUG   :     #01 pc 0000000000068e54  /system/lib64/libc.so (pthread_kill+64)
07-10 00:32:14.878  5323  5323 F DEBUG   :     #02 pc 0000000000023ed8  /system/lib64/libc.so (raise+24)
07-10 00:32:14.878  5323  5323 F DEBUG   :     #03 pc 000000000001c790  /system/lib64/libc.so (abort+52)
07-10 00:32:14.879  5323  5323 F DEBUG   :     #04 pc 00000000000055ec  /system/lib64/liblog.so (__android_log_assert+224)
07-10 00:32:14.879  5323  5323 F DEBUG   :     #05 pc 00000000000080fc  /system/lib64/libinputflingerhost.so (_ZN7android11InputDriverC1EPKc+180)
07-10 00:32:14.879  5323  5323 F DEBUG   :     #06 pc 0000000000007648  /system/lib64/libinputflingerhost.so (_ZN7android12InputFlingerC1Ev+312)
07-10 00:32:14.879  5323  5323 F DEBUG   :     #07 pc 0000000000000cb4  /system/bin/inputflinger
07-10 00:32:14.879  5323  5323 F DEBUG   :     #08 pc 0000000000000c2c  /system/bin/inputflinger
07-10 00:32:14.879  5323  5323 F DEBUG   :     #09 pc 000000000001a514  /system/lib64/libc.so (__libc_init+88)
07-10 00:32:14.879  5323  5323 F DEBUG   :     #10 pc 0000000000000b38  /system/bin/inputflinger
07-10 00:32:14.920   893  1870 W NativeCrashListener: Couldn't find ProcessRecord for pid 5322
07-10 00:32:14.922   893   911 I BootReceiver: Copying /data/tombstones/tombstone_07 to DropBox (SYSTEM_TOMBSTONE)
07-10 00:32:18.970  5328  5328 F libc    : Fatal signal 6 (SIGABRT), code -6 in tid 5328 (inputflinger)
07-10 00:32:19.025  5329  5329 F DEBUG   : *** *** *** *** *** *** *** *** *** *** *** *** *** *** *** ***
07-10 00:32:19.025  5329  5329 F DEBUG   : Build fingerprint: 'Android/aosp_angler/angler:7.0/NRD90M/lvlian:userdebug/test-keys'
07-10 00:32:19.025  5329  5329 F DEBUG   : Revision: '0'
07-10 00:32:19.025  5329  5329 F DEBUG   : ABI: 'arm64'
07-10 00:32:19.026  5329  5329 F DEBUG   : pid: 5328, tid: 5328, name: inputflinger  >>> /system/bin/inputflinger <<<
07-10 00:32:19.026  5329  5329 F DEBUG   : signal 6 (SIGABRT), code -6 (SI_TKILL), fault addr --------
07-10 00:32:19.027  5329  5329 F DEBUG   : Abort message: 'Input module evdev not found'
07-10 00:32:19.027  5329  5329 F DEBUG   :     x0   0000000000000000  x1   00000000000014d0  x2   0000000000000006  x3   0000000000000008
07-10 00:32:19.027  5329  5329 F DEBUG   :     x4   0000000000000000  x5   0000000000000000  x6   0000007560dc3000  x7   0000000000000000
07-10 00:32:19.027  5329  5329 F DEBUG   :     x8   0000000000000083  x9   ffffffffffffffdf  x10  0000000000000000  x11  0000000000000001
07-10 00:32:19.027  5329  5329 F DEBUG   :     x12  0000000000000018  x13  0000000000000000  x14  0000000000000000  x15  0039ce6833f3fcae
07-10 00:32:19.027  5329  5329 F DEBUG   :     x16  0000007560b76ed0  x17  0000007560b20a2c  x18  0000000000000000  x19  0000007560e76b40
07-10 00:32:19.027  5329  5329 F DEBUG   :     x20  0000000000000006  x21  0000007560e76a98  x22  0000000000000002  x23  000000756081aa74
07-10 00:32:19.027  5329  5329 F DEBUG   :     x24  0000000000000000  x25  0000000000000000  x26  0000000000000000  x27  0000000000000000
07-10 00:32:19.028  5329  5329 F DEBUG   :     x28  0000000000000000  x29  0000007fdbe6ae60  x30  0000007560b1de58
07-10 00:32:19.028  5329  5329 F DEBUG   :     sp   0000007fdbe6ae40  pc   0000007560b20a34  pstate 0000000060000000
07-10 00:32:19.031  5329  5329 F DEBUG   : 
07-10 00:32:19.031  5329  5329 F DEBUG   : backtrace:
07-10 00:32:19.031  5329  5329 F DEBUG   :     #00 pc 000000000006ba34  /system/lib64/libc.so (tgkill+8)
07-10 00:32:19.031  5329  5329 F DEBUG   :     #01 pc 0000000000068e54  /system/lib64/libc.so (pthread_kill+64)
07-10 00:32:19.031  5329  5329 F DEBUG   :     #02 pc 0000000000023ed8  /system/lib64/libc.so (raise+24)
07-10 00:32:19.031  5329  5329 F DEBUG   :     #03 pc 000000000001c790  /system/lib64/libc.so (abort+52)
07-10 00:32:19.031  5329  5329 F DEBUG   :     #04 pc 00000000000055ec  /system/lib64/liblog.so (__android_log_assert+224)
07-10 00:32:19.032  5329  5329 F DEBUG   :     #05 pc 00000000000080fc  /system/lib64/libinputflingerhost.so (_ZN7android11InputDriverC1EPKc+180)
07-10 00:32:19.032  5329  5329 F DEBUG   :     #06 pc 0000000000007648  /system/lib64/libinputflingerhost.so (_ZN7android12InputFlingerC1Ev+312)
07-10 00:32:19.032  5329  5329 F DEBUG   :     #07 pc 0000000000000cb4  /system/bin/inputflinger
07-10 00:32:19.032  5329  5329 F DEBUG   :     #08 pc 0000000000000c2c  /system/bin/inputflinger
07-10 00:32:19.032  5329  5329 F DEBUG   :     #09 pc 000000000001a514  /system/lib64/libc.so (__libc_init+88)
07-10 00:32:19.032  5329  5329 F DEBUG   :     #10 pc 0000000000000b38  /system/bin/inputflinger
07-10 00:32:19.063   893  1870 W NativeCrashListener: Couldn't find ProcessRecord for pid 5328
07-10 00:32:19.065   893   911 I BootReceiver: Copying /data/tombstones/tombstone_08 to DropBox (SYSTEM_TOMBSTONE)
07-10 00:32:21.275   893   946 I PowerManagerService: Going to sleep due to power button (uid 1000)...
07-10 00:32:21.811   893   914 I DisplayManagerService: Display device changed state: "Built-in Screen", OFF
07-10 00:32:22.129   893   916 I DreamManagerService: Entering dreamland.
07-10 00:32:22.129   893   916 I PowerManagerService: Dozing...
07-10 00:32:22.130   893   912 I DreamController: Starting dream: name=ComponentInfo{com.android.systemui/com.android.systemui.doze.DozeService}, isTest=false, canDoze=true, userId=0
07-10 00:32:24.836  5337  5337 F libc    : Fatal signal 6 (SIGABRT), code -6 in tid 5337 (inputflinger)
07-10 00:32:24.895  5338  5338 F DEBUG   : *** *** *** *** *** *** *** *** *** *** *** *** *** *** *** ***
07-10 00:32:24.895  5338  5338 F DEBUG   : Build fingerprint: 'Android/aosp_angler/angler:7.0/NRD90M/lvlian:userdebug/test-keys'
07-10 00:32:24.895  5338  5338 F DEBUG   : Revision: '0'
07-10 00:32:24.895  5338  5338 F DEBUG   : ABI: 'arm64'
07-10 00:32:24.896  5338  5338 F DEBUG   : pid: 5337, tid: 5337, name: inputflinger  >>> /system/bin/inputflinger <<<
07-10 00:32:24.896  5338  5338 F DEBUG   : signal 6 (SIGABRT), code -6 (SI_TKILL), fault addr --------
07-10 00:32:24.899  5338  5338 F DEBUG   : Abort message: 'Input module evdev not found'
07-10 00:32:24.899  5338  5338 F DEBUG   :     x0   0000000000000000  x1   00000000000014d9  x2   0000000000000006  x3   0000000000000008
07-10 00:32:24.899  5338  5338 F DEBUG   :     x4   0000000000000000  x5   0000000000000000  x6   000000717ee0e000  x7   0000000000000000
07-10 00:32:24.899  5338  5338 F DEBUG   :     x8   0000000000000083  x9   ffffffffffffffdf  x10  0000000000000000  x11  0000000000000001
07-10 00:32:24.899  5338  5338 F DEBUG   :     x12  0000000000000018  x13  0000000000000000  x14  0000000000000000  x15  0031dc4b76607f1c
07-10 00:32:24.899  5338  5338 F DEBUG   :     x16  000000717ea50ed0  x17  000000717e9faa2c  x18  0000000000000000  x19  000000717eec1b40
07-10 00:32:24.899  5338  5338 F DEBUG   :     x20  0000000000000006  x21  000000717eec1a98  x22  0000000000000002  x23  000000717eab5a74
07-10 00:32:24.899  5338  5338 F DEBUG   :     x24  0000000000000000  x25  0000000000000000  x26  0000000000000000  x27  0000000000000000
07-10 00:32:24.899  5338  5338 F DEBUG   :     x28  0000000000000000  x29  0000007fe1390d10  x30  000000717e9f7e58
07-10 00:32:24.900  5338  5338 F DEBUG   :     sp   0000007fe1390cf0  pc   000000717e9faa34  pstate 0000000060000000
07-10 00:32:24.907  5338  5338 F DEBUG   : 
07-10 00:32:24.907  5338  5338 F DEBUG   : backtrace:
07-10 00:32:24.907  5338  5338 F DEBUG   :     #00 pc 000000000006ba34  /system/lib64/libc.so (tgkill+8)
07-10 00:32:24.907  5338  5338 F DEBUG   :     #01 pc 0000000000068e54  /system/lib64/libc.so (pthread_kill+64)
07-10 00:32:24.907  5338  5338 F DEBUG   :     #02 pc 0000000000023ed8  /system/lib64/libc.so (raise+24)
07-10 00:32:24.908  5338  5338 F DEBUG   :     #03 pc 000000000001c790  /system/lib64/libc.so (abort+52)
07-10 00:32:24.908  5338  5338 F DEBUG   :     #04 pc 00000000000055ec  /system/lib64/liblog.so (__android_log_assert+224)
07-10 00:32:24.908  5338  5338 F DEBUG   :     #05 pc 00000000000080fc  /system/lib64/libinputflingerhost.so (_ZN7android11InputDriverC1EPKc+180)
07-10 00:32:24.908  5338  5338 F DEBUG   :     #06 pc 0000000000007648  /system/lib64/libinputflingerhost.so (_ZN7android12InputFlingerC1Ev+312)
07-10 00:32:24.908  5338  5338 F DEBUG   :     #07 pc 0000000000000cb4  /system/bin/inputflinger
07-10 00:32:24.908  5338  5338 F DEBUG   :     #08 pc 0000000000000c2c  /system/bin/inputflinger
07-10 00:32:24.908  5338  5338 F DEBUG   :     #09 pc 000000000001a514  /system/lib64/libc.so (__libc_init+88)
07-10 00:32:24.908  5338  5338 F DEBUG   :     #10 pc 0000000000000b38  /system/bin/inputflinger
07-10 00:32:24.943   893  1870 W NativeCrashListener: Couldn't find ProcessRecord for pid 5337
07-10 00:32:24.947   893   911 I BootReceiver: Copying /data/tombstones/tombstone_09 to DropBox (SYSTEM_TOMBSTONE)
07-10 00:32:29.011  5343  5343 F libc    : Fatal signal 6 (SIGABRT), code -6 in tid 5343 (inputflinger)
07-10 00:32:29.072  5344  5344 F DEBUG   : *** *** *** *** *** *** *** *** *** *** *** *** *** *** *** ***
07-10 00:32:29.073  5344  5344 F DEBUG   : Build fingerprint: 'Android/aosp_angler/angler:7.0/NRD90M/lvlian:userdebug/test-keys'
07-10 00:32:29.073  5344  5344 F DEBUG   : Revision: '0'
07-10 00:32:29.073  5344  5344 F DEBUG   : ABI: 'arm64'
07-10 00:32:29.073  5344  5344 F DEBUG   : pid: 5343, tid: 5343, name: inputflinger  >>> /system/bin/inputflinger <<<
07-10 00:32:29.073  5344  5344 F DEBUG   : signal 6 (SIGABRT), code -6 (SI_TKILL), fault addr --------
07-10 00:32:29.078  5344  5344 F DEBUG   : Abort message: 'Input module evdev not found'
07-10 00:32:29.079  5344  5344 F DEBUG   :     x0   0000000000000000  x1   00000000000014df  x2   0000000000000006  x3   0000000000000008
07-10 00:32:29.079  5344  5344 F DEBUG   :     x4   0000000000000000  x5   0000000000000000  x6   0000007adc899000  x7   0000000000000000
07-10 00:32:29.079  5344  5344 F DEBUG   :     x8   0000000000000083  x9   ffffffffffffffdf  x10  0000000000000000  x11  0000000000000001
07-10 00:32:29.079  5344  5344 F DEBUG   :     x12  0000000000000018  x13  0000000000000000  x14  0000000000000000  x15  0000a2677efc84fe
07-10 00:32:29.079  5344  5344 F DEBUG   :     x16  0000007adc4d4ed0  x17  0000007adc47ea2c  x18  0000000000000000  x19  0000007adc94cb40
07-10 00:32:29.080  5344  5344 F DEBUG   :     x20  0000000000000006  x21  0000007adc94ca98  x22  0000000000000002  x23  0000007adc54ba74
07-10 00:32:29.080  5344  5344 F DEBUG   :     x24  0000000000000000  x25  0000000000000000  x26  0000000000000000  x27  0000000000000000
07-10 00:32:29.080  5344  5344 F DEBUG   :     x28  0000000000000000  x29  0000007fcaa60f50  x30  0000007adc47be58
07-10 00:32:29.080  5344  5344 F DEBUG   :     sp   0000007fcaa60f30  pc   0000007adc47ea34  pstate 0000000060000000
07-10 00:32:29.094  5344  5344 F DEBUG   : 
07-10 00:32:29.094  5344  5344 F DEBUG   : backtrace:
07-10 00:32:29.095  5344  5344 F DEBUG   :     #00 pc 000000000006ba34  /system/lib64/libc.so (tgkill+8)
07-10 00:32:29.095  5344  5344 F DEBUG   :     #01 pc 0000000000068e54  /system/lib64/libc.so (pthread_kill+64)
07-10 00:32:29.095  5344  5344 F DEBUG   :     #02 pc 0000000000023ed8  /system/lib64/libc.so (raise+24)
07-10 00:32:29.095  5344  5344 F DEBUG   :     #03 pc 000000000001c790  /system/lib64/libc.so (abort+52)
07-10 00:32:29.095  5344  5344 F DEBUG   :     #04 pc 00000000000055ec  /system/lib64/liblog.so (__android_log_assert+224)
07-10 00:32:29.095  5344  5344 F DEBUG   :     #05 pc 00000000000080fc  /system/lib64/libinputflingerhost.so (_ZN7android11InputDriverC1EPKc+180)
07-10 00:32:29.095  5344  5344 F DEBUG   :     #06 pc 0000000000007648  /system/lib64/libinputflingerhost.so (_ZN7android12InputFlingerC1Ev+312)
07-10 00:32:29.095  5344  5344 F DEBUG   :     #07 pc 0000000000000cb4  /system/bin/inputflinger
07-10 00:32:29.096  5344  5344 F DEBUG   :     #08 pc 0000000000000c2c  /system/bin/inputflinger
07-10 00:32:29.096  5344  5344 F DEBUG   :     #09 pc 000000000001a514  /system/lib64/libc.so (__libc_init+88)
07-10 00:32:29.096  5344  5344 F DEBUG   :     #10 pc 0000000000000b38  /system/bin/inputflinger
07-10 00:32:29.143   893  1870 W NativeCrashListener: Couldn't find ProcessRecord for pid 5343
07-10 00:32:29.147   893   911 I BootReceiver: Copying /data/tombstones/tombstone_00 to DropBox (SYSTEM_TOMBSTONE)
07-10 00:32:29.739   893   946 I PowerManagerService: Waking up from dozing (uid 1000)...
07-10 00:32:29.744   893   916 I DisplayPowerController: Blocking screen on until initial contents have been drawn.
07-10 00:32:29.765   893   914 I DisplayManagerService: Display device changed state: "Built-in Screen", ON
07-10 00:32:29.841   893   916 I DisplayPowerController: Unblocked screen on after 97 ms
07-10 00:32:29.842   893   916 I DreamManagerService: Gently waking up from dream.
07-10 00:32:29.844   893  2505 I DreamManagerService: Leaving dreamland.
07-10 00:32:29.844   893   912 I DreamController: Stopping dream: name=ComponentInfo{com.android.systemui/com.android.systemui.doze.DozeService}, isTest=false, canDoze=true, userId=0
07-10 00:32:33.870  5360  5360 F libc    : Fatal signal 6 (SIGABRT), code -6 in tid 5360 (inputflinger)
07-10 00:32:33.927  5361  5361 F DEBUG   : *** *** *** *** *** *** *** *** *** *** *** *** *** *** *** ***
07-10 00:32:33.927  5361  5361 F DEBUG   : Build fingerprint: 'Android/aosp_angler/angler:7.0/NRD90M/lvlian:userdebug/test-keys'
07-10 00:32:33.928  5361  5361 F DEBUG   : Revision: '0'
07-10 00:32:33.928  5361  5361 F DEBUG   : ABI: 'arm64'
07-10 00:32:33.928  5361  5361 F DEBUG   : pid: 5360, tid: 5360, name: inputflinger  >>> /system/bin/inputflinger <<<
07-10 00:32:33.928  5361  5361 F DEBUG   : signal 6 (SIGABRT), code -6 (SI_TKILL), fault addr --------
07-10 00:32:33.933  5361  5361 F DEBUG   : Abort message: 'Input module evdev not found'
07-10 00:32:33.933  5361  5361 F DEBUG   :     x0   0000000000000000  x1   00000000000014f0  x2   0000000000000006  x3   0000000000000008
07-10 00:32:33.934  5361  5361 F DEBUG   :     x4   0000000000000000  x5   0000000000000000  x6   0000007140459000  x7   0000000000000000
07-10 00:32:33.934  5361  5361 F DEBUG   :     x8   0000000000000083  x9   ffffffffffffffdf  x10  0000000000000000  x11  0000000000000001
07-10 00:32:33.934  5361  5361 F DEBUG   :     x12  0000000000000018  x13  0000000000000000  x14  0000000000000000  x15  0033e130b641b3de
07-10 00:32:33.935  5361  5361 F DEBUG   :     x16  000000713ff18ed0  x17  000000713fec2a2c  x18  0000000000000000  x19  000000714050cb40
07-10 00:32:33.935  5361  5361 F DEBUG   :     x20  0000000000000006  x21  000000714050ca98  x22  0000000000000002  x23  000000713ff9da74
07-10 00:32:33.935  5361  5361 F DEBUG   :     x24  0000000000000000  x25  0000000000000000  x26  0000000000000000  x27  0000000000000000
07-10 00:32:33.935  5361  5361 F DEBUG   :     x28  0000000000000000  x29  0000007fc22ce4a0  x30  000000713febfe58
07-10 00:32:33.936  5361  5361 F DEBUG   :     sp   0000007fc22ce480  pc   000000713fec2a34  pstate 0000000060000000
07-10 00:32:33.947  5361  5361 F DEBUG   : 
07-10 00:32:33.947  5361  5361 F DEBUG   : backtrace:
07-10 00:32:33.947  5361  5361 F DEBUG   :     #00 pc 000000000006ba34  /system/lib64/libc.so (tgkill+8)
07-10 00:32:33.947  5361  5361 F DEBUG   :     #01 pc 0000000000068e54  /system/lib64/libc.so (pthread_kill+64)
07-10 00:32:33.947  5361  5361 F DEBUG   :     #02 pc 0000000000023ed8  /system/lib64/libc.so (raise+24)
07-10 00:32:33.947  5361  5361 F DEBUG   :     #03 pc 000000000001c790  /system/lib64/libc.so (abort+52)
07-10 00:32:33.948  5361  5361 F DEBUG   :     #04 pc 00000000000055ec  /system/lib64/liblog.so (__android_log_assert+224)
07-10 00:32:33.948  5361  5361 F DEBUG   :     #05 pc 00000000000080fc  /system/lib64/libinputflingerhost.so (_ZN7android11InputDriverC1EPKc+180)
07-10 00:32:33.948  5361  5361 F DEBUG   :     #06 pc 0000000000007648  /system/lib64/libinputflingerhost.so (_ZN7android12InputFlingerC1Ev+312)
07-10 00:32:33.948  5361  5361 F DEBUG   :     #07 pc 0000000000000cb4  /system/bin/inputflinger
07-10 00:32:33.948  5361  5361 F DEBUG   :     #08 pc 0000000000000c2c  /system/bin/inputflinger
07-10 00:32:33.948  5361  5361 F DEBUG   :     #09 pc 000000000001a514  /system/lib64/libc.so (__libc_init+88)
07-10 00:32:33.948  5361  5361 F DEBUG   :     #10 pc 0000000000000b38  /system/bin/inputflinger
07-10 00:32:33.994   893  1870 W NativeCrashListener: Couldn't find ProcessRecord for pid 5360
07-10 00:32:33.997   893   911 I BootReceiver: Copying /data/tombstones/tombstone_01 to DropBox (SYSTEM_TOMBSTONE)
07-10 00:32:39.052  5367  5367 F libc    : Fatal signal 6 (SIGABRT), code -6 in tid 5367 (inputflinger)
07-10 00:32:39.113  5368  5368 F DEBUG   : *** *** *** *** *** *** *** *** *** *** *** *** *** *** *** ***
07-10 00:32:39.113  5368  5368 F DEBUG   : Build fingerprint: 'Android/aosp_angler/angler:7.0/NRD90M/lvlian:userdebug/test-keys'
07-10 00:32:39.113  5368  5368 F DEBUG   : Revision: '0'
07-10 00:32:39.113  5368  5368 F DEBUG   : ABI: 'arm64'
07-10 00:32:39.113  5368  5368 F DEBUG   : pid: 5367, tid: 5367, name: inputflinger  >>> /system/bin/inputflinger <<<
07-10 00:32:39.113  5368  5368 F DEBUG   : signal 6 (SIGABRT), code -6 (SI_TKILL), fault addr --------
07-10 00:32:39.116  5368  5368 F DEBUG   : Abort message: 'Input module evdev not found'
07-10 00:32:39.116  5368  5368 F DEBUG   :     x0   0000000000000000  x1   00000000000014f7  x2   0000000000000006  x3   0000000000000008
07-10 00:32:39.116  5368  5368 F DEBUG   :     x4   0000000000000000  x5   0000000000000000  x6   00000072ed991000  x7   0000000000000000
07-10 00:32:39.116  5368  5368 F DEBUG   :     x8   0000000000000083  x9   ffffffffffffffdf  x10  0000000000000000  x11  0000000000000001
07-10 00:32:39.116  5368  5368 F DEBUG   :     x12  0000000000000018  x13  0000000000000000  x14  0000000000000000  x15  00031e649572051f
07-10 00:32:39.116  5368  5368 F DEBUG   :     x16  00000072ed7eded0  x17  00000072ed797a2c  x18  0000000000000000  x19  00000072eda44b40
07-10 00:32:39.116  5368  5368 F DEBUG   :     x20  0000000000000006  x21  00000072eda44a98  x22  0000000000000002  x23  00000072ed517a74
07-10 00:32:39.116  5368  5368 F DEBUG   :     x24  0000000000000000  x25  0000000000000000  x26  0000000000000000  x27  0000000000000000
07-10 00:32:39.116  5368  5368 F DEBUG   :     x28  0000000000000000  x29  0000007fe8d55510  x30  00000072ed794e58
07-10 00:32:39.116  5368  5368 F DEBUG   :     sp   0000007fe8d554f0  pc   00000072ed797a34  pstate 0000000060000000
07-10 00:32:39.123  5368  5368 F DEBUG   : 
07-10 00:32:39.123  5368  5368 F DEBUG   : backtrace:
07-10 00:32:39.124  5368  5368 F DEBUG   :     #00 pc 000000000006ba34  /system/lib64/libc.so (tgkill+8)
07-10 00:32:39.124  5368  5368 F DEBUG   :     #01 pc 0000000000068e54  /system/lib64/libc.so (pthread_kill+64)
07-10 00:32:39.124  5368  5368 F DEBUG   :     #02 pc 0000000000023ed8  /system/lib64/libc.so (raise+24)
07-10 00:32:39.124  5368  5368 F DEBUG   :     #03 pc 000000000001c790  /system/lib64/libc.so (abort+52)
07-10 00:32:39.124  5368  5368 F DEBUG   :     #04 pc 00000000000055ec  /system/lib64/liblog.so (__android_log_assert+224)
07-10 00:32:39.124  5368  5368 F DEBUG   :     #05 pc 00000000000080fc  /system/lib64/libinputflingerhost.so (_ZN7android11InputDriverC1EPKc+180)
07-10 00:32:39.124  5368  5368 F DEBUG   :     #06 pc 0000000000007648  /system/lib64/libinputflingerhost.so (_ZN7android12InputFlingerC1Ev+312)
07-10 00:32:39.124  5368  5368 F DEBUG   :     #07 pc 0000000000000cb4  /system/bin/inputflinger
07-10 00:32:39.124  5368  5368 F DEBUG   :     #08 pc 0000000000000c2c  /system/bin/inputflinger
07-10 00:32:39.124  5368  5368 F DEBUG   :     #09 pc 000000000001a514  /system/lib64/libc.so (__libc_init+88)
07-10 00:32:39.125  5368  5368 F DEBUG   :     #10 pc 0000000000000b38  /system/bin/inputflinger
07-10 00:32:39.161   893  1870 W NativeCrashListener: Couldn't find ProcessRecord for pid 5367
07-10 00:32:39.164   893   911 I BootReceiver: Copying /data/tombstones/tombstone_02 to DropBox (SYSTEM_TOMBSTONE)
07-10 00:32:44.222  5373  5373 F libc    : Fatal signal 6 (SIGABRT), code -6 in tid 5373 (inputflinger)
07-10 00:32:44.281  5374  5374 F DEBUG   : *** *** *** *** *** *** *** *** *** *** *** *** *** *** *** ***
07-10 00:32:44.281  5374  5374 F DEBUG   : Build fingerprint: 'Android/aosp_angler/angler:7.0/NRD90M/lvlian:userdebug/test-keys'
07-10 00:32:44.281  5374  5374 F DEBUG   : Revision: '0'
07-10 00:32:44.281  5374  5374 F DEBUG   : ABI: 'arm64'
07-10 00:32:44.282  5374  5374 F DEBUG   : pid: 5373, tid: 5373, name: inputflinger  >>> /system/bin/inputflinger <<<
07-10 00:32:44.282  5374  5374 F DEBUG   : signal 6 (SIGABRT), code -6 (SI_TKILL), fault addr --------
07-10 00:32:44.283  5374  5374 F DEBUG   : Abort message: 'Input module evdev not found'
07-10 00:32:44.283  5374  5374 F DEBUG   :     x0   0000000000000000  x1   00000000000014fd  x2   0000000000000006  x3   0000000000000008
07-10 00:32:44.283  5374  5374 F DEBUG   :     x4   0000000000000000  x5   0000000000000000  x6   00000077a6897000  x7   0000000000000000
07-10 00:32:44.283  5374  5374 F DEBUG   :     x8   0000000000000083  x9   ffffffffffffffdf  x10  0000000000000000  x11  0000000000000001
07-10 00:32:44.283  5374  5374 F DEBUG   :     x12  0000000000000018  x13  0000000000000000  x14  0000000000000000  x15  000d3940134f4e61
07-10 00:32:44.283  5374  5374 F DEBUG   :     x16  00000077a65b5ed0  x17  00000077a655fa2c  x18  0000000000000000  x19  00000077a694ab40
07-10 00:32:44.284  5374  5374 F DEBUG   :     x20  0000000000000006  x21  00000077a694aa98  x22  0000000000000002  x23  00000077a661aa74
07-10 00:32:44.284  5374  5374 F DEBUG   :     x24  0000000000000000  x25  0000000000000000  x26  0000000000000000  x27  0000000000000000
07-10 00:32:44.284  5374  5374 F DEBUG   :     x28  0000000000000000  x29  0000007fcff4c110  x30  00000077a655ce58
07-10 00:32:44.284  5374  5374 F DEBUG   :     sp   0000007fcff4c0f0  pc   00000077a655fa34  pstate 0000000060000000
07-10 00:32:44.287  5374  5374 F DEBUG   : 
07-10 00:32:44.287  5374  5374 F DEBUG   : backtrace:
07-10 00:32:44.287  5374  5374 F DEBUG   :     #00 pc 000000000006ba34  /system/lib64/libc.so (tgkill+8)
07-10 00:32:44.287  5374  5374 F DEBUG   :     #01 pc 0000000000068e54  /system/lib64/libc.so (pthread_kill+64)
07-10 00:32:44.287  5374  5374 F DEBUG   :     #02 pc 0000000000023ed8  /system/lib64/libc.so (raise+24)
07-10 00:32:44.287  5374  5374 F DEBUG   :     #03 pc 000000000001c790  /system/lib64/libc.so (abort+52)
07-10 00:32:44.287  5374  5374 F DEBUG   :     #04 pc 00000000000055ec  /system/lib64/liblog.so (__android_log_assert+224)
07-10 00:32:44.287  5374  5374 F DEBUG   :     #05 pc 00000000000080fc  /system/lib64/libinputflingerhost.so (_ZN7android11InputDriverC1EPKc+180)
07-10 00:32:44.287  5374  5374 F DEBUG   :     #06 pc 0000000000007648  /system/lib64/libinputflingerhost.so (_ZN7android12InputFlingerC1Ev+312)
07-10 00:32:44.288  5374  5374 F DEBUG   :     #07 pc 0000000000000cb4  /system/bin/inputflinger
07-10 00:32:44.288  5374  5374 F DEBUG   :     #08 pc 0000000000000c2c  /system/bin/inputflinger
07-10 00:32:44.288  5374  5374 F DEBUG   :     #09 pc 000000000001a514  /system/lib64/libc.so (__libc_init+88)
07-10 00:32:44.288  5374  5374 F DEBUG   :     #10 pc 0000000000000b38  /system/bin/inputflinger
07-10 00:32:44.320   893  1870 W NativeCrashListener: Couldn't find ProcessRecord for pid 5373
07-10 00:32:44.323   893   911 I BootReceiver: Copying /data/tombstones/tombstone_03 to DropBox (SYSTEM_TOMBSTONE)
07-10 00:32:49.379  5381  5381 F libc    : Fatal signal 6 (SIGABRT), code -6 in tid 5381 (inputflinger)
07-10 00:32:49.440  5382  5382 F DEBUG   : *** *** *** *** *** *** *** *** *** *** *** *** *** *** *** ***
07-10 00:32:49.440  5382  5382 F DEBUG   : Build fingerprint: 'Android/aosp_angler/angler:7.0/NRD90M/lvlian:userdebug/test-keys'
07-10 00:32:49.441  5382  5382 F DEBUG   : Revision: '0'
07-10 00:32:49.441  5382  5382 F DEBUG   : ABI: 'arm64'
07-10 00:32:49.441  5382  5382 F DEBUG   : pid: 5381, tid: 5381, name: inputflinger  >>> /system/bin/inputflinger <<<
07-10 00:32:49.441  5382  5382 F DEBUG   : signal 6 (SIGABRT), code -6 (SI_TKILL), fault addr --------
07-10 00:32:49.443  5382  5382 F DEBUG   : Abort message: 'Input module evdev not found'
07-10 00:32:49.443  5382  5382 F DEBUG   :     x0   0000000000000000  x1   0000000000001505  x2   0000000000000006  x3   0000000000000008
07-10 00:32:49.443  5382  5382 F DEBUG   :     x4   0000000000000000  x5   0000000000000000  x6   000000721ebed000  x7   0000000000000000
07-10 00:32:49.443  5382  5382 F DEBUG   :     x8   0000000000000083  x9   ffffffffffffffdf  x10  0000000000000000  x11  0000000000000001
07-10 00:32:49.443  5382  5382 F DEBUG   :     x12  0000000000000018  x13  0000000000000000  x14  0000000000000000  x15  00169b18b011c17c
07-10 00:32:49.443  5382  5382 F DEBUG   :     x16  000000721e88eed0  x17  000000721e838a2c  x18  0000000000000000  x19  000000721eca0b40
07-10 00:32:49.443  5382  5382 F DEBUG   :     x20  0000000000000006  x21  000000721eca0a98  x22  0000000000000002  x23  000000721e95aa74
07-10 00:32:49.443  5382  5382 F DEBUG   :     x24  0000000000000000  x25  0000000000000000  x26  0000000000000000  x27  0000000000000000
07-10 00:32:49.443  5382  5382 F DEBUG   :     x28  0000000000000000  x29  0000007fcd44d8c0  x30  000000721e835e58
07-10 00:32:49.444  5382  5382 F DEBUG   :     sp   0000007fcd44d8a0  pc   000000721e838a34  pstate 0000000060000000
07-10 00:32:49.447  5382  5382 F DEBUG   : 
07-10 00:32:49.447  5382  5382 F DEBUG   : backtrace:
07-10 00:32:49.447  5382  5382 F DEBUG   :     #00 pc 000000000006ba34  /system/lib64/libc.so (tgkill+8)
07-10 00:32:49.447  5382  5382 F DEBUG   :     #01 pc 0000000000068e54  /system/lib64/libc.so (pthread_kill+64)
07-10 00:32:49.447  5382  5382 F DEBUG   :     #02 pc 0000000000023ed8  /system/lib64/libc.so (raise+24)
07-10 00:32:49.447  5382  5382 F DEBUG   :     #03 pc 000000000001c790  /system/lib64/libc.so (abort+52)
07-10 00:32:49.447  5382  5382 F DEBUG   :     #04 pc 00000000000055ec  /system/lib64/liblog.so (__android_log_assert+224)
07-10 00:32:49.447  5382  5382 F DEBUG   :     #05 pc 00000000000080fc  /system/lib64/libinputflingerhost.so (_ZN7android11InputDriverC1EPKc+180)
07-10 00:32:49.447  5382  5382 F DEBUG   :     #06 pc 0000000000007648  /system/lib64/libinputflingerhost.so (_ZN7android12InputFlingerC1Ev+312)
07-10 00:32:49.447  5382  5382 F DEBUG   :     #07 pc 0000000000000cb4  /system/bin/inputflinger
07-10 00:32:49.447  5382  5382 F DEBUG   :     #08 pc 0000000000000c2c  /system/bin/inputflinger
07-10 00:32:49.448  5382  5382 F DEBUG   :     #09 pc 000000000001a514  /system/lib64/libc.so (__libc_init+88)
07-10 00:32:49.448  5382  5382 F DEBUG   :     #10 pc 0000000000000b38  /system/bin/inputflinger
07-10 00:32:49.481   893  1870 W NativeCrashListener: Couldn't find ProcessRecord for pid 5381
07-10 00:32:49.484   893   911 I BootReceiver: Copying /data/tombstones/tombstone_04 to DropBox (SYSTEM_TOMBSTONE)
07-10 00:32:54.543  5388  5388 F libc    : Fatal signal 6 (SIGABRT), code -6 in tid 5388 (inputflinger)
07-10 00:32:54.606  5389  5389 F DEBUG   : *** *** *** *** *** *** *** *** *** *** *** *** *** *** *** ***
07-10 00:32:54.606  5389  5389 F DEBUG   : Build fingerprint: 'Android/aosp_angler/angler:7.0/NRD90M/lvlian:userdebug/test-keys'
07-10 00:32:54.607  5389  5389 F DEBUG   : Revision: '0'
07-10 00:32:54.607  5389  5389 F DEBUG   : ABI: 'arm64'
07-10 00:32:54.607  5389  5389 F DEBUG   : pid: 5388, tid: 5388, name: inputflinger  >>> /system/bin/inputflinger <<<
07-10 00:32:54.607  5389  5389 F DEBUG   : signal 6 (SIGABRT), code -6 (SI_TKILL), fault addr --------
07-10 00:32:54.611  5389  5389 F DEBUG   : Abort message: 'Input module evdev not found'
07-10 00:32:54.611  5389  5389 F DEBUG   :     x0   0000000000000000  x1   000000000000150c  x2   0000000000000006  x3   0000000000000008
07-10 00:32:54.611  5389  5389 F DEBUG   :     x4   0000000000000000  x5   0000000000000000  x6   0000007bfada4000  x7   0000000000000000
07-10 00:32:54.611  5389  5389 F DEBUG   :     x8   0000000000000083  x9   ffffffffffffffdf  x10  0000000000000000  x11  0000000000000001
07-10 00:32:54.612  5389  5389 F DEBUG   :     x12  0000000000000018  x13  0000000000000000  x14  0000000000000000  x15  00205e1e9f298a64
07-10 00:32:54.612  5389  5389 F DEBUG   :     x16  0000007bfaa25ed0  x17  0000007bfa9cfa2c  x18  0000000000000000  x19  0000007bfae57b40
07-10 00:32:54.612  5389  5389 F DEBUG   :     x20  0000000000000006  x21  0000007bfae57a98  x22  0000000000000002  x23  0000007bfabdca74
07-10 00:32:54.612  5389  5389 F DEBUG   :     x24  0000000000000000  x25  0000000000000000  x26  0000000000000000  x27  0000000000000000
07-10 00:32:54.612  5389  5389 F DEBUG   :     x28  0000000000000000  x29  0000007ff58fbcf0  x30  0000007bfa9cce58
07-10 00:32:54.612  5389  5389 F DEBUG   :     sp   0000007ff58fbcd0  pc   0000007bfa9cfa34  pstate 0000000060000000
07-10 00:32:54.625  5389  5389 F DEBUG   : 
07-10 00:32:54.625  5389  5389 F DEBUG   : backtrace:
07-10 00:32:54.626  5389  5389 F DEBUG   :     #00 pc 000000000006ba34  /system/lib64/libc.so (tgkill+8)
07-10 00:32:54.626  5389  5389 F DEBUG   :     #01 pc 0000000000068e54  /system/lib64/libc.so (pthread_kill+64)
07-10 00:32:54.626  5389  5389 F DEBUG   :     #02 pc 0000000000023ed8  /system/lib64/libc.so (raise+24)
07-10 00:32:54.626  5389  5389 F DEBUG   :     #03 pc 000000000001c790  /system/lib64/libc.so (abort+52)
07-10 00:32:54.627  5389  5389 F DEBUG   :     #04 pc 00000000000055ec  /system/lib64/liblog.so (__android_log_assert+224)
07-10 00:32:54.627  5389  5389 F DEBUG   :     #05 pc 00000000000080fc  /system/lib64/libinputflingerhost.so (_ZN7android11InputDriverC1EPKc+180)
07-10 00:32:54.627  5389  5389 F DEBUG   :     #06 pc 0000000000007648  /system/lib64/libinputflingerhost.so (_ZN7android12InputFlingerC1Ev+312)
07-10 00:32:54.627  5389  5389 F DEBUG   :     #07 pc 0000000000000cb4  /system/bin/inputflinger
07-10 00:32:54.627  5389  5389 F DEBUG   :     #08 pc 0000000000000c2c  /system/bin/inputflinger
07-10 00:32:54.627  5389  5389 F DEBUG   :     #09 pc 000000000001a514  /system/lib64/libc.so (__libc_init+88)
07-10 00:32:54.628  5389  5389 F DEBUG   :     #10 pc 0000000000000b38  /system/bin/inputflinger
07-10 00:32:54.673   893  1870 W NativeCrashListener: Couldn't find ProcessRecord for pid 5388
07-10 00:32:54.677   893   911 I BootReceiver: Copying /data/tombstones/tombstone_05 to DropBox (SYSTEM_TOMBSTONE)
07-10 00:32:58.007   893   946 I PowerManagerService: Going to sleep due to power button (uid 1000)...
07-10 00:32:58.531   893   914 I DisplayManagerService: Display device changed state: "Built-in Screen", OFF
07-10 00:32:58.851   893   916 I DreamManagerService: Entering dreamland.
07-10 00:32:58.851   893   916 I PowerManagerService: Dozing...
07-10 00:32:58.852   893   912 I DreamController: Starting dream: name=ComponentInfo{com.android.systemui/com.android.systemui.doze.DozeService}, isTest=false, canDoze=true, userId=0
07-10 00:32:59.559  5397  5397 F libc    : Fatal signal 6 (SIGABRT), code -6 in tid 5397 (inputflinger)
07-10 00:32:59.619  5398  5398 F DEBUG   : *** *** *** *** *** *** *** *** *** *** *** *** *** *** *** ***
07-10 00:32:59.620  5398  5398 F DEBUG   : Build fingerprint: 'Android/aosp_angler/angler:7.0/NRD90M/lvlian:userdebug/test-keys'
07-10 00:32:59.620  5398  5398 F DEBUG   : Revision: '0'
07-10 00:32:59.620  5398  5398 F DEBUG   : ABI: 'arm64'
07-10 00:32:59.621  5398  5398 F DEBUG   : pid: 5397, tid: 5397, name: inputflinger  >>> /system/bin/inputflinger <<<
07-10 00:32:59.621  5398  5398 F DEBUG   : signal 6 (SIGABRT), code -6 (SI_TKILL), fault addr --------
07-10 00:32:59.629  5398  5398 F DEBUG   : Abort message: 'Input module evdev not found'
07-10 00:32:59.629  5398  5398 F DEBUG   :     x0   0000000000000000  x1   0000000000001515  x2   0000000000000006  x3   0000000000000008
07-10 00:32:59.630  5398  5398 F DEBUG   :     x4   0000000000000000  x5   0000000000000000  x6   00000075a34bf000  x7   0000000000000000
07-10 00:32:59.630  5398  5398 F DEBUG   :     x8   0000000000000083  x9   ffffffffffffffdf  x10  0000000000000000  x11  0000000000000001
07-10 00:32:59.630  5398  5398 F DEBUG   :     x12  0000000000000018  x13  0000000000000000  x14  0000000000000000  x15  002152316e38ea87
07-10 00:32:59.630  5398  5398 F DEBUG   :     x16  00000075a32bced0  x17  00000075a3266a2c  x18  0000000000000000  x19  00000075a3572b40
07-10 00:32:59.630  5398  5398 F DEBUG   :     x20  0000000000000006  x21  00000075a3572a98  x22  0000000000000002  x23  00000075a31c0a74
07-10 00:32:59.631  5398  5398 F DEBUG   :     x24  0000000000000000  x25  0000000000000000  x26  0000000000000000  x27  0000000000000000
07-10 00:32:59.631  5398  5398 F DEBUG   :     x28  0000000000000000  x29  0000007fec704e80  x30  00000075a3263e58
07-10 00:32:59.631  5398  5398 F DEBUG   :     sp   0000007fec704e60  pc   00000075a3266a34  pstate 0000000060000000
07-10 00:32:59.640  5398  5398 F DEBUG   : 
07-10 00:32:59.640  5398  5398 F DEBUG   : backtrace:
07-10 00:32:59.640  5398  5398 F DEBUG   :     #00 pc 000000000006ba34  /system/lib64/libc.so (tgkill+8)
07-10 00:32:59.640  5398  5398 F DEBUG   :     #01 pc 0000000000068e54  /system/lib64/libc.so (pthread_kill+64)
07-10 00:32:59.640  5398  5398 F DEBUG   :     #02 pc 0000000000023ed8  /system/lib64/libc.so (raise+24)
07-10 00:32:59.640  5398  5398 F DEBUG   :     #03 pc 000000000001c790  /system/lib64/libc.so (abort+52)
07-10 00:32:59.640  5398  5398 F DEBUG   :     #04 pc 00000000000055ec  /system/lib64/liblog.so (__android_log_assert+224)
07-10 00:32:59.640  5398  5398 F DEBUG   :     #05 pc 00000000000080fc  /system/lib64/libinputflingerhost.so (_ZN7android11InputDriverC1EPKc+180)
07-10 00:32:59.641  5398  5398 F DEBUG   :     #06 pc 0000000000007648  /system/lib64/libinputflingerhost.so (_ZN7android12InputFlingerC1Ev+312)
07-10 00:32:59.641  5398  5398 F DEBUG   :     #07 pc 0000000000000cb4  /system/bin/inputflinger
07-10 00:32:59.641  5398  5398 F DEBUG   :     #08 pc 0000000000000c2c  /system/bin/inputflinger
07-10 00:32:59.641  5398  5398 F DEBUG   :     #09 pc 000000000001a514  /system/lib64/libc.so (__libc_init+88)
07-10 00:32:59.641  5398  5398 F DEBUG   :     #10 pc 0000000000000b38  /system/bin/inputflinger
07-10 00:32:59.689   893  1870 W NativeCrashListener: Couldn't find ProcessRecord for pid 5397
07-10 00:32:59.693   893   911 I BootReceiver: Copying /data/tombstones/tombstone_06 to DropBox (SYSTEM_TOMBSTONE)
07-10 00:33:04.752  5404  5404 F libc    : Fatal signal 6 (SIGABRT), code -6 in tid 5404 (inputflinger)
07-10 00:33:04.815  5405  5405 F DEBUG   : *** *** *** *** *** *** *** *** *** *** *** *** *** *** *** ***
07-10 00:33:04.815  5405  5405 F DEBUG   : Build fingerprint: 'Android/aosp_angler/angler:7.0/NRD90M/lvlian:userdebug/test-keys'
07-10 00:33:04.815  5405  5405 F DEBUG   : Revision: '0'
07-10 00:33:04.815  5405  5405 F DEBUG   : ABI: 'arm64'
07-10 00:33:04.816  5405  5405 F DEBUG   : pid: 5404, tid: 5404, name: inputflinger  >>> /system/bin/inputflinger <<<
07-10 00:33:04.816  5405  5405 F DEBUG   : signal 6 (SIGABRT), code -6 (SI_TKILL), fault addr --------
07-10 00:33:04.819  5405  5405 F DEBUG   : Abort message: 'Input module evdev not found'
07-10 00:33:04.819  5405  5405 F DEBUG   :     x0   0000000000000000  x1   000000000000151c  x2   0000000000000006  x3   0000000000000008
07-10 00:33:04.819  5405  5405 F DEBUG   :     x4   0000000000000000  x5   0000000000000000  x6   000000779d7a5000  x7   0000000000000000
07-10 00:33:04.819  5405  5405 F DEBUG   :     x8   0000000000000083  x9   ffffffffffffffdf  x10  0000000000000000  x11  0000000000000001
07-10 00:33:04.820  5405  5405 F DEBUG   :     x12  0000000000000018  x13  0000000000000000  x14  0000000000000000  x15  002cd6b57dba4b9d
07-10 00:33:04.820  5405  5405 F DEBUG   :     x16  000000779d677ed0  x17  000000779d621a2c  x18  0000000000000000  x19  000000779d858b40
07-10 00:33:04.820  5405  5405 F DEBUG   :     x20  0000000000000006  x21  000000779d858a98  x22  0000000000000002  x23  000000779d4ada74
07-10 00:33:04.820  5405  5405 F DEBUG   :     x24  0000000000000000  x25  0000000000000000  x26  0000000000000000  x27  0000000000000000
07-10 00:33:04.820  5405  5405 F DEBUG   :     x28  0000000000000000  x29  0000007fee26a880  x30  000000779d61ee58
07-10 00:33:04.820  5405  5405 F DEBUG   :     sp   0000007fee26a860  pc   000000779d621a34  pstate 0000000060000000
07-10 00:33:04.828  5405  5405 F DEBUG   : 
07-10 00:33:04.828  5405  5405 F DEBUG   : backtrace:
07-10 00:33:04.828  5405  5405 F DEBUG   :     #00 pc 000000000006ba34  /system/lib64/libc.so (tgkill+8)
07-10 00:33:04.829  5405  5405 F DEBUG   :     #01 pc 0000000000068e54  /system/lib64/libc.so (pthread_kill+64)
07-10 00:33:04.829  5405  5405 F DEBUG   :     #02 pc 0000000000023ed8  /system/lib64/libc.so (raise+24)
07-10 00:33:04.829  5405  5405 F DEBUG   :     #03 pc 000000000001c790  /system/lib64/libc.so (abort+52)
07-10 00:33:04.829  5405  5405 F DEBUG   :     #04 pc 00000000000055ec  /system/lib64/liblog.so (__android_log_assert+224)
07-10 00:33:04.829  5405  5405 F DEBUG   :     #05 pc 00000000000080fc  /system/lib64/libinputflingerhost.so (_ZN7android11InputDriverC1EPKc+180)
07-10 00:33:04.829  5405  5405 F DEBUG   :     #06 pc 0000000000007648  /system/lib64/libinputflingerhost.so (_ZN7android12InputFlingerC1Ev+312)
07-10 00:33:04.829  5405  5405 F DEBUG   :     #07 pc 0000000000000cb4  /system/bin/inputflinger
07-10 00:33:04.829  5405  5405 F DEBUG   :     #08 pc 0000000000000c2c  /system/bin/inputflinger
07-10 00:33:04.829  5405  5405 F DEBUG   :     #09 pc 000000000001a514  /system/lib64/libc.so (__libc_init+88)
07-10 00:33:04.829  5405  5405 F DEBUG   :     #10 pc 0000000000000b38  /system/bin/inputflinger
07-10 00:33:04.874   893  1870 W NativeCrashListener: Couldn't find ProcessRecord for pid 5404
07-10 00:33:04.878   893   911 I BootReceiver: Copying /data/tombstones/tombstone_07 to DropBox (SYSTEM_TOMBSTONE)
07-10 00:33:08.935  5410  5410 F libc    : Fatal signal 6 (SIGABRT), code -6 in tid 5410 (inputflinger)
07-10 00:33:08.994  5411  5411 F DEBUG   : *** *** *** *** *** *** *** *** *** *** *** *** *** *** *** ***
07-10 00:33:08.995  5411  5411 F DEBUG   : Build fingerprint: 'Android/aosp_angler/angler:7.0/NRD90M/lvlian:userdebug/test-keys'
07-10 00:33:08.996  5411  5411 F DEBUG   : Revision: '0'
07-10 00:33:08.996  5411  5411 F DEBUG   : ABI: 'arm64'
07-10 00:33:08.997  5411  5411 F DEBUG   : pid: 5410, tid: 5410, name: inputflinger  >>> /system/bin/inputflinger <<<
07-10 00:33:08.997  5411  5411 F DEBUG   : signal 6 (SIGABRT), code -6 (SI_TKILL), fault addr --------
07-10 00:33:09.003  5411  5411 F DEBUG   : Abort message: 'Input module evdev not found'
07-10 00:33:09.003  5411  5411 F DEBUG   :     x0   0000000000000000  x1   0000000000001522  x2   0000000000000006  x3   0000000000000008
07-10 00:33:09.004  5411  5411 F DEBUG   :     x4   0000000000000000  x5   0000000000000000  x6   00000075d4d9d000  x7   0000000000000000
07-10 00:33:09.004  5411  5411 F DEBUG   :     x8   0000000000000083  x9   ffffffffffffffdf  x10  0000000000000000  x11  0000000000000001
